port.c:303:13:prvPortStartFirstTask	0	static
port.c:727:13:vPortEnableVFP	0	static
port.c:232:14:pxPortInitialiseStack	0	static
port.c:284:6:SVC_Handler	0	static
port.c:434:6:vPortEndScheduler	8	static
port.c:442:6:vPortEnterCritical	8	static
port.c:459:6:vPortExitCritical	8	static
port.c:470:6:PendSV_Handler	0	static
port.c:527:6:SysTick_Handler	8	static
port.c:705:30:vPortSetupTimerInterrupt	0	static
port.c:329:12:xPortStartScheduler	16	static
port.c:743:7:vPortValidateInterruptPriority	8	static
