port.c:307:13:prvPortStartFirstTask	0	static
port.c:731:13:vPortEnableVFP	0	static
port.c:232:14:pxPortInitialiseStack	0	static
port.c:286:6:SVC_Handler	0	static
port.c:438:6:vPortEndScheduler	8	static
port.c:446:6:vPortEnterCritical	8	static
port.c:463:6:vPortExitCritical	8	static
port.c:474:6:PendSV_Handler	0	static
port.c:531:6:SysTick_Handler	8	static
port.c:709:30:vPortSetupTimerInterrupt	0	static
port.c:333:12:xPortStartScheduler	16	static
port.c:747:7:vPortValidateInterruptPriority	8	static
