main.c:298:5:main	104	static
main.c:495:6:vApplicationIdleHook	8	static
main.c:512:6:vAssertCalled	32	static
main.c:647:6:vApplicationCardDetectChangeHookFromISR	0	static
main.c:665:6:vApplicationIPNetworkEventHook	48	static
main.c:742:6:vApplicationMallocFailedHook	8	static
main.c:755:6:vApplicationStackOverflowHook	0	static
main.c:768:13:uxRand	24	static
main.c:805:6:vApplicationPingReplyHook	0	static
main.c:837:6:vOutputChar	0	static
main.c:843:13:pcApplicationHostnameHook	0	static
main.c:853:12:xApplicationDNSQueryHook	8	static
main.c:877:10:xGetRunTimeCounterValue	8	static
main.c:885:6:vApplicationTickHook	8	static
main.c:893:6:HAL_ETH_MspInit	56	static
