main.c:299:5:main	104	static
main.c:496:6:vApplicationIdleHook	8	static
main.c:513:6:vAssertCalled	32	static
main.c:370:14:prvServerWorkTask	24	static
main.c:645:6:vApplicationCardDetectChangeHookFromISR	8	static
main.c:663:6:vApplicationIPNetworkEventHook	48	static
main.c:740:6:vApplicationMallocFailedHook	8	static
main.c:753:6:vApplicationStackOverflowHook	0	static
main.c:766:13:uxRand	24	static
main.c:803:6:vApplicationPingReplyHook	0	static
main.c:835:6:vOutputChar	0	static
main.c:841:13:pcApplicationHostnameHook	0	static
main.c:851:12:xApplicationDNSQueryHook	8	static
main.c:875:10:xGetRunTimeCounterValue	8	static
main.c:883:6:vApplicationTickHook	8	static
main.c:891:6:HAL_ETH_MspInit	48	static
