FreeRTOS_TCP_WIN.c:378:23:xTCPWindowRxFind	4	static
FreeRTOS_TCP_WIN.c:531:23:xTCPWindowPeekHead	0	static
FreeRTOS_TCP_WIN.c:1152:20:prvTCPWindowTxHasSpace	16	static
FreeRTOS_TCP_WIN.c:505:23:xTCPWindowGetHead	8	static
FreeRTOS_TCP_WIN.c:316:6:vListInsertGeneric	0	static
FreeRTOS_TCP_WIN.c:555:14:vTCPWindowFree	8	static
FreeRTOS_TCP_WIN.c:1455:18:prvTCPWindowTxCheckAck	48	static
FreeRTOS_TCP_WIN.c:410:23:xTCPWindowNew	32	static
FreeRTOS_TCP_WIN.c:469:13:xTCPWindowRxEmpty	0	static
FreeRTOS_TCP_WIN.c:585:7:vTCPWindowDestroy	24	static
FreeRTOS_TCP_WIN.c:654:6:vTCPWindowInit	4	static
FreeRTOS_TCP_WIN.c:620:6:vTCPWindowCreate	40	static
FreeRTOS_TCP_WIN.c:783:10:lTCPWindowRxCheck	24	static
FreeRTOS_TCP_WIN.c:1020:10:lTCPWindowTxAdd	48	static
FreeRTOS_TCP_WIN.c:1142:13:xTCPWindowTxDone	0	static
FreeRTOS_TCP_WIN.c:1211:13:xTCPWindowTxHasData	24	static
FreeRTOS_TCP_WIN.c:1287:11:ulTCPWindowTxGet	32	static
FreeRTOS_TCP_WIN.c:1664:11:ulTCPWindowTxAck	8	static
FreeRTOS_TCP_WIN.c:1689:11:ulTCPWindowTxSack	40	static
