FreeRTOS_IP.c:767:19:prvIPTimerCheck	16	static
FreeRTOS_IP.c:548:12:xIsCallingFromIPTask	8	static
FreeRTOS_IP.c:817:12:FreeRTOS_NetworkDownFromISR	16	static
FreeRTOS_IP.c:838:7:FreeRTOS_GetUDPPayloadBuffer	8	static
FreeRTOS_IP.c:868:28:pxDuplicateNetworkBufferWithDescriptor	16	static
FreeRTOS_IP.c:928:28:pxUDPPayloadBuffer_to_NetworkBuffer	0	static
FreeRTOS_IP.c:966:6:FreeRTOS_ReleaseUDPPayloadBuffer	8	static
FreeRTOS_IP.c:976:12:FreeRTOS_IPInit	40	static
FreeRTOS_IP.c:1062:6:FreeRTOS_GetAddressConfiguration	4	static
FreeRTOS_IP.c:1088:6:FreeRTOS_SetAddressConfiguration	4	static
FreeRTOS_IP.c:1192:12:xSendEventStructToIPTask	16	static
FreeRTOS_IP.c:796:6:FreeRTOS_NetworkDown	8	static
FreeRTOS_IP.c:1116:13:FreeRTOS_SendPingRequest	32	static
FreeRTOS_IP.c:1180:12:xSendEventToIPTask	16	static
FreeRTOS_IP.c:1255:26:eConsiderFrameForProcessing	8	static
FreeRTOS_IP.c:1359:6:vIPNetworkUpCalls	16	static
FreeRTOS_IP.c:1917:10:usGenerateChecksum	20	static
FreeRTOS_IP.c:1769:10:usGenerateProtocolChecksum	24	static
FreeRTOS_IP.c:2033:6:vReturnEthernetFrame	16	static
FreeRTOS_IP.c:346:13:prvIPTask	72	static
FreeRTOS_IP.c:2081:10:FreeRTOS_GetIPAddress	0	static
FreeRTOS_IP.c:2088:6:FreeRTOS_SetIPAddress	0	static
FreeRTOS_IP.c:2095:10:FreeRTOS_GetGatewayAddress	0	static
FreeRTOS_IP.c:2101:10:FreeRTOS_GetDNSServerAddress	0	static
FreeRTOS_IP.c:2107:10:FreeRTOS_GetNetmask	0	static
FreeRTOS_IP.c:2113:17:FreeRTOS_GetMACAddress	0	static
FreeRTOS_IP.c:2119:6:FreeRTOS_SetNetmask	0	static
FreeRTOS_IP.c:2125:6:FreeRTOS_SetGatewayAddress	0	static
FreeRTOS_IP.c:2155:7:vIPSetDnsTimerEnableState	0	static
FreeRTOS_IP.c:2170:7:vIPReloadDNSTimer	16	static
FreeRTOS_IP.c:2177:12:xIPIsNetworkTaskReady	0	static
FreeRTOS_IP.c:2183:12:FreeRTOS_IsNetworkUp	0	static
