FreeRTOS_Sockets.c:211:19:prvValidSocket	0	static
FreeRTOS_Sockets.c:1705:27:pxListFindListItemWithValue	16	static
FreeRTOS_Sockets.c:610:28:prvFindSelectedSocket	24	static
FreeRTOS_Sockets.c:234:6:vNetworkSocketsInit	16	static
FreeRTOS_Sockets.c:323:10:FreeRTOS_socket	24	static
FreeRTOS_Sockets.c:423:14:FreeRTOS_CreateSocketSet	8	static
FreeRTOS_Sockets.c:449:7:FreeRTOS_DeleteSocketSet	8	static
FreeRTOS_Sockets.c:463:7:FreeRTOS_FD_SET	16	static
FreeRTOS_Sockets.c:495:7:FreeRTOS_FD_CLR	16	static
FreeRTOS_Sockets.c:521:14:FreeRTOS_FD_ISSET	16	static
FreeRTOS_Sockets.c:550:13:FreeRTOS_select	48	static
FreeRTOS_Sockets.c:650:9:FreeRTOS_recvfrom	56	static
FreeRTOS_Sockets.c:957:12:FreeRTOS_bind	24	static
FreeRTOS_Sockets.c:814:9:FreeRTOS_sendto	56	static
FreeRTOS_Sockets.c:1022:12:vSocketBind	56	static
FreeRTOS_Sockets.c:1142:12:FreeRTOS_closesocket	16	static
FreeRTOS_Sockets.c:1193:7:vSocketClose	16	static
FreeRTOS_Sockets.c:1730:20:pxUDPSocketLookup	8	static
FreeRTOS_Sockets.c:1754:11:FreeRTOS_inet_addr	32	static
FreeRTOS_Sockets.c:1843:8:FreeRTOS_GetLocalAddress	0	static
FreeRTOS_Sockets.c:1858:6:vSocketWakeUpUser	8	static
FreeRTOS_Sockets.c:2087:11:FreeRTOS_accept	80	static
FreeRTOS_Sockets.c:2213:13:FreeRTOS_recv	56	static
FreeRTOS_Sockets.c:2424:11:FreeRTOS_get_tx_head	4	static
FreeRTOS_Sockets.c:2455:13:FreeRTOS_send	72	static
FreeRTOS_Sockets.c:2638:13:FreeRTOS_listen	16	static
FreeRTOS_Sockets.c:2697:13:FreeRTOS_shutdown	8	static
FreeRTOS_Sockets.c:2741:13:xTCPTimerCheck	32	static
FreeRTOS_Sockets.c:2825:21:pxTCPSocketLookup	16	static
FreeRTOS_Sockets.c:2872:31:FreeRTOS_get_rx_buf	0	static
FreeRTOS_Sockets.c:2960:10:lTCPAddRxdata	32	static
FreeRTOS_Sockets.c:3086:13:FreeRTOS_GetRemoteAddress	4	static
FreeRTOS_Sockets.c:3119:13:FreeRTOS_maywrite	0	static
FreeRTOS_Sockets.c:3156:13:FreeRTOS_tx_space	0	static
FreeRTOS_Sockets.c:3185:13:FreeRTOS_tx_size	0	static
FreeRTOS_Sockets.c:1330:12:FreeRTOS_setsockopt	24	static
FreeRTOS_Sockets.c:3215:13:FreeRTOS_issocketconnected	0	static
FreeRTOS_Sockets.c:2010:13:FreeRTOS_connect	40	static
FreeRTOS_Sockets.c:3244:13:FreeRTOS_mss	0	static
FreeRTOS_Sockets.c:3270:13:FreeRTOS_connstatus	0	static
FreeRTOS_Sockets.c:3296:13:FreeRTOS_rx_size	0	static
FreeRTOS_Sockets.c:3322:7:FreeRTOS_netstat	16	static
FreeRTOS_Sockets.c:3339:7:vTCPNetStat	88	static
FreeRTOS_Sockets.c:3414:7:vSocketSelect	56	static
FreeRTOS_Sockets.c:3576:13:FreeRTOS_SignalSocket	8	static
FreeRTOS_Sockets.c:3613:13:FreeRTOS_SignalSocketFromISR	24	static
