FreeRTOS_IP.c:743:13:prvIPTimerStart	16	static
FreeRTOS_IP.c:768:19:prvIPTimerCheck	8	static
FreeRTOS_IP.c:549:12:xIsCallingFromIPTask	8	static
FreeRTOS_IP.c:818:12:FreeRTOS_NetworkDownFromISR	16	static
FreeRTOS_IP.c:839:7:FreeRTOS_GetUDPPayloadBuffer	8	static
FreeRTOS_IP.c:869:28:pxDuplicateNetworkBufferWithDescriptor	16	static
FreeRTOS_IP.c:929:28:pxUDPPayloadBuffer_to_NetworkBuffer	0	static
FreeRTOS_IP.c:967:6:FreeRTOS_ReleaseUDPPayloadBuffer	8	static
FreeRTOS_IP.c:977:12:FreeRTOS_IPInit	32	static
FreeRTOS_IP.c:1063:6:FreeRTOS_GetAddressConfiguration	4	static
FreeRTOS_IP.c:1089:6:FreeRTOS_SetAddressConfiguration	4	static
FreeRTOS_IP.c:1193:12:xSendEventStructToIPTask	16	static
FreeRTOS_IP.c:797:6:FreeRTOS_NetworkDown	8	static
FreeRTOS_IP.c:1117:13:FreeRTOS_SendPingRequest	32	static
FreeRTOS_IP.c:1181:12:xSendEventToIPTask	16	static
FreeRTOS_IP.c:1256:26:eConsiderFrameForProcessing	8	static
FreeRTOS_IP.c:1360:6:vIPNetworkUpCalls	8	static
FreeRTOS_IP.c:1918:10:usGenerateChecksum	20	static
FreeRTOS_IP.c:1770:10:usGenerateProtocolChecksum	24	static
FreeRTOS_IP.c:2034:6:vReturnEthernetFrame	16	static
FreeRTOS_IP.c:347:13:prvIPTask	72	static
FreeRTOS_IP.c:2082:10:FreeRTOS_GetIPAddress	0	static
FreeRTOS_IP.c:2089:6:FreeRTOS_SetIPAddress	0	static
FreeRTOS_IP.c:2096:10:FreeRTOS_GetGatewayAddress	0	static
FreeRTOS_IP.c:2102:10:FreeRTOS_GetDNSServerAddress	0	static
FreeRTOS_IP.c:2108:10:FreeRTOS_GetNetmask	0	static
FreeRTOS_IP.c:2114:17:FreeRTOS_GetMACAddress	0	static
FreeRTOS_IP.c:2120:6:FreeRTOS_SetNetmask	0	static
FreeRTOS_IP.c:2126:6:FreeRTOS_SetGatewayAddress	0	static
FreeRTOS_IP.c:2133:7:vIPSetDHCPTimerEnableState	0	static
FreeRTOS_IP.c:2148:7:vIPReloadDHCPTimer	8	static
FreeRTOS_IP.c:2156:7:vIPSetDnsTimerEnableState	0	static
FreeRTOS_IP.c:2171:7:vIPReloadDNSTimer	8	static
FreeRTOS_IP.c:2178:12:xIPIsNetworkTaskReady	0	static
FreeRTOS_IP.c:2184:12:FreeRTOS_IsNetworkUp	0	static
