stm32f4xx_hal_tim.c:4718:13:TIM_OC1_SetConfig	12	static
stm32f4xx_hal_tim.c:4783:13:TIM_OC3_SetConfig	12	static
stm32f4xx_hal_tim.c:4851:13:TIM_OC4_SetConfig	8	static
stm32f4xx_hal_tim.c:4909:13:TIM_SlaveTimer_SetConfig	8	static
stm32f4xx_hal_tim.c:273:13:HAL_TIM_Base_MspInit	0	static
stm32f4xx_hal_tim.c:286:13:HAL_TIM_Base_MspDeInit	0	static
stm32f4xx_hal_tim.c:245:19:HAL_TIM_Base_DeInit	8	static
stm32f4xx_hal_tim.c:299:19:HAL_TIM_Base_Start	0	static
stm32f4xx_hal_tim.c:323:19:HAL_TIM_Base_Stop	0	static
stm32f4xx_hal_tim.c:347:19:HAL_TIM_Base_Start_IT	0	static
stm32f4xx_hal_tim.c:368:19:HAL_TIM_Base_Stop_IT	0	static
stm32f4xx_hal_tim.c:390:19:HAL_TIM_Base_Start_DMA	16	static
stm32f4xx_hal_tim.c:435:19:HAL_TIM_Base_Stop_DMA	0	static
stm32f4xx_hal_tim.c:549:13:HAL_TIM_OC_MspInit	0	static
stm32f4xx_hal_tim.c:562:13:HAL_TIM_OC_MspDeInit	0	static
stm32f4xx_hal_tim.c:521:19:HAL_TIM_OC_DeInit	8	static
stm32f4xx_hal_tim.c:1055:13:HAL_TIM_PWM_MspInit	0	static
stm32f4xx_hal_tim.c:1068:13:HAL_TIM_PWM_MspDeInit	0	static
stm32f4xx_hal_tim.c:1027:19:HAL_TIM_PWM_DeInit	8	static
stm32f4xx_hal_tim.c:1564:13:HAL_TIM_IC_MspInit	0	static
stm32f4xx_hal_tim.c:1577:13:HAL_TIM_IC_MspDeInit	0	static
stm32f4xx_hal_tim.c:1536:19:HAL_TIM_IC_DeInit	8	static
stm32f4xx_hal_tim.c:2047:13:HAL_TIM_OnePulse_MspInit	0	static
stm32f4xx_hal_tim.c:2060:13:HAL_TIM_OnePulse_MspDeInit	0	static
stm32f4xx_hal_tim.c:2019:19:HAL_TIM_OnePulse_DeInit	8	static
stm32f4xx_hal_tim.c:2360:13:HAL_TIM_Encoder_MspInit	0	static
stm32f4xx_hal_tim.c:2373:13:HAL_TIM_Encoder_MspDeInit	0	static
stm32f4xx_hal_tim.c:2332:19:HAL_TIM_Encoder_DeInit	8	static
stm32f4xx_hal_tim.c:3337:19:HAL_TIM_DMABurst_WriteStart	24	static
stm32f4xx_hal_tim.c:3469:19:HAL_TIM_DMABurst_WriteStop	16	static
stm32f4xx_hal_tim.c:3562:19:HAL_TIM_DMABurst_ReadStart	24	static
stm32f4xx_hal_tim.c:3695:19:HAL_TIM_DMABurst_ReadStop	16	static
stm32f4xx_hal_tim.c:3768:19:HAL_TIM_GenerateEvent	0	static
stm32f4xx_hal_tim.c:3806:19:HAL_TIM_ConfigOCrefClear	12	static
stm32f4xx_hal_tim.c:3909:19:HAL_TIM_ConfigClockSource	12	static
stm32f4xx_hal_tim.c:4047:19:HAL_TIM_ConfigTI1Input	0	static
stm32f4xx_hal_tim.c:4080:19:HAL_TIM_SlaveConfigSynchronization	16	static
stm32f4xx_hal_tim.c:4115:19:HAL_TIM_SlaveConfigSynchronization_IT	16	static
stm32f4xx_hal_tim.c:4154:10:HAL_TIM_ReadCapturedValue	0	static
stm32f4xx_hal_tim.c:4241:13:HAL_TIM_PeriodElapsedCallback	0	static
stm32f4xx_hal_tim.c:4688:13:TIM_DMAPeriodElapsedCplt	8	static
stm32f4xx_hal_tim.c:4254:13:HAL_TIM_OC_DelayElapsedCallback	0	static
stm32f4xx_hal_tim.c:4266:13:HAL_TIM_IC_CaptureCallback	0	static
stm32f4xx_hal_tim.c:4624:6:TIM_DMACaptureCplt	8	static
stm32f4xx_hal_tim.c:4279:13:HAL_TIM_PWM_PulseFinishedCallback	0	static
stm32f4xx_hal_tim.c:4575:6:TIM_DMADelayPulseCplt	8	static
stm32f4xx_hal_tim.c:4292:13:HAL_TIM_TriggerCallback	0	static
stm32f4xx_hal_tim.c:2763:6:HAL_TIM_IRQHandler	8	static
stm32f4xx_hal_tim.c:4703:13:TIM_DMATriggerCplt	8	static
stm32f4xx_hal_tim.c:4305:13:HAL_TIM_ErrorCallback	0	static
stm32f4xx_hal_tim.c:4609:6:TIM_DMAError	8	static
stm32f4xx_hal_tim.c:4336:22:HAL_TIM_Base_GetState	0	static
stm32f4xx_hal_tim.c:4347:22:HAL_TIM_OC_GetState	0	static
stm32f4xx_hal_tim.c:4358:22:HAL_TIM_PWM_GetState	0	static
stm32f4xx_hal_tim.c:4369:22:HAL_TIM_IC_GetState	0	static
stm32f4xx_hal_tim.c:4380:22:HAL_TIM_OnePulse_GetState	0	static
stm32f4xx_hal_tim.c:4391:22:HAL_TIM_Encoder_GetState	0	static
stm32f4xx_hal_tim.c:4405:6:TIM_Base_SetConfig	0	static
stm32f4xx_hal_tim.c:208:19:HAL_TIM_Base_Init	8	static
stm32f4xx_hal_tim.c:484:19:HAL_TIM_OC_Init	8	static
stm32f4xx_hal_tim.c:990:19:HAL_TIM_PWM_Init	8	static
stm32f4xx_hal_tim.c:1499:19:HAL_TIM_IC_Init	8	static
stm32f4xx_hal_tim.c:1975:19:HAL_TIM_OnePulse_Init	16	static
stm32f4xx_hal_tim.c:2245:19:HAL_TIM_Encoder_Init	24	static
stm32f4xx_hal_tim.c:4464:6:TIM_TI1_SetConfig	12	static
stm32f4xx_hal_tim.c:2999:19:HAL_TIM_IC_ConfigChannel	24	static
stm32f4xx_hal_tim.c:4506:6:TIM_OC2_SetConfig	12	static
stm32f4xx_hal_tim.c:2926:19:HAL_TIM_OC_ConfigChannel	8	static
stm32f4xx_hal_tim.c:3096:19:HAL_TIM_PWM_ConfigChannel	16	static
stm32f4xx_hal_tim.c:3200:19:HAL_TIM_OnePulse_ConfigChannel	48	static
stm32f4xx_hal_tim.c:4665:6:TIM_CCxChannelCmd	4	static
stm32f4xx_hal_tim.c:581:19:HAL_TIM_OC_Start	8	static
stm32f4xx_hal_tim.c:614:19:HAL_TIM_OC_Stop	8	static
stm32f4xx_hal_tim.c:647:19:HAL_TIM_OC_Start_IT	8	static
stm32f4xx_hal_tim.c:714:19:HAL_TIM_OC_Stop_IT	8	static
stm32f4xx_hal_tim.c:783:19:HAL_TIM_OC_Start_DMA	16	static
stm32f4xx_hal_tim.c:901:19:HAL_TIM_OC_Stop_DMA	8	static
stm32f4xx_hal_tim.c:1087:19:HAL_TIM_PWM_Start	8	static
stm32f4xx_hal_tim.c:1120:19:HAL_TIM_PWM_Stop	8	static
stm32f4xx_hal_tim.c:1156:19:HAL_TIM_PWM_Start_IT	8	static
stm32f4xx_hal_tim.c:1223:19:HAL_TIM_PWM_Stop_IT	8	static
stm32f4xx_hal_tim.c:1292:19:HAL_TIM_PWM_Start_DMA	16	static
stm32f4xx_hal_tim.c:1410:19:HAL_TIM_PWM_Stop_DMA	8	static
stm32f4xx_hal_tim.c:1596:19:HAL_TIM_IC_Start	8	static
stm32f4xx_hal_tim.c:1623:19:HAL_TIM_IC_Stop	8	static
stm32f4xx_hal_tim.c:1650:19:HAL_TIM_IC_Start_IT	8	static
stm32f4xx_hal_tim.c:1710:19:HAL_TIM_IC_Stop_IT	8	static
stm32f4xx_hal_tim.c:1773:19:HAL_TIM_IC_Start_DMA	16	static
stm32f4xx_hal_tim.c:1887:19:HAL_TIM_IC_Stop_DMA	8	static
stm32f4xx_hal_tim.c:2077:19:HAL_TIM_OnePulse_Start	8	static
stm32f4xx_hal_tim.c:2111:19:HAL_TIM_OnePulse_Stop	8	static
stm32f4xx_hal_tim.c:2145:19:HAL_TIM_OnePulse_Start_IT	8	static
stm32f4xx_hal_tim.c:2185:19:HAL_TIM_OnePulse_Stop_IT	8	static
stm32f4xx_hal_tim.c:2391:19:HAL_TIM_Encoder_Start	8	static
stm32f4xx_hal_tim.c:2434:19:HAL_TIM_Encoder_Stop	8	static
stm32f4xx_hal_tim.c:2478:19:HAL_TIM_Encoder_Start_IT	8	static
stm32f4xx_hal_tim.c:2527:19:HAL_TIM_Encoder_Stop_IT	8	static
stm32f4xx_hal_tim.c:2582:19:HAL_TIM_Encoder_Start_DMA	24	static
stm32f4xx_hal_tim.c:2700:19:HAL_TIM_Encoder_Stop_DMA	8	static
