stm32f4xx_hal_tim_ex.c:1835:13:TIM_CCxNChannelCmd	4	static
stm32f4xx_hal_tim_ex.c:260:13:HAL_TIMEx_HallSensor_MspInit	0	static
stm32f4xx_hal_tim_ex.c:159:19:HAL_TIMEx_HallSensor_Init	48	static
stm32f4xx_hal_tim_ex.c:273:13:HAL_TIMEx_HallSensor_MspDeInit	0	static
stm32f4xx_hal_tim_ex.c:232:19:HAL_TIMEx_HallSensor_DeInit	8	static
stm32f4xx_hal_tim_ex.c:286:19:HAL_TIMEx_HallSensor_Start	8	static
stm32f4xx_hal_tim_ex.c:308:19:HAL_TIMEx_HallSensor_Stop	8	static
stm32f4xx_hal_tim_ex.c:330:19:HAL_TIMEx_HallSensor_Start_IT	8	static
stm32f4xx_hal_tim_ex.c:355:19:HAL_TIMEx_HallSensor_Stop_IT	8	static
stm32f4xx_hal_tim_ex.c:382:19:HAL_TIMEx_HallSensor_Start_DMA	16	static
stm32f4xx_hal_tim_ex.c:430:19:HAL_TIMEx_HallSensor_Stop_DMA	8	static
stm32f4xx_hal_tim_ex.c:486:19:HAL_TIMEx_OCN_Start	8	static
stm32f4xx_hal_tim_ex.c:517:19:HAL_TIMEx_OCN_Stop	8	static
stm32f4xx_hal_tim_ex.c:548:19:HAL_TIMEx_OCN_Start_IT	8	static
stm32f4xx_hal_tim_ex.c:616:19:HAL_TIMEx_OCN_Stop_IT	8	static
stm32f4xx_hal_tim_ex.c:689:19:HAL_TIMEx_OCN_Start_DMA	16	static
stm32f4xx_hal_tim_ex.c:805:19:HAL_TIMEx_OCN_Stop_DMA	8	static
stm32f4xx_hal_tim_ex.c:905:19:HAL_TIMEx_PWMN_Start	8	static
stm32f4xx_hal_tim_ex.c:935:19:HAL_TIMEx_PWMN_Stop	8	static
stm32f4xx_hal_tim_ex.c:966:19:HAL_TIMEx_PWMN_Start_IT	8	static
stm32f4xx_hal_tim_ex.c:1034:19:HAL_TIMEx_PWMN_Stop_IT	8	static
stm32f4xx_hal_tim_ex.c:1107:19:HAL_TIMEx_PWMN_Start_DMA	16	static
stm32f4xx_hal_tim_ex.c:1223:19:HAL_TIMEx_PWMN_Stop_DMA	8	static
stm32f4xx_hal_tim_ex.c:1311:19:HAL_TIMEx_OnePulseN_Start	8	static
stm32f4xx_hal_tim_ex.c:1337:19:HAL_TIMEx_OnePulseN_Stop	8	static
stm32f4xx_hal_tim_ex.c:1367:19:HAL_TIMEx_OnePulseN_Start_IT	8	static
stm32f4xx_hal_tim_ex.c:1399:19:HAL_TIMEx_OnePulseN_Stop_IT	8	static
stm32f4xx_hal_tim_ex.c:1468:19:HAL_TIMEx_ConfigCommutationEvent	4	static
stm32f4xx_hal_tim_ex.c:1518:19:HAL_TIMEx_ConfigCommutationEvent_IT	4	static
stm32f4xx_hal_tim_ex.c:1572:19:HAL_TIMEx_ConfigCommutationEvent_DMA	4	static
stm32f4xx_hal_tim_ex.c:1617:19:HAL_TIMEx_MasterConfigSynchronization	8	static
stm32f4xx_hal_tim_ex.c:1654:19:HAL_TIMEx_ConfigBreakDeadTime	8	static
stm32f4xx_hal_tim_ex.c:1709:19:HAL_TIMEx_RemapConfig	0	static
stm32f4xx_hal_tim_ex.c:1752:13:HAL_TIMEx_CommutationCallback	0	static
stm32f4xx_hal_tim_ex.c:1811:6:TIMEx_DMACommutationCplt	8	static
stm32f4xx_hal_tim_ex.c:1765:13:HAL_TIMEx_BreakCallback	0	static
stm32f4xx_hal_tim_ex.c:1796:22:HAL_TIMEx_HallSensor_GetState	0	static
