stm32f4xx_ll_sdmmc.c:213:19:SDIO_Init	4	static
stm32f4xx_ll_sdmmc.c:265:10:SDIO_ReadFIFO	0	static
stm32f4xx_ll_sdmmc.c:277:19:SDIO_WriteFIFO	0	static
stm32f4xx_ll_sdmmc.c:309:19:SDIO_PowerState_ON	0	static
stm32f4xx_ll_sdmmc.c:322:19:SDIO_PowerState_OFF	0	static
stm32f4xx_ll_sdmmc.c:339:10:SDIO_GetPowerState	0	static
stm32f4xx_ll_sdmmc.c:352:19:SDIO_SendCommand	4	static
stm32f4xx_ll_sdmmc.c:382:9:SDIO_GetCommandResponse	0	static
stm32f4xx_ll_sdmmc.c:398:10:SDIO_GetResponse	8	static
stm32f4xx_ll_sdmmc.c:419:19:SDIO_DataConfig	4	static
stm32f4xx_ll_sdmmc.c:456:10:SDIO_GetDataCounter	0	static
stm32f4xx_ll_sdmmc.c:466:10:SDIO_GetFIFOCount	0	static
stm32f4xx_ll_sdmmc.c:480:19:SDIO_SetSDIOReadWaitMode	0	static
