stm32f4xx_hal_nor.c:192:13:HAL_NOR_MspInit	0	static
stm32f4xx_hal_nor.c:131:19:HAL_NOR_Init	16	static
stm32f4xx_hal_nor.c:205:13:HAL_NOR_MspDeInit	0	static
stm32f4xx_hal_nor.c:169:19:HAL_NOR_DeInit	8	static
stm32f4xx_hal_nor.c:219:13:HAL_NOR_MspWait	0	static
stm32f4xx_hal_nor.c:250:19:HAL_NOR_Read_ID	0	static
stm32f4xx_hal_nor.c:309:19:HAL_NOR_ReturnToReadMode	0	static
stm32f4xx_hal_nor.c:358:19:HAL_NOR_Read	4	static
stm32f4xx_hal_nor.c:416:19:HAL_NOR_Program	4	static
stm32f4xx_hal_nor.c:476:19:HAL_NOR_ReadBuffer	8	static
stm32f4xx_hal_nor.c:541:19:HAL_NOR_ProgramBuffer	16	static
stm32f4xx_hal_nor.c:621:19:HAL_NOR_Erase_Block	12	static
stm32f4xx_hal_nor.c:679:19:HAL_NOR_Erase_Chip	4	static
stm32f4xx_hal_nor.c:736:19:HAL_NOR_Read_CFI	0	static
stm32f4xx_hal_nor.c:812:19:HAL_NOR_WriteOperation_Enable	16	static
stm32f4xx_hal_nor.c:834:19:HAL_NOR_WriteOperation_Disable	8	static
stm32f4xx_hal_nor.c:878:22:HAL_NOR_GetState	0	static
stm32f4xx_hal_nor.c:891:23:HAL_NOR_GetStatus	24	static
