stm32f4xx_hal_flash.c:646:13:FLASH_Program_Word	0	static
stm32f4xx_hal_flash.c:671:13:FLASH_Program_HalfWord	0	static
stm32f4xx_hal_flash.c:713:13:FLASH_SetErrorCode	0	static
stm32f4xx_hal_flash.c:233:19:HAL_FLASH_Program_IT	16	static
stm32f4xx_hal_flash.c:411:13:HAL_FLASH_EndOfOperationCallback	0	static
stm32f4xx_hal_flash.c:426:13:HAL_FLASH_OperationErrorCallback	0	static
stm32f4xx_hal_flash.c:284:6:HAL_FLASH_IRQHandler	8	static
stm32f4xx_hal_flash.c:456:19:HAL_FLASH_Unlock	0	static
stm32f4xx_hal_flash.c:476:19:HAL_FLASH_Lock	0	static
stm32f4xx_hal_flash.c:488:19:HAL_FLASH_OB_Unlock	0	static
stm32f4xx_hal_flash.c:508:19:HAL_FLASH_OB_Lock	0	static
stm32f4xx_hal_flash.c:557:10:HAL_FLASH_GetError	0	static
stm32f4xx_hal_flash.c:571:19:FLASH_WaitForLastOperation	16	static
stm32f4xx_hal_flash.c:175:19:HAL_FLASH_Program	24	static
stm32f4xx_hal_flash.c:520:19:HAL_FLASH_OB_Launch	8	static
