stm32f4xx_hal_rcc.c:238:6:HAL_RCC_DeInit	0	static
stm32f4xx_hal_rcc.c:272:19:HAL_RCC_OscConfig	24	static
stm32f4xx_hal_rcc.c:622:19:HAL_RCC_ClockConfig	24	static
stm32f4xx_hal_rcc.c:878:6:HAL_RCC_MCOConfig	40	static
stm32f4xx_hal_rcc.c:932:6:HAL_RCC_EnableCSS	0	static
stm32f4xx_hal_rcc.c:941:6:HAL_RCC_DisableCSS	0	static
stm32f4xx_hal_rcc.c:976:10:HAL_RCC_GetSysClockFreq	0	static
stm32f4xx_hal_rcc.c:1032:10:HAL_RCC_GetHCLKFreq	8	static
stm32f4xx_hal_rcc.c:1044:10:HAL_RCC_GetPCLK1Freq	8	static
stm32f4xx_hal_rcc.c:1056:10:HAL_RCC_GetPCLK2Freq	8	static
stm32f4xx_hal_rcc.c:1069:6:HAL_RCC_GetOscConfig	4	static
stm32f4xx_hal_rcc.c:1148:6:HAL_RCC_GetClockConfig	0	static
stm32f4xx_hal_rcc.c:1191:13:HAL_RCC_CSSCallback	0	static
stm32f4xx_hal_rcc.c:1174:6:HAL_RCC_NMI_IRQHandler	8	static
