stm32f4xx_hal_eth.c:1115:13:prvWriteMACCR	16	static
stm32f4xx_hal_eth.c:1100:13:prvWriteDMAOMR	16	static
stm32f4xx_hal_eth.c:1793:13:ETH_FlushTransmitFIFO	16	static
stm32f4xx_hal_eth.c:311:19:HAL_ETH_DMATxDescListInit	28	static
stm32f4xx_hal_eth.c:380:19:HAL_ETH_DMARxDescListInit	24	static
stm32f4xx_hal_eth.c:447:13:HAL_ETH_MspInit	0	static
stm32f4xx_hal_eth.c:184:19:HAL_ETH_Init	16	static
stm32f4xx_hal_eth.c:460:13:HAL_ETH_MspDeInit	0	static
stm32f4xx_hal_eth.c:284:19:HAL_ETH_DeInit	8	static
stm32f4xx_hal_eth.c:501:19:HAL_ETH_TransmitFrame	20	static
stm32f4xx_hal_eth.c:613:19:HAL_ETH_GetReceivedFrame	12	static
stm32f4xx_hal_eth.c:608:19:HAL_ETH_GetReceivedFrame_IT	8	static
stm32f4xx_hal_eth.c:777:13:HAL_ETH_TxCpltCallback	0	static
stm32f4xx_hal_eth.c:790:13:HAL_ETH_RxCpltCallback	0	static
stm32f4xx_hal_eth.c:803:13:HAL_ETH_ErrorCallback	0	static
stm32f4xx_hal_eth.c:722:6:HAL_ETH_IRQHandler	16	static
stm32f4xx_hal_eth.c:822:19:HAL_ETH_ReadPHYRegister	16	static
stm32f4xx_hal_eth.c:908:19:HAL_ETH_WritePHYRegister	16	static
stm32f4xx_hal_eth.c:1013:19:HAL_ETH_Start	32	static
stm32f4xx_hal_eth.c:1052:19:HAL_ETH_Stop	32	static
stm32f4xx_hal_eth.c:1137:19:HAL_ETH_ConfigMAC	16	static
stm32f4xx_hal_eth.c:1289:19:HAL_ETH_ConfigDMA	16	static
stm32f4xx_hal_eth.c:1391:22:HAL_ETH_GetState	0	static
