queue.c:1723:19:prvCopyDataToQueue	16	static
queue.c:1802:13:prvCopyDataFromQueue	8	static
queue.c:1820:13:prvUnlockQueue	16	static
queue.c:279:12:xQueueGenericReset	16	static
queue.c:386:16:xQueueGenericCreate	24	static
queue.c:723:16:xQueueCreateCountingSemaphore	16	static
queue.c:749:12:xQueueGenericSend	48	static
queue.c:506:16:xQueueCreateMutex	8	static
queue.c:598:13:xQueueGiveMutexRecursive	16	static
queue.c:947:12:xQueueGenericSendFromISR	32	static
queue.c:1098:12:xQueueGiveFromISR	16	static
queue.c:1263:12:xQueueGenericReceive	48	static
queue.c:653:13:xQueueTakeMutexRecursive	16	static
queue.c:1460:12:xQueueReceiveFromISR	32	static
queue.c:1551:12:xQueuePeekFromISR	24	static
queue.c:1605:13:uxQueueMessagesWaiting	8	static
queue.c:1621:13:uxQueueSpacesAvailable	16	static
queue.c:1639:13:uxQueueMessagesWaitingFromISR	8	static
queue.c:1695:14:uxQueueGetQueueNumber	0	static
queue.c:1705:7:vQueueSetQueueNumber	0	static
queue.c:1715:10:ucQueueGetQueueType	0	static
queue.c:1961:12:xQueueIsQueueEmptyFromISR	8	static
queue.c:2000:12:xQueueIsQueueFullFromISR	8	static
queue.c:2295:7:vQueueAddToRegistry	4	static
queue.c:2324:14:pcQueueGetName	0	static
queue.c:2352:7:vQueueUnregisterQueue	0	static
queue.c:1651:6:vQueueDelete	8	static
