tasks.c:3627:13:prvResetNextTaskUnblockTime	0	static
tasks.c:1656:20:prvTaskIsTaskSuspended	8	static
tasks.c:4684:13:prvAddCurrentTaskToDelayedList	16	static
tasks.c:3908:15:prvWriteNameToBuffer	8	static
tasks.c:676:13:xTaskCreate	48	static
tasks.c:1048:7:vTaskDelete	16	static
tasks.c:1269:13:eTaskGetState	16	static
tasks.c:1340:14:uxTaskPriorityGet	8	static
tasks.c:1362:14:uxTaskPriorityGetFromISR	8	static
tasks.c:1402:7:vTaskPrioritySet	24	static
tasks.c:1702:7:vTaskResume	16	static
tasks.c:1756:13:xTaskResumeFromISR	24	static
tasks.c:1826:6:vTaskStartScheduler	16	static
tasks.c:1936:6:vTaskEndScheduler	8	static
tasks.c:1947:6:vTaskSuspendAll	0	static
tasks.c:2130:12:xTaskGetTickCount	0	static
tasks.c:2145:12:xTaskGetTickCountFromISR	8	static
tasks.c:2176:13:uxTaskGetNumberOfTasks	0	static
tasks.c:2184:7:pcTaskGetName	8	static
tasks.c:2502:12:xTaskIncrementTick	32	static
tasks.c:2020:12:xTaskResumeAll	24	static
tasks.c:1224:7:vTaskDelay	8	static
tasks.c:3123:8:prvIdleTask	8	static
tasks.c:2764:6:vTaskSwitchContext	8	static
tasks.c:1566:7:vTaskSuspend	16	static
tasks.c:2823:6:vTaskPlaceOnEventList	16	static
tasks.c:2840:6:vTaskPlaceOnUnorderedEventList	16	static
tasks.c:2897:12:xTaskRemoveFromEventList	16	static
tasks.c:2965:6:vTaskRemoveFromUnorderedEventList	16	static
tasks.c:2999:6:vTaskSetTimeOutState	8	static
tasks.c:3007:12:xTaskCheckForTimeOut	16	static
tasks.c:3068:6:vTaskMissedYield	0	static
tasks.c:3076:14:uxTaskGetTaskNumber	0	static
tasks.c:3099:7:vTaskSetTaskNumber	0	static
tasks.c:3272:7:vTaskSetThreadLocalStoragePointer	0	static
tasks.c:3288:8:pvTaskGetThreadLocalStoragePointer	0	static
tasks.c:3403:7:vTaskGetInfo	24	static
tasks.c:3492:21:prvListTasksWithinSingleList	40	static
tasks.c:2324:14:uxTaskGetSystemState	32	static
tasks.c:3653:15:xTaskGetCurrentTaskHandle	0	static
tasks.c:3670:13:xTaskGetSchedulerState	0	static
tasks.c:3698:7:vTaskPriorityInherit	16	static
tasks.c:3764:13:xTaskPriorityDisinherit	16	static
tasks.c:3934:7:vTaskList	48	static
tasks.c:4029:7:vTaskGetRunTimeStats	40	static
tasks.c:4154:12:uxTaskResetEventItemValue	0	static
tasks.c:4170:8:pvTaskIncrementMutexHeldCount	0	static
tasks.c:4187:11:ulTaskNotifyTake	16	static
tasks.c:4255:13:xTaskNotifyWait	24	static
tasks.c:4335:13:xTaskGenericNotify	24	static
tasks.c:4441:13:xTaskGenericNotifyFromISR	24	static
tasks.c:4565:7:vTaskNotifyGiveFromISR	24	static
tasks.c:4654:13:xTaskNotifyStateClear	8	static
