tasks.c:3567:13:prvResetNextTaskUnblockTime	0	static
tasks.c:1596:20:prvTaskIsTaskSuspended	8	static
tasks.c:4624:13:prvAddCurrentTaskToDelayedList	16	static
tasks.c:3848:15:prvWriteNameToBuffer	8	static
tasks.c:615:13:xTaskCreate	48	static
tasks.c:988:7:vTaskDelete	16	static
tasks.c:1209:13:eTaskGetState	16	static
tasks.c:1280:14:uxTaskPriorityGet	8	static
tasks.c:1302:14:uxTaskPriorityGetFromISR	8	static
tasks.c:1342:7:vTaskPrioritySet	24	static
tasks.c:1642:7:vTaskResume	16	static
tasks.c:1696:13:xTaskResumeFromISR	24	static
tasks.c:1766:6:vTaskStartScheduler	16	static
tasks.c:1876:6:vTaskEndScheduler	8	static
tasks.c:1887:6:vTaskSuspendAll	0	static
tasks.c:2070:12:xTaskGetTickCount	0	static
tasks.c:2085:12:xTaskGetTickCountFromISR	8	static
tasks.c:2116:13:uxTaskGetNumberOfTasks	0	static
tasks.c:2124:7:pcTaskGetName	8	static
tasks.c:2442:12:xTaskIncrementTick	32	static
tasks.c:1960:12:xTaskResumeAll	24	static
tasks.c:1164:7:vTaskDelay	8	static
tasks.c:3063:8:prvIdleTask	8	static
tasks.c:2704:6:vTaskSwitchContext	8	static
tasks.c:1506:7:vTaskSuspend	16	static
tasks.c:2763:6:vTaskPlaceOnEventList	16	static
tasks.c:2780:6:vTaskPlaceOnUnorderedEventList	16	static
tasks.c:2837:12:xTaskRemoveFromEventList	16	static
tasks.c:2905:6:vTaskRemoveFromUnorderedEventList	16	static
tasks.c:2939:6:vTaskSetTimeOutState	8	static
tasks.c:2947:12:xTaskCheckForTimeOut	16	static
tasks.c:3008:6:vTaskMissedYield	0	static
tasks.c:3016:14:uxTaskGetTaskNumber	0	static
tasks.c:3039:7:vTaskSetTaskNumber	0	static
tasks.c:3212:7:vTaskSetThreadLocalStoragePointer	0	static
tasks.c:3228:8:pvTaskGetThreadLocalStoragePointer	0	static
tasks.c:3343:7:vTaskGetInfo	24	static
tasks.c:3432:21:prvListTasksWithinSingleList	40	static
tasks.c:2264:14:uxTaskGetSystemState	32	static
tasks.c:3593:15:xTaskGetCurrentTaskHandle	0	static
tasks.c:3610:13:xTaskGetSchedulerState	0	static
tasks.c:3638:7:vTaskPriorityInherit	16	static
tasks.c:3704:13:xTaskPriorityDisinherit	16	static
tasks.c:3874:7:vTaskList	48	static
tasks.c:3969:7:vTaskGetRunTimeStats	40	static
tasks.c:4094:12:uxTaskResetEventItemValue	0	static
tasks.c:4110:8:pvTaskIncrementMutexHeldCount	0	static
tasks.c:4127:11:ulTaskNotifyTake	16	static
tasks.c:4195:13:xTaskNotifyWait	24	static
tasks.c:4275:13:xTaskGenericNotify	24	static
tasks.c:4381:13:xTaskGenericNotifyFromISR	24	static
tasks.c:4505:7:vTaskNotifyGiveFromISR	24	static
tasks.c:4594:13:xTaskNotifyStateClear	8	static
