tasks.c:3628:13:prvResetNextTaskUnblockTime	0	static
tasks.c:1657:20:prvTaskIsTaskSuspended	8	static
tasks.c:4685:13:prvAddCurrentTaskToDelayedList	16	static
tasks.c:3909:15:prvWriteNameToBuffer	8	static
tasks.c:676:13:xTaskCreate	48	static
tasks.c:1049:7:vTaskDelete	16	static
tasks.c:1270:13:eTaskGetState	16	static
tasks.c:1341:14:uxTaskPriorityGet	8	static
tasks.c:1363:14:uxTaskPriorityGetFromISR	8	static
tasks.c:1403:7:vTaskPrioritySet	24	static
tasks.c:1703:7:vTaskResume	16	static
tasks.c:1757:13:xTaskResumeFromISR	24	static
tasks.c:1827:6:vTaskStartScheduler	16	static
tasks.c:1937:6:vTaskEndScheduler	8	static
tasks.c:1948:6:vTaskSuspendAll	0	static
tasks.c:2131:12:xTaskGetTickCount	0	static
tasks.c:2146:12:xTaskGetTickCountFromISR	8	static
tasks.c:2177:13:uxTaskGetNumberOfTasks	0	static
tasks.c:2185:7:pcTaskGetName	8	static
tasks.c:2503:12:xTaskIncrementTick	32	static
tasks.c:2021:12:xTaskResumeAll	24	static
tasks.c:1225:7:vTaskDelay	8	static
tasks.c:3124:8:prvIdleTask	8	static
tasks.c:2765:6:vTaskSwitchContext	8	static
tasks.c:1567:7:vTaskSuspend	16	static
tasks.c:2824:6:vTaskPlaceOnEventList	16	static
tasks.c:2841:6:vTaskPlaceOnUnorderedEventList	16	static
tasks.c:2898:12:xTaskRemoveFromEventList	16	static
tasks.c:2966:6:vTaskRemoveFromUnorderedEventList	16	static
tasks.c:3000:6:vTaskSetTimeOutState	8	static
tasks.c:3008:12:xTaskCheckForTimeOut	16	static
tasks.c:3069:6:vTaskMissedYield	0	static
tasks.c:3077:14:uxTaskGetTaskNumber	0	static
tasks.c:3100:7:vTaskSetTaskNumber	0	static
tasks.c:3273:7:vTaskSetThreadLocalStoragePointer	0	static
tasks.c:3289:8:pvTaskGetThreadLocalStoragePointer	0	static
tasks.c:3404:7:vTaskGetInfo	24	static
tasks.c:3493:21:prvListTasksWithinSingleList	40	static
tasks.c:2325:14:uxTaskGetSystemState	32	static
tasks.c:3654:15:xTaskGetCurrentTaskHandle	0	static
tasks.c:3671:13:xTaskGetSchedulerState	0	static
tasks.c:3699:7:vTaskPriorityInherit	16	static
tasks.c:3765:13:xTaskPriorityDisinherit	16	static
tasks.c:3935:7:vTaskList	48	static
tasks.c:4030:7:vTaskGetRunTimeStats	40	static
tasks.c:4155:12:uxTaskResetEventItemValue	0	static
tasks.c:4171:8:pvTaskIncrementMutexHeldCount	0	static
tasks.c:4188:11:ulTaskNotifyTake	16	static
tasks.c:4256:13:xTaskNotifyWait	24	static
tasks.c:4336:13:xTaskGenericNotify	24	static
tasks.c:4442:13:xTaskGenericNotifyFromISR	24	static
tasks.c:4566:7:vTaskNotifyGiveFromISR	24	static
tasks.c:4655:13:xTaskNotifyStateClear	8	static
