ff_dir.c:175:16:FF_CreateChkSum	4	static
ff_dir.c:888:14:FF_PlaceTime	4	static
ff_dir.c:907:14:FF_PlaceDate	4	static
ff_dir.c:925:14:FF_GetTime	4	static
ff_dir.c:938:14:FF_GetDate	4	static
ff_dir.c:856:13:FF_ProcessShortName	24	static
ff_dir.c:2344:16:FF_CreateLFNEntry	24	static
ff_dir.c:1064:19:FF_Traverse	32	static
string.h:93:6:strcasecmp	4	static
ff_dir.c:949:6:FF_PopulateShortDirent	16	static
ff_dir.c:1000:12:FF_InitEntryFetch	24	static
ff_dir.c:1033:12:FF_CleanupEntryFetch	8	static
ff_dir.c:1110:12:FF_FetchEntryWithContext	32	static
ff_dir.c:1164:12:FF_PushEntryWithContext	32	static
ff_dir.c:1278:12:FF_PopulateLongDirent	104	static
ff_dir.c:290:10:FF_FindEntryInDir	96	static
ff_dir.c:660:10:FF_FindDir	584	static
ff_dir.c:1219:12:FF_GetEntry	80	static
ff_dir.c:1655:12:FF_FindNext	64	static
ff_dir.c:1540:12:FF_FindFirst	32	static
ff_dir.c:1973:12:FF_PutEntry	80	static
ff_dir.c:2034:6:FF_CreateShortName	56	static
ff_dir.c:2199:9:FF_FindShortName	408	static
ff_dir.c:2596:12:FF_ExtendDirectory	32	static
ff_dir.c:2701:12:FF_CreateDirent	176	static
ff_dir.c:2883:10:FF_CreateFile	304	static
ff_dir.c:2965:12:FF_MkDir	384	static
ff_dir.c:3154:12:FF_RmLFNs	56	static
