ff_fat.c:122:10:FF_Cluster2LBA	0	static
ff_fat.c:165:10:FF_getClusterChainNumber	0	static
ff_fat.c:177:10:FF_getClusterPosition	4	static
ff_fat.c:188:10:FF_getMajorBlockNumber	4	static
ff_fat.c:203:10:FF_getMinorBlockNumber	8	static
ff_fat.c:220:10:FF_getMinorBlockEntry	8	static
ff_fat.c:236:12:FF_ReleaseFATBuffers	16	static
ff_fat.c:272:14:prvGetFromFATBuffers	24	static
ff_fat.c:406:10:FF_getFATEntry	48	static
ff_fat.c:549:12:FF_ClearCluster	48	static
ff_fat.c:700:12:FF_isEndOfChain	0	static
ff_fat.c:613:10:FF_TraverseFAT	48	static
ff_fat.c:668:10:FF_FindEndOfChain	24	static
ff_fat.c:824:12:FF_putFATEntry	64	static
ff_fat.c:1011:10:FF_FindFreeCluster	64	static
ff_fat.c:1171:10:FF_CreateClusterChain	24	static
ff_fat.c:1192:10:FF_GetChainLength	40	static
ff_fat.c:1243:12:FF_UnlinkClusterChain	64	static
ff_fat.c:1359:10:FF_CountFreeClusters	48	static
ff_fat.c:1513:11:FF_GetFreeSize	32	static
