ff_file.c:529:14:FF_RmPathCache	32	static
ff_file.c:1116:17:FF_GetSequentialClusters	40	static
ff_file.c:1447:17:FF_SetCluster	32	static
ff_file.c:1491:16:FF_ReadPartial	24	static
ff_file.c:1925:16:FF_WritePartial	24	static
ff_file.c:2989:19:FF_Truncate	312	static
ff_file.c:1213:19:FF_ExtendFile	328	static
ff_file.c:91:9:FF_GetModeBits	0	static
ff_file.c:237:10:FF_Open	560	static
ff_file.c:483:12:FF_isDirEmpty	288	static
ff_file.c:1035:12:FF_isEOF	0	static
ff_file.c:1061:9:FF_BytesLeft	0	static
ff_file.c:1095:9:FF_FileSize	0	static
ff_file.c:1803:9:FF_GetC	32	static
ff_file.c:1861:9:FF_GetLine	24	static
ff_file.c:2420:10:FF_Invalidate	16	static
ff_file.c:2470:12:FF_CheckValid	8	static
ff_file.c:1592:9:FF_Read	80	static
ff_file.c:2339:12:FF_Seek	24	static
ff_file.c:2264:9:FF_PutC	40	static
ff_file.c:2040:9:FF_Write	80	static
ff_file.c:2527:13:FF_SetFileTime	296	static
ff_file.c:2595:13:FF_SetTime	560	static
ff_file.c:2685:12:FF_SetPerm	552	static
ff_file.c:2782:12:FF_Close	296	static
ff_file.c:562:12:FF_RmDir	72	static
ff_file.c:703:12:FF_RmFile	72	static
ff_file.c:823:12:FF_Move	408	static
ff_file.c:2952:12:FF_SetEof	8	static
