ff_stdio.c:1864:29:pxFindCWD	8	static
ff_stdio.c:1977:21:prvABSPath	32	static
ff_stdio.c:1780:12:prvFFErrorToErrno	8	static
ff_stdio.c:2020:18:prvFileTime	48	static
ff_stdio.c:162:10:ff_fopen	32	static
ff_stdio.c:210:5:ff_fclose	8	static
ff_stdio.c:247:5:ff_fseek	8	static
ff_stdio.c:293:6:ff_rewind	8	static
ff_stdio.c:303:6:ff_ftell	8	static
ff_stdio.c:324:5:ff_feof	8	static
ff_stdio.c:356:8:ff_fread	8	static
ff_stdio.c:394:8:ff_fwrite	8	static
ff_stdio.c:432:5:ff_fgetc	8	static
ff_stdio.c:452:5:ff_fputc	8	static
ff_stdio.c:473:6:ff_fprintf	28	static
ff_stdio.c:514:7:ff_fgets	8	static
ff_stdio.c:537:5:ff_seteof	8	static
ff_stdio.c:564:10:ff_truncate	24	static
ff_stdio.c:690:6:ff_mkdir	24	static
ff_stdio.c:823:5:ff_rmdir	24	static
ff_stdio.c:863:5:ff_remove	24	static
ff_stdio.c:912:5:ff_rename	56	static
ff_stdio.c:1014:5:ff_stat	376	static
ff_stdio.c:1235:8:ff_getcwd	16	static
ff_stdio.c:1339:5:ff_findnext	56	static
ff_stdio.c:1270:5:ff_findfirst	16	static
ff_stdio.c:1658:13:ff_deltree_recurse	56	static
ff_stdio.c:1514:5:ff_isdirempty	24	static
ff_stdio.c:1537:9:ff_diskfree	40	static
ff_stdio.c:1577:5:ff_finddir	32	static
ff_stdio.c:1161:6:ff_chdir	16	static
ff_stdio.c:1597:8:ff_filelength	8	static
ff_stdio.c:1624:6:ff_deltree	16	static
