Archive member included to satisfy reference by file (symbol)

/usr/local/Atollic_TrueSTUDIO/ARMTools/bin/../lib/gcc/arm-atollic-eabi/6.3.1/../../../../arm-atollic-eabi/lib/armv7e-m/fpu/libc_nano.a(lib_a-atol.o)
                              src/Standard_Demos_and_Utils/FreeRTOS_Plus_CLI_Demos/TCP-related-CLI-commands.o (atol)
/usr/local/Atollic_TrueSTUDIO/ARMTools/bin/../lib/gcc/arm-atollic-eabi/6.3.1/../../../../arm-atollic-eabi/lib/armv7e-m/fpu/libc_nano.a(lib_a-init.o)
                              src/Drivers/CMSIS/Device/ST/STM32F4xx/Source/Templates/gcc/startup_stm32f407xx.o (__libc_init_array)
/usr/local/Atollic_TrueSTUDIO/ARMTools/bin/../lib/gcc/arm-atollic-eabi/6.3.1/../../../../arm-atollic-eabi/lib/armv7e-m/fpu/libc_nano.a(lib_a-memcmp.o)
                              src/FreeRTOS+FAT/ff_dir.o (memcmp)
/usr/local/Atollic_TrueSTUDIO/ARMTools/bin/../lib/gcc/arm-atollic-eabi/6.3.1/../../../../arm-atollic-eabi/lib/armv7e-m/fpu/libc_nano.a(lib_a-memcpy-stub.o)
                              src/FreeRTOS+FAT/ff_dir.o (memcpy)
/usr/local/Atollic_TrueSTUDIO/ARMTools/bin/../lib/gcc/arm-atollic-eabi/6.3.1/../../../../arm-atollic-eabi/lib/armv7e-m/fpu/libc_nano.a(lib_a-memmove.o)
                              src/FreeRTOS+TCP/FreeRTOS_IP.o (memmove)
/usr/local/Atollic_TrueSTUDIO/ARMTools/bin/../lib/gcc/arm-atollic-eabi/6.3.1/../../../../arm-atollic-eabi/lib/armv7e-m/fpu/libc_nano.a(lib_a-memset.o)
                              src/FreeRTOS+FAT/ff_dir.o (memset)
/usr/local/Atollic_TrueSTUDIO/ARMTools/bin/../lib/gcc/arm-atollic-eabi/6.3.1/../../../../arm-atollic-eabi/lib/armv7e-m/fpu/libc_nano.a(lib_a-rand.o)
                              src/FreeRTOS+FAT/ff_format.o (rand)
/usr/local/Atollic_TrueSTUDIO/ARMTools/bin/../lib/gcc/arm-atollic-eabi/6.3.1/../../../../arm-atollic-eabi/lib/armv7e-m/fpu/libc_nano.a(lib_a-sscanf.o)
                              src/FreeRTOS+TCP/protocols/FTP/FreeRTOS_FTP_server.o (sscanf)
/usr/local/Atollic_TrueSTUDIO/ARMTools/bin/../lib/gcc/arm-atollic-eabi/6.3.1/../../../../arm-atollic-eabi/lib/armv7e-m/fpu/libc_nano.a(lib_a-stdio.o)
                              /usr/local/Atollic_TrueSTUDIO/ARMTools/bin/../lib/gcc/arm-atollic-eabi/6.3.1/../../../../arm-atollic-eabi/lib/armv7e-m/fpu/libc_nano.a(lib_a-sscanf.o) (__seofread)
/usr/local/Atollic_TrueSTUDIO/ARMTools/bin/../lib/gcc/arm-atollic-eabi/6.3.1/../../../../arm-atollic-eabi/lib/armv7e-m/fpu/libc_nano.a(lib_a-strchr.o)
                              src/FreeRTOS+FAT/ff_dir.o (strchr)
/usr/local/Atollic_TrueSTUDIO/ARMTools/bin/../lib/gcc/arm-atollic-eabi/6.3.1/../../../../arm-atollic-eabi/lib/armv7e-m/fpu/libc_nano.a(lib_a-strcmp.o)
                              src/FreeRTOS+FAT/ff_dir.o (strcmp)
/usr/local/Atollic_TrueSTUDIO/ARMTools/bin/../lib/gcc/arm-atollic-eabi/6.3.1/../../../../arm-atollic-eabi/lib/armv7e-m/fpu/libc_nano.a(lib_a-strcpy.o)
                              src/FreeRTOS+FAT/ff_dir.o (strcpy)
/usr/local/Atollic_TrueSTUDIO/ARMTools/bin/../lib/gcc/arm-atollic-eabi/6.3.1/../../../../arm-atollic-eabi/lib/armv7e-m/fpu/libc_nano.a(lib_a-strerror.o)
                              src/FreeRTOS+FAT/ff_stdio.o (strerror)
/usr/local/Atollic_TrueSTUDIO/ARMTools/bin/../lib/gcc/arm-atollic-eabi/6.3.1/../../../../arm-atollic-eabi/lib/armv7e-m/fpu/libc_nano.a(lib_a-strlen.o)
                              src/FreeRTOS+CLI/FreeRTOS_CLI.o (strlen)
/usr/local/Atollic_TrueSTUDIO/ARMTools/bin/../lib/gcc/arm-atollic-eabi/6.3.1/../../../../arm-atollic-eabi/lib/armv7e-m/fpu/libc_nano.a(lib_a-strncasecmp.o)
                              src/FreeRTOS+TCP/protocols/FTP/FreeRTOS_FTP_server.o (strncasecmp)
/usr/local/Atollic_TrueSTUDIO/ARMTools/bin/../lib/gcc/arm-atollic-eabi/6.3.1/../../../../arm-atollic-eabi/lib/armv7e-m/fpu/libc_nano.a(lib_a-strncat.o)
                              src/Standard_Demos_and_Utils/FreeRTOS_Plus_CLI_Demos/Sample-CLI-commands.o (strncat)
/usr/local/Atollic_TrueSTUDIO/ARMTools/bin/../lib/gcc/arm-atollic-eabi/6.3.1/../../../../arm-atollic-eabi/lib/armv7e-m/fpu/libc_nano.a(lib_a-strncmp.o)
                              src/FreeRTOS+CLI/FreeRTOS_CLI.o (strncmp)
/usr/local/Atollic_TrueSTUDIO/ARMTools/bin/../lib/gcc/arm-atollic-eabi/6.3.1/../../../../arm-atollic-eabi/lib/armv7e-m/fpu/libc_nano.a(lib_a-strncpy.o)
                              src/FreeRTOS+CLI/FreeRTOS_CLI.o (strncpy)
/usr/local/Atollic_TrueSTUDIO/ARMTools/bin/../lib/gcc/arm-atollic-eabi/6.3.1/../../../../arm-atollic-eabi/lib/armv7e-m/fpu/libc_nano.a(lib_a-strrchr.o)
                              src/FreeRTOS+TCP/protocols/FTP/FreeRTOS_FTP_server.o (strrchr)
/usr/local/Atollic_TrueSTUDIO/ARMTools/bin/../lib/gcc/arm-atollic-eabi/6.3.1/../../../../arm-atollic-eabi/lib/armv7e-m/fpu/libc_nano.a(lib_a-strtol.o)
                              /usr/local/Atollic_TrueSTUDIO/ARMTools/bin/../lib/gcc/arm-atollic-eabi/6.3.1/../../../../arm-atollic-eabi/lib/armv7e-m/fpu/libc_nano.a(lib_a-atol.o) (_strtol_r)
[...]
Memory Configuration

Name             Origin             Length             Attributes
FLASH            0x0000000008000000 0x0000000000100000 xr
RAM              0x0000000020000000 0x0000000000020000 xrw
MEMORY_B1        0x0000000060000000 0x0000000000000000 xr
CCMRAM           0x0000000010000000 0x0000000000010000 rw
*default*        0x0000000000000000 0xffffffffffffffff

Linker script and memory map

LOAD /usr/local/Atollic_TrueSTUDIO/ARMTools/bin/../lib/gcc/arm-atollic-eabi/6.3.1/armv7e-m/fpu/crti.o
LOAD /usr/local/Atollic_TrueSTUDIO/ARMTools/bin/../lib/gcc/arm-atollic-eabi/6.3.1/armv7e-m/fpu/crtbegin.o
LOAD src/Drivers/CMSIS/Device/ST/STM32F4xx/Source/Templates/gcc/startup_stm32f407xx.o
LOAD src/Drivers/CMSIS/Device/ST/STM32F4xx/Source/Templates/system_stm32f4xx.o
LOAD src/Drivers/STM32F4xx_HAL_Driver/Src/stm32f4xx_hal.o
LOAD src/Drivers/STM32F4xx_HAL_Driver/Src/stm32f4xx_hal_cortex.o
LOAD src/Drivers/STM32F4xx_HAL_Driver/Src/stm32f4xx_hal_dma.o
LOAD src/Drivers/STM32F4xx_HAL_Driver/Src/stm32f4xx_hal_dma_ex.o
LOAD src/Drivers/STM32F4xx_HAL_Driver/Src/stm32f4xx_hal_eth.o
LOAD src/Drivers/STM32F4xx_HAL_Driver/Src/stm32f4xx_hal_flash.o
LOAD src/Drivers/STM32F4xx_HAL_Driver/Src/stm32f4xx_hal_flash_ex.o
LOAD src/Drivers/STM32F4xx_HAL_Driver/Src/stm32f4xx_hal_flash_ramfunc.o
LOAD src/Drivers/STM32F4xx_HAL_Driver/Src/stm32f4xx_hal_gpio.o
LOAD src/Drivers/STM32F4xx_HAL_Driver/Src/stm32f4xx_hal_nor.o
LOAD src/Drivers/STM32F4xx_HAL_Driver/Src/stm32f4xx_hal_pwr.o
LOAD src/Drivers/STM32F4xx_HAL_Driver/Src/stm32f4xx_hal_pwr_ex.o
LOAD src/Drivers/STM32F4xx_HAL_Driver/Src/stm32f4xx_hal_rcc.o
LOAD src/Drivers/STM32F4xx_HAL_Driver/Src/stm32f4xx_hal_rcc_ex.o
LOAD src/Drivers/STM32F4xx_HAL_Driver/Src/stm32f4xx_hal_rng.o
LOAD src/Drivers/STM32F4xx_HAL_Driver/Src/stm32f4xx_hal_rtc.o
LOAD src/Drivers/STM32F4xx_HAL_Driver/Src/stm32f4xx_hal_rtc_ex.o
LOAD src/Drivers/STM32F4xx_HAL_Driver/Src/stm32f4xx_hal_sram.o
LOAD src/Drivers/STM32F4xx_HAL_Driver/Src/stm32f4xx_hal_tim.o
LOAD src/Drivers/STM32F4xx_HAL_Driver/Src/stm32f4xx_hal_tim_ex.o
LOAD src/Drivers/STM32F4xx_HAL_Driver/Src/stm32f4xx_hal_uart.o
LOAD src/Drivers/STM32F4xx_HAL_Driver/Src/stm32f4xx_ll_sdmmc.o
LOAD src/FreeRTOS+CLI/FreeRTOS_CLI.o
LOAD src/FreeRTOS+FAT/ff_crc.o
LOAD src/FreeRTOS+FAT/ff_dir.o
LOAD src/FreeRTOS+FAT/ff_error.o
LOAD src/FreeRTOS+FAT/ff_fat.o
LOAD src/FreeRTOS+FAT/ff_file.o
LOAD src/FreeRTOS+FAT/ff_format.o
LOAD src/FreeRTOS+FAT/ff_ioman.o
LOAD src/FreeRTOS+FAT/ff_locking.o
LOAD src/FreeRTOS+FAT/ff_memory.o
LOAD src/FreeRTOS+FAT/ff_stdio.o
LOAD src/FreeRTOS+FAT/ff_string.o
LOAD src/FreeRTOS+FAT/ff_sys.o
LOAD src/FreeRTOS+FAT/ff_time.o
LOAD src/FreeRTOS+FAT/portable/STM32F4xx/ff_sddisk.o
LOAD src/FreeRTOS+FAT/portable/STM32F4xx/stm32f4xx_hal_sd.o
LOAD src/FreeRTOS+TCP/FreeRTOS_ARP.o
LOAD src/FreeRTOS+TCP/FreeRTOS_DHCP.o
LOAD src/FreeRTOS+TCP/FreeRTOS_DNS.o
LOAD src/FreeRTOS+TCP/FreeRTOS_IP.o
LOAD src/FreeRTOS+TCP/FreeRTOS_Sockets.o
LOAD src/FreeRTOS+TCP/FreeRTOS_Stream_Buffer.o
LOAD src/FreeRTOS+TCP/FreeRTOS_TCP_IP.o
LOAD src/FreeRTOS+TCP/FreeRTOS_TCP_WIN.o
LOAD src/FreeRTOS+TCP/FreeRTOS_UDP_IP.o
LOAD src/FreeRTOS+TCP/portable/BufferManagement/BufferAllocation_2.o
LOAD src/FreeRTOS+TCP/portable/NetworkInterface/STM32Fxx/NetworkInterface.o
LOAD src/FreeRTOS+TCP/protocols/Common/FreeRTOS_TCP_server.o
LOAD src/FreeRTOS+TCP/protocols/FTP/FreeRTOS_FTP_commands.o
LOAD src/FreeRTOS+TCP/protocols/FTP/FreeRTOS_FTP_server.o
LOAD src/FreeRTOS+TCP/protocols/HTTP/FreeRTOS_HTTP_commands.o
LOAD src/FreeRTOS+TCP/protocols/HTTP/FreeRTOS_HTTP_server.o
LOAD src/FreeRTOS_Source/event_groups.o
LOAD src/FreeRTOS_Source/list.o
LOAD src/FreeRTOS_Source/portable/GCC/ARM_CM4F/port.o
LOAD src/FreeRTOS_Source/portable/MemMang/heap_5.o
LOAD src/FreeRTOS_Source/queue.o
LOAD src/FreeRTOS_Source/tasks.o
LOAD src/FreeRTOS_Source/timers.o
LOAD src/Standard_Demos_and_Utils/FreeRTOS_Plus_CLI_Demos/File-related-CLI-commands.o
LOAD src/Standard_Demos_and_Utils/FreeRTOS_Plus_CLI_Demos/Sample-CLI-commands.o
LOAD src/Standard_Demos_and_Utils/FreeRTOS_Plus_CLI_Demos/TCP-related-CLI-commands.o
LOAD src/Standard_Demos_and_Utils/FreeRTOS_Plus_CLI_Demos/UDPCommandConsole.o
LOAD src/Standard_Demos_and_Utils/FreeRTOS_Plus_FAT_Demos/CreateAndVerifyExampleFiles.o
LOAD src/Standard_Demos_and_Utils/FreeRTOS_Plus_FAT_Demos/test/ff_stdio_tests_with_cwd.o
LOAD src/Standard_Demos_and_Utils/FreeRTOS_Plus_TCP_Demos/SimpleTCPEchoServer.o
LOAD src/Standard_Demos_and_Utils/FreeRTOS_Plus_TCP_Demos/TCPEchoClient_SingleTasks.o
LOAD src/Standard_Demos_and_Utils/FreeRTOS_Plus_TCP_Demos/TFTPServer.o
LOAD src/Standard_Demos_and_Utils/FreeRTOS_Plus_TCP_Demos/TraceMacros/Example1/DemoIPTrace.o
LOAD src/Standard_Demos_and_Utils/Utilities/UDPLoggingPrintf.o
LOAD src/Standard_Demos_and_Utils/Utilities/date_and_time.o
LOAD src/Standard_Demos_and_Utils/Utilities/printf-stdarg.o
LOAD src/hr_gettime.o
LOAD src/main.o
                0x0000000000000080                malloc_getpagesize_P = 0x80
START GROUP
LOAD /usr/local/Atollic_TrueSTUDIO/ARMTools/bin/../lib/gcc/arm-atollic-eabi/6.3.1/../../../../arm-atollic-eabi/lib/armv7e-m/fpu/libc_nano.a
LOAD /usr/local/Atollic_TrueSTUDIO/ARMTools/bin/../lib/gcc/arm-atollic-eabi/6.3.1/../../../../arm-atollic-eabi/lib/armv7e-m/fpu/libm.a
END GROUP
START GROUP
LOAD /usr/local/Atollic_TrueSTUDIO/ARMTools/bin/../lib/gcc/arm-atollic-eabi/6.3.1/armv7e-m/fpu/libgcc.a
LOAD /usr/local/Atollic_TrueSTUDIO/ARMTools/bin/../lib/gcc/arm-atollic-eabi/6.3.1/../../../../arm-atollic-eabi/lib/armv7e-m/fpu/libc_nano.a
END GROUP
START GROUP
LOAD /usr/local/Atollic_TrueSTUDIO/ARMTools/bin/../lib/gcc/arm-atollic-eabi/6.3.1/armv7e-m/fpu/libgcc.a
LOAD /usr/local/Atollic_TrueSTUDIO/ARMTools/bin/../lib/gcc/arm-atollic-eabi/6.3.1/../../../../arm-atollic-eabi/lib/armv7e-m/fpu/libc_nano.a
LOAD /usr/local/Atollic_TrueSTUDIO/ARMTools/bin/../lib/gcc/arm-atollic-eabi/6.3.1/../../../../arm-atollic-eabi/lib/armv7e-m/fpu/libnosys.a
END GROUP
START GROUP
LOAD /usr/local/Atollic_TrueSTUDIO/ARMTools/bin/../lib/gcc/arm-atollic-eabi/6.3.1/armv7e-m/fpu/libgcc.a
LOAD /usr/local/Atollic_TrueSTUDIO/ARMTools/bin/../lib/gcc/arm-atollic-eabi/6.3.1/../../../../arm-atollic-eabi/lib/armv7e-m/fpu/libc_nano.a
LOAD /usr/local/Atollic_TrueSTUDIO/ARMTools/bin/../lib/gcc/arm-atollic-eabi/6.3.1/../../../../arm-atollic-eabi/lib/armv7e-m/fpu/libnosys.a
END GROUP
LOAD /usr/local/Atollic_TrueSTUDIO/ARMTools/bin/../lib/gcc/arm-atollic-eabi/6.3.1/armv7e-m/fpu/crtend.o
LOAD /usr/local/Atollic_TrueSTUDIO/ARMTools/bin/../lib/gcc/arm-atollic-eabi/6.3.1/armv7e-m/fpu/crtn.o
                0x0000000020020000                _estack = 0x20020000
                0x0000000000000000                _Min_Heap_Size = 0x0
                0x0000000000000400                _Min_Stack_Size = 0x400

.isr_vector     0x0000000008000000      0x188
                0x0000000008000000                . = ALIGN (0x4)
 *(.isr_vector)
 .isr_vector    0x0000000008000000      0x188 src/Drivers/CMSIS/Device/ST/STM32F4xx/Source/Templates/gcc/startup_stm32f407xx.o
                0x0000000008000000                g_pfnVectors
                0x0000000008000188                . = ALIGN (0x4)

.text           0x0000000008000190    0x18764
                0x0000000008000190                . = ALIGN (0x4)
 *(.text)
 .text          0x0000000008000190       0x40 /usr/local/Atollic_TrueSTUDIO/ARMTools/bin/../lib/gcc/arm-atollic-eabi/6.3.1/armv7e-m/fpu/crtbegin.o
 .text          0x00000000080001d0       0x14 /usr/local/Atollic_TrueSTUDIO/ARMTools/bin/../lib/gcc/arm-atollic-eabi/6.3.1/../../../../arm-atollic-eabi/lib/armv7e-m/fpu/libc_nano.a(lib_a-strcmp.o)
                0x00000000080001d0                strcmp
 .text          0x00000000080001e4       0x10 /usr/local/Atollic_TrueSTUDIO/ARMTools/bin/../lib/gcc/arm-atollic-eabi/6.3.1/../../../../arm-atollic-eabi/lib/armv7e-m/fpu/libc_nano.a(lib_a-strlen.o)
                0x00000000080001e4                strlen
 *fill*         0x00000000080001f4        0xc 
 .text          0x0000000008000200       0xa0 /usr/local/Atollic_TrueSTUDIO/ARMTools/bin/../lib/gcc/arm-atollic-eabi/6.3.1/../../../../arm-atollic-eabi/lib/armv7e-m/fpu/libc_nano.a(lib_a-memchr.o)
                0x0000000008000200                memchr
 .text          0x00000000080002a0       0x30 /usr/local/Atollic_TrueSTUDIO/ARMTools/bin/../lib/gcc/arm-atollic-eabi/6.3.1/armv7e-m/fpu/libgcc.a(_aeabi_uldivmod.o)
                0x00000000080002a0                __aeabi_uldivmod
 .text          0x00000000080002d0      0x2dc /usr/local/Atollic_TrueSTUDIO/ARMTools/bin/../lib/gcc/arm-atollic-eabi/6.3.1/armv7e-m/fpu/libgcc.a(_udivmoddi4.o)
                0x00000000080002d0                __udivmoddi4
 .text          0x00000000080005ac        0x4 /usr/local/Atollic_TrueSTUDIO/ARMTools/bin/../lib/gcc/arm-atollic-eabi/6.3.1/armv7e-m/fpu/libgcc.a(_dvmd_tls.o)
                0x00000000080005ac                __aeabi_ldiv0
                0x00000000080005ac                __aeabi_idiv0
 *(.text*)
 .text.Reset_Handler
                0x00000000080005b0       0x50 src/Drivers/CMSIS/Device/ST/STM32F4xx/Source/Templates/gcc/startup_stm32f407xx.o
                0x00000000080005b0                Reset_Handler
 .text.Default_Handler
                0x0000000008000600       0x14 src/Drivers/CMSIS/Device/ST/STM32F4xx/Source/Templates/gcc/startup_stm32f407xx.o
                0x0000000008000600                RTC_Alarm_IRQHandler
                0x0000000008000600                HASH_RNG_IRQHandler
                0x0000000008000600                EXTI2_IRQHandler
                0x0000000008000600                TIM8_CC_IRQHandler
                0x0000000008000600                DebugMon_Handler
                0x0000000008000600                TIM1_CC_IRQHandler
                0x0000000008000600                DMA2_Stream5_IRQHandler
                0x0000000008000600                DMA1_Stream5_IRQHandler
                0x0000000008000600                PVD_IRQHandler
                0x0000000008000600                TAMP_STAMP_IRQHandler
                0x0000000008000600                NMI_Handler
                0x0000000008000600                CAN2_RX1_IRQHandler
                0x0000000008000600                EXTI3_IRQHandler
                0x0000000008000600                TIM8_TRG_COM_TIM14_IRQHandler
                0x0000000008000600                TIM1_UP_TIM10_IRQHandler
                0x0000000008000600                TIM8_UP_TIM13_IRQHandler
                0x0000000008000600                I2C3_ER_IRQHandler
                0x0000000008000600                EXTI0_IRQHandler
                0x0000000008000600                I2C2_EV_IRQHandler
                0x0000000008000600                DMA1_Stream2_IRQHandler
                0x0000000008000600                CAN1_RX0_IRQHandler
                0x0000000008000600                FPU_IRQHandler
                0x0000000008000600                OTG_HS_WKUP_IRQHandler
                0x0000000008000600                UsageFault_Handler
                0x0000000008000600                CAN2_SCE_IRQHandler
                0x0000000008000600                DMA2_Stream2_IRQHandler
                0x0000000008000600                SPI1_IRQHandler
                0x0000000008000600                TIM6_DAC_IRQHandler
                0x0000000008000600                TIM1_BRK_TIM9_IRQHandler
                0x0000000008000600                DCMI_IRQHandler
                0x0000000008000600                CAN2_RX0_IRQHandler
                0x0000000008000600                USART6_IRQHandler
                0x0000000008000600                USART3_IRQHandler
                0x0000000008000600                CAN1_RX1_IRQHandler
                0x0000000008000600                UART5_IRQHandler
                0x0000000008000600                DMA2_Stream0_IRQHandler
                0x0000000008000600                TIM4_IRQHandler
                0x0000000008000600                I2C1_EV_IRQHandler
                0x0000000008000600                DMA1_Stream6_IRQHandler
                0x0000000008000600                DMA1_Stream1_IRQHandler
                0x0000000008000600                UART4_IRQHandler
                0x0000000008000600                TIM3_IRQHandler
                0x0000000008000600                RCC_IRQHandler
                0x0000000008000600                TIM8_BRK_TIM12_IRQHandler
                0x0000000008000600                Default_Handler
                0x0000000008000600                ADC_IRQHandler
                0x0000000008000600                DMA1_Stream7_IRQHandler
                0x0000000008000600                TIM7_IRQHandler
                0x0000000008000600                CAN2_TX_IRQHandler
                0x0000000008000600                TIM5_IRQHandler
                0x0000000008000600                DMA2_Stream7_IRQHandler
                0x0000000008000600                I2C3_EV_IRQHandler
                0x0000000008000600                EXTI9_5_IRQHandler
                0x0000000008000600                RTC_WKUP_IRQHandler
                0x0000000008000600                ETH_WKUP_IRQHandler
                0x0000000008000600                SPI2_IRQHandler
                0x0000000008000600                OTG_HS_EP1_IN_IRQHandler
                0x0000000008000600                MemManage_Handler
                0x0000000008000600                DMA1_Stream0_IRQHandler
                0x0000000008000600                CAN1_TX_IRQHandler
                0x0000000008000600                EXTI4_IRQHandler
                0x0000000008000600                FSMC_IRQHandler
                0x0000000008000600                OTG_HS_EP1_OUT_IRQHandler
                0x0000000008000600                WWDG_IRQHandler
                0x0000000008000600                OTG_FS_WKUP_IRQHandler
                0x0000000008000600                TIM1_TRG_COM_TIM11_IRQHandler
                0x0000000008000600                OTG_HS_IRQHandler
                0x0000000008000600                EXTI1_IRQHandler
                0x0000000008000600                USART2_IRQHandler
                0x0000000008000600                I2C2_ER_IRQHandler
                0x0000000008000600                DMA2_Stream1_IRQHandler
                0x0000000008000600                CAN1_SCE_IRQHandler
                0x0000000008000600                FLASH_IRQHandler
                0x0000000008000600                DMA2_Stream4_IRQHandler
                0x0000000008000600                BusFault_Handler
                0x0000000008000600                USART1_IRQHandler
                0x0000000008000600                OTG_FS_IRQHandler
                0x0000000008000600                SPI3_IRQHandler
                0x0000000008000600                DMA1_Stream4_IRQHandler
                0x0000000008000600                I2C1_ER_IRQHandler
                0x0000000008000600                DMA1_Stream3_IRQHandler
 *fill*         0x0000000008000614        0xc 
 .text.HardFault_Handler
                0x0000000008000620        0x4 src/Drivers/CMSIS/Device/ST/STM32F4xx/Source/Templates/gcc/startup_stm32f407xx.o
 .text.SystemInit
                0x0000000008000624       0x4c src/Drivers/CMSIS/Device/ST/STM32F4xx/Source/Templates/system_stm32f4xx.o
                0x0000000008000624                SystemInit
 .text.HAL_MspInit
                0x0000000008000670        0x2 src/Drivers/STM32F4xx_HAL_Driver/Src/stm32f4xx_hal.o
                0x0000000008000670                HAL_MspInit
 *fill*         0x0000000008000672        0x2 
 .text.HAL_InitTick
                0x0000000008000674       0x28 src/Drivers/STM32F4xx_HAL_Driver/Src/stm32f4xx_hal.o
                0x0000000008000674                HAL_InitTick
 .text.HAL_Init
                0x000000000800069c       0x34 src/Drivers/STM32F4xx_HAL_Driver/Src/stm32f4xx_hal.o
                0x000000000800069c                HAL_Init
 .text.HAL_IncTick
                0x00000000080006d0       0x10 src/Drivers/STM32F4xx_HAL_Driver/Src/stm32f4xx_hal.o
                0x00000000080006d0                HAL_IncTick
 .text.HAL_GetTick
                0x00000000080006e0        0xc src/Drivers/STM32F4xx_HAL_Driver/Src/stm32f4xx_hal.o
                0x00000000080006e0                HAL_GetTick
 .text.HAL_Delay
                0x00000000080006ec       0x1c src/Drivers/STM32F4xx_HAL_Driver/Src/stm32f4xx_hal.o
                0x00000000080006ec                HAL_Delay
 .text.HAL_NVIC_SetPriorityGrouping
                0x0000000008000708       0x24 src/Drivers/STM32F4xx_HAL_Driver/Src/stm32f4xx_hal_cortex.o
                0x0000000008000708                HAL_NVIC_SetPriorityGrouping
 .text.HAL_NVIC_SetPriority
                0x000000000800072c       0x60 src/Drivers/STM32F4xx_HAL_Driver/Src/stm32f4xx_hal_cortex.o
                0x000000000800072c                HAL_NVIC_SetPriority
 .text.HAL_NVIC_EnableIRQ
                0x000000000800078c       0x18 src/Drivers/STM32F4xx_HAL_Driver/Src/stm32f4xx_hal_cortex.o
                0x000000000800078c                HAL_NVIC_EnableIRQ
 .text.HAL_SYSTICK_Config
                0x00000000080007a4       0x2c src/Drivers/STM32F4xx_HAL_Driver/Src/stm32f4xx_hal_cortex.o
                0x00000000080007a4                HAL_SYSTICK_Config
 .text.HAL_DMA_Init
                0x00000000080007d0       0x74 src/Drivers/STM32F4xx_HAL_Driver/Src/stm32f4xx_hal_dma.o
                0x00000000080007d0                HAL_DMA_Init
 .text.HAL_DMA_DeInit
                0x0000000008000844      0x760 src/Drivers/STM32F4xx_HAL_Driver/Src/stm32f4xx_hal_dma.o
                0x0000000008000844                HAL_DMA_DeInit
 .text.HAL_DMA_Start_IT
                0x0000000008000fa4       0x8c src/Drivers/STM32F4xx_HAL_Driver/Src/stm32f4xx_hal_dma.o
                0x0000000008000fa4                HAL_DMA_Start_IT
 .text.HAL_DMA_Abort
                0x0000000008001030       0x4e src/Drivers/STM32F4xx_HAL_Driver/Src/stm32f4xx_hal_dma.o
                0x0000000008001030                HAL_DMA_Abort
 *fill*         0x000000000800107e        0x2 
 .text.HAL_DMA_IRQHandler
                0x0000000008001080     0x1390 src/Drivers/STM32F4xx_HAL_Driver/Src/stm32f4xx_hal_dma.o
                0x0000000008001080                HAL_DMA_IRQHandler
 .text.prvWriteMACCR
                0x0000000008002410       0x1a src/Drivers/STM32F4xx_HAL_Driver/Src/stm32f4xx_hal_eth.o
 .text.prvWriteDMAOMR
                0x000000000800242a       0x1e src/Drivers/STM32F4xx_HAL_Driver/Src/stm32f4xx_hal_eth.o
 .text.ETH_FlushTransmitFIFO
                0x0000000008002448       0x1e src/Drivers/STM32F4xx_HAL_Driver/Src/stm32f4xx_hal_eth.o
 .text.HAL_ETH_DMATxDescListInit
                0x0000000008002466       0x86 src/Drivers/STM32F4xx_HAL_Driver/Src/stm32f4xx_hal_eth.o
                0x0000000008002466                HAL_ETH_DMATxDescListInit
 .text.HAL_ETH_DMARxDescListInit
                0x00000000080024ec       0x74 src/Drivers/STM32F4xx_HAL_Driver/Src/stm32f4xx_hal_eth.o
                0x00000000080024ec                HAL_ETH_DMARxDescListInit
 .text.HAL_ETH_Init
                0x0000000008002560      0x1e0 src/Drivers/STM32F4xx_HAL_Driver/Src/stm32f4xx_hal_eth.o
                0x0000000008002560                HAL_ETH_Init
 .text.HAL_ETH_TransmitFrame
                0x0000000008002740      0x110 src/Drivers/STM32F4xx_HAL_Driver/Src/stm32f4xx_hal_eth.o
                0x0000000008002740                HAL_ETH_TransmitFrame
 .text.HAL_ETH_GetReceivedFrame
                0x0000000008002850       0x8e src/Drivers/STM32F4xx_HAL_Driver/Src/stm32f4xx_hal_eth.o
                0x0000000008002850                HAL_ETH_GetReceivedFrame
 .text.HAL_ETH_ErrorCallback
                0x00000000080028de        0x2 src/Drivers/STM32F4xx_HAL_Driver/Src/stm32f4xx_hal_eth.o
                0x00000000080028de                HAL_ETH_ErrorCallback
 .text.HAL_ETH_IRQHandler
                0x00000000080028e0       0x40 src/Drivers/STM32F4xx_HAL_Driver/Src/stm32f4xx_hal_eth.o
                0x00000000080028e0                HAL_ETH_IRQHandler
 .text.HAL_ETH_ReadPHYRegister
                0x0000000008002920       0x98 src/Drivers/STM32F4xx_HAL_Driver/Src/stm32f4xx_hal_eth.o
                0x0000000008002920                HAL_ETH_ReadPHYRegister
 .text.HAL_ETH_WritePHYRegister
                0x00000000080029b8       0x98 src/Drivers/STM32F4xx_HAL_Driver/Src/stm32f4xx_hal_eth.o
                0x00000000080029b8                HAL_ETH_WritePHYRegister
 .text.HAL_ETH_Start
                0x0000000008002a50       0x78 src/Drivers/STM32F4xx_HAL_Driver/Src/stm32f4xx_hal_eth.o
                0x0000000008002a50                HAL_ETH_Start
 .text.HAL_ETH_Stop
                0x0000000008002ac8       0x78 src/Drivers/STM32F4xx_HAL_Driver/Src/stm32f4xx_hal_eth.o
                0x0000000008002ac8                HAL_ETH_Stop
 .text.HAL_ETH_ConfigMAC
                0x0000000008002b40      0x118 src/Drivers/STM32F4xx_HAL_Driver/Src/stm32f4xx_hal_eth.o
                0x0000000008002b40                HAL_ETH_ConfigMAC
 .text.HAL_GPIO_Init
                0x0000000008002c58      0x1c4 src/Drivers/STM32F4xx_HAL_Driver/Src/stm32f4xx_hal_gpio.o
                0x0000000008002c58                HAL_GPIO_Init
 .text.HAL_GPIO_ReadPin
                0x0000000008002e1c        0xc src/Drivers/STM32F4xx_HAL_Driver/Src/stm32f4xx_hal_gpio.o
                0x0000000008002e1c                HAL_GPIO_ReadPin
 .text.HAL_GPIO_TogglePin
                0x0000000008002e28        0x8 src/Drivers/STM32F4xx_HAL_Driver/Src/stm32f4xx_hal_gpio.o
                0x0000000008002e28                HAL_GPIO_TogglePin
 .text.HAL_GPIO_EXTI_IRQHandler
                0x0000000008002e30       0x1c src/Drivers/STM32F4xx_HAL_Driver/Src/stm32f4xx_hal_gpio.o
                0x0000000008002e30                HAL_GPIO_EXTI_IRQHandler
 .text.HAL_RCC_OscConfig
                0x0000000008002e4c      0x398 src/Drivers/STM32F4xx_HAL_Driver/Src/stm32f4xx_hal_rcc.o
                0x0000000008002e4c                HAL_RCC_OscConfig
 .text.HAL_RCC_ClockConfig
                0x00000000080031e4      0x230 src/Drivers/STM32F4xx_HAL_Driver/Src/stm32f4xx_hal_rcc.o
                0x00000000080031e4                HAL_RCC_ClockConfig
 .text.HAL_RCC_MCOConfig
                0x0000000008003414       0x84 src/Drivers/STM32F4xx_HAL_Driver/Src/stm32f4xx_hal_rcc.o
                0x0000000008003414                HAL_RCC_MCOConfig
 .text.HAL_RCC_GetSysClockFreq
                0x0000000008003498       0x7c src/Drivers/STM32F4xx_HAL_Driver/Src/stm32f4xx_hal_rcc.o
                0x0000000008003498                HAL_RCC_GetSysClockFreq
 .text.HAL_RCC_GetHCLKFreq
                0x0000000008003514       0x38 src/Drivers/STM32F4xx_HAL_Driver/Src/stm32f4xx_hal_rcc.o
                0x0000000008003514                HAL_RCC_GetHCLKFreq
 .text.HAL_RCCEx_PeriphCLKConfig
                0x000000000800354c      0x160 src/Drivers/STM32F4xx_HAL_Driver/Src/stm32f4xx_hal_rcc_ex.o
                0x000000000800354c                HAL_RCCEx_PeriphCLKConfig
 .text.HAL_RNG_MspInit
                0x00000000080036ac        0x2 src/Drivers/STM32F4xx_HAL_Driver/Src/stm32f4xx_hal_rng.o
                0x00000000080036ac                HAL_RNG_MspInit
 .text.HAL_RNG_Init
                0x00000000080036ae       0x3a src/Drivers/STM32F4xx_HAL_Driver/Src/stm32f4xx_hal_rng.o
                0x00000000080036ae                HAL_RNG_Init
 .text.HAL_RNG_GenerateRandomNumber
                0x00000000080036e8       0x5c src/Drivers/STM32F4xx_HAL_Driver/Src/stm32f4xx_hal_rng.o
                0x00000000080036e8                HAL_RNG_GenerateRandomNumber
 .text.HAL_TIM_Base_MspInit
                0x0000000008003744        0x2 src/Drivers/STM32F4xx_HAL_Driver/Src/stm32f4xx_hal_tim.o
                0x0000000008003744                HAL_TIM_Base_MspInit
 .text.HAL_TIM_Base_Start_IT
                0x0000000008003746       0x18 src/Drivers/STM32F4xx_HAL_Driver/Src/stm32f4xx_hal_tim.o
                0x0000000008003746                HAL_TIM_Base_Start_IT
 *fill*         0x000000000800375e        0x2 
 .text.TIM_Base_SetConfig
                0x0000000008003760       0xd4 src/Drivers/STM32F4xx_HAL_Driver/Src/stm32f4xx_hal_tim.o
                0x0000000008003760                TIM_Base_SetConfig
 .text.HAL_TIM_Base_Init
                0x0000000008003834       0x2e src/Drivers/STM32F4xx_HAL_Driver/Src/stm32f4xx_hal_tim.o
                0x0000000008003834                HAL_TIM_Base_Init
 .text.SDIO_Init
                0x0000000008003862       0x38 src/Drivers/STM32F4xx_HAL_Driver/Src/stm32f4xx_ll_sdmmc.o
                0x0000000008003862                SDIO_Init
 .text.SDIO_ReadFIFO
                0x000000000800389a        0x6 src/Drivers/STM32F4xx_HAL_Driver/Src/stm32f4xx_ll_sdmmc.o
                0x000000000800389a                SDIO_ReadFIFO
 .text.SDIO_PowerState_ON
                0x00000000080038a0        0x8 src/Drivers/STM32F4xx_HAL_Driver/Src/stm32f4xx_ll_sdmmc.o
                0x00000000080038a0                SDIO_PowerState_ON
 .text.SDIO_GetPowerState
                0x00000000080038a8        0x8 src/Drivers/STM32F4xx_HAL_Driver/Src/stm32f4xx_ll_sdmmc.o
                0x00000000080038a8                SDIO_GetPowerState
 .text.SDIO_SendCommand
                0x00000000080038b0       0x2a src/Drivers/STM32F4xx_HAL_Driver/Src/stm32f4xx_ll_sdmmc.o
                0x00000000080038b0                SDIO_SendCommand
 .text.SDIO_GetCommandResponse
                0x00000000080038da        0x6 src/Drivers/STM32F4xx_HAL_Driver/Src/stm32f4xx_ll_sdmmc.o
                0x00000000080038da                SDIO_GetCommandResponse
 .text.SDIO_GetResponse
                0x00000000080038e0       0x18 src/Drivers/STM32F4xx_HAL_Driver/Src/stm32f4xx_ll_sdmmc.o
                0x00000000080038e0                SDIO_GetResponse
 .text.SDIO_DataConfig
                0x00000000080038f8       0x2a src/Drivers/STM32F4xx_HAL_Driver/Src/stm32f4xx_ll_sdmmc.o
                0x00000000080038f8                SDIO_DataConfig
 *fill*         0x0000000008003922        0x2 
 .text.prvHelpCommand
                0x0000000008003924       0x34 src/FreeRTOS+CLI/FreeRTOS_CLI.o
 .text.FreeRTOS_CLIRegisterCommand
                0x0000000008003958       0x48 src/FreeRTOS+CLI/FreeRTOS_CLI.o
                0x0000000008003958                FreeRTOS_CLIRegisterCommand
 .text.FreeRTOS_CLIProcessCommand
                0x00000000080039a0       0xe0 src/FreeRTOS+CLI/FreeRTOS_CLI.o
                0x00000000080039a0                FreeRTOS_CLIProcessCommand
 .text.FreeRTOS_CLIGetParameter
                0x0000000008003a80       0x68 src/FreeRTOS+CLI/FreeRTOS_CLI.o
                0x0000000008003a80                FreeRTOS_CLIGetParameter
 .text.FF_GetCRC32
                0x0000000008003ae8       0x34 src/FreeRTOS+FAT/ff_crc.o
                0x0000000008003ae8                FF_GetCRC32
 .text.FF_GetCRC16
                0x0000000008003b1c       0x38 src/FreeRTOS+FAT/ff_crc.o
                0x0000000008003b1c                FF_GetCRC16
 .text.FF_CreateChkSum
                0x0000000008003b54       0x28 src/FreeRTOS+FAT/ff_dir.o
 .text.FF_PlaceTime
                0x0000000008003b7c       0x2a src/FreeRTOS+FAT/ff_dir.o
 .text.FF_PlaceDate
                0x0000000008003ba6       0x2e src/FreeRTOS+FAT/ff_dir.o
 .text.FF_GetTime
                0x0000000008003bd4       0x30 src/FreeRTOS+FAT/ff_dir.o
 .text.FF_GetDate
                0x0000000008003c04       0x32 src/FreeRTOS+FAT/ff_dir.o
 .text.FF_ProcessShortName
                0x0000000008003c36       0x5e src/FreeRTOS+FAT/ff_dir.o
 .text.FF_CreateLFNEntry
                0x0000000008003c94       0x96 src/FreeRTOS+FAT/ff_dir.o
 *fill*         0x0000000008003d2a        0x2 
 .text.FF_Traverse
                0x0000000008003d2c       0x80 src/FreeRTOS+FAT/ff_dir.o
 .text.strcasecmp
                0x0000000008003dac       0x38 src/FreeRTOS+FAT/ff_dir.o
                0x0000000008003dac                strcasecmp
 .text.FF_PopulateShortDirent
                0x0000000008003de4       0xc4 src/FreeRTOS+FAT/ff_dir.o
                0x0000000008003de4                FF_PopulateShortDirent
 .text.FF_InitEntryFetch
                0x0000000008003ea8       0x4e src/FreeRTOS+FAT/ff_dir.o
                0x0000000008003ea8                FF_InitEntryFetch
 .text.FF_CleanupEntryFetch
                0x0000000008003ef6       0x18 src/FreeRTOS+FAT/ff_dir.o
                0x0000000008003ef6                FF_CleanupEntryFetch
 *fill*         0x0000000008003f0e        0x2 
 .text.FF_FetchEntryWithContext
                0x0000000008003f10       0xf0 src/FreeRTOS+FAT/ff_dir.o
                0x0000000008003f10                FF_FetchEntryWithContext
 .text.FF_PushEntryWithContext
                0x0000000008004000       0xec src/FreeRTOS+FAT/ff_dir.o
                0x0000000008004000                FF_PushEntryWithContext
 .text.FF_PopulateLongDirent
                0x00000000080040ec      0x1e4 src/FreeRTOS+FAT/ff_dir.o
                0x00000000080040ec                FF_PopulateLongDirent
 .text.FF_FindEntryInDir
                0x00000000080042d0      0x2dc src/FreeRTOS+FAT/ff_dir.o
                0x00000000080042d0                FF_FindEntryInDir
 .text.FF_FindDir
                0x00000000080045ac      0x170 src/FreeRTOS+FAT/ff_dir.o
                0x00000000080045ac                FF_FindDir
 .text.FF_GetEntry
                0x000000000800471c       0x98 src/FreeRTOS+FAT/ff_dir.o
                0x000000000800471c                FF_GetEntry
 .text.FF_FindNext
                0x00000000080047b4      0x198 src/FreeRTOS+FAT/ff_dir.o
                0x00000000080047b4                FF_FindNext
 .text.FF_FindFirst
                0x000000000800494c       0x84 src/FreeRTOS+FAT/ff_dir.o
                0x000000000800494c                FF_FindFirst
 .text.FF_PutEntry
                0x00000000080049d0       0xfc src/FreeRTOS+FAT/ff_dir.o
                0x00000000080049d0                FF_PutEntry
 .text.FF_CreateShortName
                0x0000000008004acc      0x20c src/FreeRTOS+FAT/ff_dir.o
                0x0000000008004acc                FF_CreateShortName
 .text.FF_FindShortName
                0x0000000008004cd8      0x208 src/FreeRTOS+FAT/ff_dir.o
                0x0000000008004cd8                FF_FindShortName
 .text.FF_ExtendDirectory
                0x0000000008004ee0       0xcc src/FreeRTOS+FAT/ff_dir.o
                0x0000000008004ee0                FF_ExtendDirectory
 .text.FF_CreateDirent
                0x0000000008004fac      0x41c src/FreeRTOS+FAT/ff_dir.o
                0x0000000008004fac                FF_CreateDirent
 .text.FF_CreateFile
                0x00000000080053c8       0x96 src/FreeRTOS+FAT/ff_dir.o
                0x00000000080053c8                FF_CreateFile
 *fill*         0x000000000800545e        0x2 
 .text.FF_MkDir
                0x0000000008005460      0x1e8 src/FreeRTOS+FAT/ff_dir.o
                0x0000000008005460                FF_MkDir
 .text.FF_RmLFNs
                0x0000000008005648       0x58 src/FreeRTOS+FAT/ff_dir.o
                0x0000000008005648                FF_RmLFNs
 .text.FF_Cluster2LBA
                0x00000000080056a0       0x1a src/FreeRTOS+FAT/ff_fat.o
                0x00000000080056a0                FF_Cluster2LBA
 .text.FF_getClusterChainNumber
                0x00000000080056ba       0x14 src/FreeRTOS+FAT/ff_fat.o
                0x00000000080056ba                FF_getClusterChainNumber
 .text.FF_getClusterPosition
                0x00000000080056ce       0x22 src/FreeRTOS+FAT/ff_fat.o
                0x00000000080056ce                FF_getClusterPosition
 .text.FF_getMajorBlockNumber
                0x00000000080056f0       0x26 src/FreeRTOS+FAT/ff_fat.o
                0x00000000080056f0                FF_getMajorBlockNumber
 .text.FF_getMinorBlockNumber
                0x0000000008005716       0x34 src/FreeRTOS+FAT/ff_fat.o
                0x0000000008005716                FF_getMinorBlockNumber
 .text.FF_getMinorBlockEntry
                0x000000000800574a       0x38 src/FreeRTOS+FAT/ff_fat.o
                0x000000000800574a                FF_getMinorBlockEntry
 .text.FF_ReleaseFATBuffers
                0x0000000008005782       0x32 src/FreeRTOS+FAT/ff_fat.o
                0x0000000008005782                FF_ReleaseFATBuffers
 .text.prvGetFromFATBuffers
                0x00000000080057b4       0x6c src/FreeRTOS+FAT/ff_fat.o
                0x00000000080057b4                prvGetFromFATBuffers
 .text.FF_getFATEntry
                0x0000000008005820      0x11c src/FreeRTOS+FAT/ff_fat.o
                0x0000000008005820                FF_getFATEntry
 .text.FF_ClearCluster
                0x000000000800593c       0x98 src/FreeRTOS+FAT/ff_fat.o
                0x000000000800593c                FF_ClearCluster
 .text.FF_isEndOfChain
                0x00000000080059d4       0x38 src/FreeRTOS+FAT/ff_fat.o
                0x00000000080059d4                FF_isEndOfChain
 .text.FF_TraverseFAT
                0x0000000008005a0c       0x98 src/FreeRTOS+FAT/ff_fat.o
                0x0000000008005a0c                FF_TraverseFAT
 .text.FF_FindEndOfChain
                0x0000000008005aa4       0x2e src/FreeRTOS+FAT/ff_fat.o
                0x0000000008005aa4                FF_FindEndOfChain
 *fill*         0x0000000008005ad2        0x2 
 .text.FF_putFATEntry
                0x0000000008005ad4      0x164 src/FreeRTOS+FAT/ff_fat.o
                0x0000000008005ad4                FF_putFATEntry
 .text.FF_FindFreeCluster
                0x0000000008005c38      0x270 src/FreeRTOS+FAT/ff_fat.o
                0x0000000008005c38                FF_FindFreeCluster
 .text.FF_CreateClusterChain
                0x0000000008005ea8       0x3e src/FreeRTOS+FAT/ff_fat.o
                0x0000000008005ea8                FF_CreateClusterChain
 .text.FF_GetChainLength
                0x0000000008005ee6       0x66 src/FreeRTOS+FAT/ff_fat.o
                0x0000000008005ee6                FF_GetChainLength
 .text.FF_UnlinkClusterChain
                0x0000000008005f4c       0xd4 src/FreeRTOS+FAT/ff_fat.o
                0x0000000008005f4c                FF_UnlinkClusterChain
 .text.FF_CountFreeClusters
                0x0000000008006020      0x1f4 src/FreeRTOS+FAT/ff_fat.o
                0x0000000008006020                FF_CountFreeClusters
 .text.FF_GetFreeSize
                0x0000000008006214       0x4c src/FreeRTOS+FAT/ff_fat.o
                0x0000000008006214                FF_GetFreeSize
 .text.FF_RmPathCache
                0x0000000008006260       0x5a src/FreeRTOS+FAT/ff_file.o
 .text.FF_GetSequentialClusters
                0x00000000080062ba       0x62 src/FreeRTOS+FAT/ff_file.o
 .text.FF_SetCluster
                0x000000000800631c       0x9c src/FreeRTOS+FAT/ff_file.o
 .text.FF_ReadPartial
                0x00000000080063b8       0x40 src/FreeRTOS+FAT/ff_file.o
 .text.FF_WritePartial
                0x00000000080063f8       0x68 src/FreeRTOS+FAT/ff_file.o
 .text.FF_Truncate
                0x0000000008006460       0xc2 src/FreeRTOS+FAT/ff_file.o
 *fill*         0x0000000008006522        0x2 
 .text.FF_ExtendFile
                0x0000000008006524      0x188 src/FreeRTOS+FAT/ff_file.o
 .text.FF_GetModeBits
                0x00000000080066ac      0x17c src/FreeRTOS+FAT/ff_file.o
                0x00000000080066ac                FF_GetModeBits
 .text.FF_Open  0x0000000008006828      0x264 src/FreeRTOS+FAT/ff_file.o
                0x0000000008006828                FF_Open
 .text.FF_isDirEmpty
                0x0000000008006a8c       0x58 src/FreeRTOS+FAT/ff_file.o
                0x0000000008006a8c                FF_isDirEmpty
 .text.FF_GetC  0x0000000008006ae4       0x78 src/FreeRTOS+FAT/ff_file.o
                0x0000000008006ae4                FF_GetC
 .text.FF_Invalidate
                0x0000000008006b5c       0x4c src/FreeRTOS+FAT/ff_file.o
                0x0000000008006b5c                FF_Invalidate
 .text.FF_CheckValid
                0x0000000008006ba8       0x60 src/FreeRTOS+FAT/ff_file.o
                0x0000000008006ba8                FF_CheckValid
 .text.FF_Read  0x0000000008006c08      0x2e0 src/FreeRTOS+FAT/ff_file.o
                0x0000000008006c08                FF_Read
 .text.FF_Seek  0x0000000008006ee8       0x68 src/FreeRTOS+FAT/ff_file.o
                0x0000000008006ee8                FF_Seek
 .text.FF_PutC  0x0000000008006f50       0xa0 src/FreeRTOS+FAT/ff_file.o
                0x0000000008006f50                FF_PutC
 .text.FF_Write
                0x0000000008006ff0      0x2ec src/FreeRTOS+FAT/ff_file.o
                0x0000000008006ff0                FF_Write
 .text.FF_Close
                0x00000000080072dc      0x144 src/FreeRTOS+FAT/ff_file.o
                0x00000000080072dc                FF_Close
 .text.FF_RmDir
                0x0000000008007420      0x124 src/FreeRTOS+FAT/ff_file.o
                0x0000000008007420                FF_RmDir
 .text.FF_RmFile
                0x0000000008007544       0xea src/FreeRTOS+FAT/ff_file.o
                0x0000000008007544                FF_RmFile
 *fill*         0x000000000800762e        0x2 
 .text.FF_Move  0x0000000008007630      0x244 src/FreeRTOS+FAT/ff_file.o
                0x0000000008007630                FF_Move
 .text.FF_DeleteIOManager
                0x0000000008007874       0x40 src/FreeRTOS+FAT/ff_ioman.o
                0x0000000008007874                FF_DeleteIOManager
 .text.FF_IOMAN_InitBufferDescriptors
                0x00000000080078b4       0x34 src/FreeRTOS+FAT/ff_ioman.o
                0x00000000080078b4                FF_IOMAN_InitBufferDescriptors
 .text.FF_CreateIOManger
                0x00000000080078e8      0x124 src/FreeRTOS+FAT/ff_ioman.o
                0x00000000080078e8                FF_CreateIOManger
 .text.FF_BlockRead
                0x0000000008007a0c       0x70 src/FreeRTOS+FAT/ff_ioman.o
                0x0000000008007a0c                FF_BlockRead
 .text.FF_BlockWrite
                0x0000000008007a7c       0x70 src/FreeRTOS+FAT/ff_ioman.o
                0x0000000008007a7c                FF_BlockWrite
 .text.FF_FlushCache
                0x0000000008007aec       0xc4 src/FreeRTOS+FAT/ff_ioman.o
                0x0000000008007aec                FF_FlushCache
 .text.FF_GetBuffer
                0x0000000008007bb0      0x194 src/FreeRTOS+FAT/ff_ioman.o
                0x0000000008007bb0                FF_GetBuffer
 .text.FF_ReleaseBuffer
                0x0000000008007d44       0x68 src/FreeRTOS+FAT/ff_ioman.o
                0x0000000008007d44                FF_ReleaseBuffer
 .text.FF_ReadParts
                0x0000000008007dac       0x62 src/FreeRTOS+FAT/ff_ioman.o
                0x0000000008007dac                FF_ReadParts
 *fill*         0x0000000008007e0e        0x2 
 .text.FF_PartitionSearch
                0x0000000008007e10      0x494 src/FreeRTOS+FAT/ff_ioman.o
                0x0000000008007e10                FF_PartitionSearch
 .text.FF_Mount
                0x00000000080082a4      0x550 src/FreeRTOS+FAT/ff_ioman.o
                0x00000000080082a4                FF_Mount
 .text.FF_Unmount
                0x00000000080087f4       0x7c src/FreeRTOS+FAT/ff_ioman.o
                0x00000000080087f4                FF_Unmount
 .text.FF_IncreaseFreeClusters
                0x0000000008008870      0x114 src/FreeRTOS+FAT/ff_ioman.o
                0x0000000008008870                FF_IncreaseFreeClusters
 .text.FF_DecreaseFreeClusters
                0x0000000008008984      0x114 src/FreeRTOS+FAT/ff_ioman.o
                0x0000000008008984                FF_DecreaseFreeClusters
 .text.FF_PendSemaphore
                0x0000000008008a98       0x20 src/FreeRTOS+FAT/ff_locking.o
                0x0000000008008a98                FF_PendSemaphore
 .text.FF_ReleaseSemaphore
                0x0000000008008ab8       0x1c src/FreeRTOS+FAT/ff_locking.o
                0x0000000008008ab8                FF_ReleaseSemaphore
 .text.FF_CreateEvents
                0x0000000008008ad4       0x1c src/FreeRTOS+FAT/ff_locking.o
                0x0000000008008ad4                FF_CreateEvents
 .text.FF_LockDirectory
                0x0000000008008af0       0x32 src/FreeRTOS+FAT/ff_locking.o
                0x0000000008008af0                FF_LockDirectory
 *fill*         0x0000000008008b22        0x2 
 .text.FF_UnlockDirectory
                0x0000000008008b24       0x30 src/FreeRTOS+FAT/ff_locking.o
                0x0000000008008b24                FF_UnlockDirectory
 .text.FF_Has_Lock
                0x0000000008008b54       0x28 src/FreeRTOS+FAT/ff_locking.o
                0x0000000008008b54                FF_Has_Lock
 .text.FF_Assert_Lock
                0x0000000008008b7c       0x28 src/FreeRTOS+FAT/ff_locking.o
                0x0000000008008b7c                FF_Assert_Lock
 .text.FF_LockFAT
                0x0000000008008ba4       0x50 src/FreeRTOS+FAT/ff_locking.o
                0x0000000008008ba4                FF_LockFAT
 .text.FF_UnlockFAT
                0x0000000008008bf4       0x34 src/FreeRTOS+FAT/ff_locking.o
                0x0000000008008bf4                FF_UnlockFAT
 .text.FF_BufferWait
                0x0000000008008c28       0x34 src/FreeRTOS+FAT/ff_locking.o
                0x0000000008008c28                FF_BufferWait
 .text.FF_BufferProceed
                0x0000000008008c5c        0xe src/FreeRTOS+FAT/ff_locking.o
                0x0000000008008c5c                FF_BufferProceed
 .text.pxFindCWD
                0x0000000008008c6a       0x2e src/FreeRTOS+FAT/ff_stdio.o
 .text.prvABSPath
                0x0000000008008c98       0xe8 src/FreeRTOS+FAT/ff_stdio.o
 .text.prvFFErrorToErrno
                0x0000000008008d80      0x150 src/FreeRTOS+FAT/ff_stdio.o
 .text.prvFileTime
                0x0000000008008ed0       0x2e src/FreeRTOS+FAT/ff_stdio.o
 .text.ff_fopen
                0x0000000008008efe       0x4a src/FreeRTOS+FAT/ff_stdio.o
                0x0000000008008efe                ff_fopen
 .text.ff_fclose
                0x0000000008008f48       0x20 src/FreeRTOS+FAT/ff_stdio.o
                0x0000000008008f48                ff_fclose
 .text.ff_fseek
                0x0000000008008f68       0x38 src/FreeRTOS+FAT/ff_stdio.o
                0x0000000008008f68                ff_fseek
 .text.ff_fread
                0x0000000008008fa0       0x24 src/FreeRTOS+FAT/ff_stdio.o
                0x0000000008008fa0                ff_fread
 .text.ff_fwrite
                0x0000000008008fc4       0x24 src/FreeRTOS+FAT/ff_stdio.o
                0x0000000008008fc4                ff_fwrite
 .text.ff_fgetc
                0x0000000008008fe8       0x20 src/FreeRTOS+FAT/ff_stdio.o
                0x0000000008008fe8                ff_fgetc
 .text.ff_fputc
                0x0000000008009008       0x26 src/FreeRTOS+FAT/ff_stdio.o
                0x0000000008009008                ff_fputc
 .text.ff_mkdir
                0x000000000800902e       0x4c src/FreeRTOS+FAT/ff_stdio.o
                0x000000000800902e                ff_mkdir
 .text.ff_rmdir
                0x000000000800907a       0x3c src/FreeRTOS+FAT/ff_stdio.o
                0x000000000800907a                ff_rmdir
 .text.ff_remove
                0x00000000080090b6       0x3c src/FreeRTOS+FAT/ff_stdio.o
                0x00000000080090b6                ff_remove
 .text.ff_rename
                0x00000000080090f2       0x82 src/FreeRTOS+FAT/ff_stdio.o
                0x00000000080090f2                ff_rename
 .text.ff_stat  0x0000000008009174      0x12c src/FreeRTOS+FAT/ff_stdio.o
                0x0000000008009174                ff_stat
 .text.ff_getcwd
                0x00000000080092a0       0x54 src/FreeRTOS+FAT/ff_stdio.o
                0x00000000080092a0                ff_getcwd
 .text.ff_findnext
                0x00000000080092f4      0x1f0 src/FreeRTOS+FAT/ff_stdio.o
                0x00000000080092f4                ff_findnext
 .text.ff_findfirst
                0x00000000080094e4       0x88 src/FreeRTOS+FAT/ff_stdio.o
                0x00000000080094e4                ff_findfirst
 .text.ff_deltree_recurse
                0x000000000800956c      0x18c src/FreeRTOS+FAT/ff_stdio.o
 .text.ff_diskfree
                0x00000000080096f8       0x62 src/FreeRTOS+FAT/ff_stdio.o
                0x00000000080096f8                ff_diskfree
 .text.ff_finddir
                0x000000000800975a       0x2c src/FreeRTOS+FAT/ff_stdio.o
                0x000000000800975a                ff_finddir
 *fill*         0x0000000008009786        0x2 
 .text.ff_chdir
                0x0000000008009788       0x90 src/FreeRTOS+FAT/ff_stdio.o
                0x0000000008009788                ff_chdir
 .text.ff_deltree
                0x0000000008009818       0x70 src/FreeRTOS+FAT/ff_stdio.o
                0x0000000008009818                ff_deltree
 .text.FF_tolower
                0x0000000008009888       0x26 src/FreeRTOS+FAT/ff_string.o
                0x0000000008009888                FF_tolower
 .text.FF_strmatch
                0x00000000080098ae       0x62 src/FreeRTOS+FAT/ff_string.o
                0x00000000080098ae                FF_strmatch
 .text.FF_strtok
                0x0000000008009910       0x9c src/FreeRTOS+FAT/ff_string.o
                0x0000000008009910                FF_strtok
 .text.FF_FS_Count
                0x00000000080099ac        0xc src/FreeRTOS+FAT/ff_sys.o
                0x00000000080099ac                FF_FS_Count
 .text.FF_FS_Init
                0x00000000080099b8       0x20 src/FreeRTOS+FAT/ff_sys.o
                0x00000000080099b8                FF_FS_Init
 .text.FF_FS_Add
                0x00000000080099d8       0xdc src/FreeRTOS+FAT/ff_sys.o
                0x00000000080099d8                FF_FS_Add
 .text.FF_FS_Find
                0x0000000008009ab4       0xac src/FreeRTOS+FAT/ff_sys.o
                0x0000000008009ab4                FF_FS_Find
 .text.FF_FS_Get
                0x0000000008009b60       0x38 src/FreeRTOS+FAT/ff_sys.o
                0x0000000008009b60                FF_FS_Get
 .text.FreeRTOS_gmtime_r
                0x0000000008009b98      0x150 src/FreeRTOS+FAT/ff_time.o
                0x0000000008009b98                FreeRTOS_gmtime_r
 .text.FF_GetSystemTime
                0x0000000008009ce8       0x3a src/FreeRTOS+FAT/ff_time.o
                0x0000000008009ce8                FF_GetSystemTime
 *fill*         0x0000000008009d22        0x2 
 .text.FreeRTOS_mktime
                0x0000000008009d24       0x90 src/FreeRTOS+FAT/ff_time.o
                0x0000000008009d24                FreeRTOS_mktime
 .text.prvSDCodePrintable
                0x0000000008009db4       0x40 src/FreeRTOS+FAT/portable/STM32F4xx/ff_sddisk.o
 .text.prvFFRead
                0x0000000008009df4      0x16c src/FreeRTOS+FAT/portable/STM32F4xx/ff_sddisk.o
 .text.prvFFWrite
                0x0000000008009f60      0x130 src/FreeRTOS+FAT/portable/STM32F4xx/ff_sddisk.o
 .text.prvEventWaitFunction
                0x000000000800a090       0x3c src/FreeRTOS+FAT/portable/STM32F4xx/ff_sddisk.o
 .text.prvEventSetupFunction
                0x000000000800a0cc       0x1c src/FreeRTOS+FAT/portable/STM32F4xx/ff_sddisk.o
 .text.prvSDMMCInit
                0x000000000800a0e8      0x254 src/FreeRTOS+FAT/portable/STM32F4xx/ff_sddisk.o
 .text.FF_SDDiskUnmount
                0x000000000800a33c       0x40 src/FreeRTOS+FAT/portable/STM32F4xx/ff_sddisk.o
                0x000000000800a33c                FF_SDDiskUnmount
 .text.FF_SDDiskMount
                0x000000000800a37c       0x3c src/FreeRTOS+FAT/portable/STM32F4xx/ff_sddisk.o
                0x000000000800a37c                FF_SDDiskMount
 .text.sddisk_ioman
                0x000000000800a3b8       0x16 src/FreeRTOS+FAT/portable/STM32F4xx/ff_sddisk.o
                0x000000000800a3b8                sddisk_ioman
 .text.FF_SDDiskDelete
                0x000000000800a3ce       0x36 src/FreeRTOS+FAT/portable/STM32F4xx/ff_sddisk.o
                0x000000000800a3ce                FF_SDDiskDelete
 .text.FF_SDDiskShowPartition
                0x000000000800a404      0x104 src/FreeRTOS+FAT/portable/STM32F4xx/ff_sddisk.o
                0x000000000800a404                FF_SDDiskShowPartition
 .text.FF_SDDiskInit
                0x000000000800a508      0x124 src/FreeRTOS+FAT/portable/STM32F4xx/ff_sddisk.o
                0x000000000800a508                FF_SDDiskInit
 .text.FF_SDDiskDetect
                0x000000000800a62c       0x70 src/FreeRTOS+FAT/portable/STM32F4xx/ff_sddisk.o
                0x000000000800a62c                FF_SDDiskDetect
 .text.SDIO_IRQHandler
                0x000000000800a69c       0x40 src/FreeRTOS+FAT/portable/STM32F4xx/ff_sddisk.o
                0x000000000800a69c                SDIO_IRQHandler
 .text.DMA2_Stream6_IRQHandler
                0x000000000800a6dc       0x44 src/FreeRTOS+FAT/portable/STM32F4xx/ff_sddisk.o
                0x000000000800a6dc                DMA2_Stream6_IRQHandler
 .text.DMA2_Stream3_IRQHandler
                0x000000000800a720       0x44 src/FreeRTOS+FAT/portable/STM32F4xx/ff_sddisk.o
                0x000000000800a720                DMA2_Stream3_IRQHandler
 .text.HAL_GPIO_EXTI_Callback
                0x000000000800a764       0x38 src/FreeRTOS+FAT/portable/STM32F4xx/ff_sddisk.o
                0x000000000800a764                HAL_GPIO_EXTI_Callback
 .text.EXTI15_10_IRQHandler
                0x000000000800a79c        0xc src/FreeRTOS+FAT/portable/STM32F4xx/ff_sddisk.o
                0x000000000800a79c                EXTI15_10_IRQHandler
 .text.SD_CmdResp2Error
                0x000000000800a7a8       0x32 src/FreeRTOS+FAT/portable/STM32F4xx/stm32f4xx_hal_sd.o
 *fill*         0x000000000800a7da        0x2 
 .text.SD_CmdResp1Error
                0x000000000800a7dc      0x140 src/FreeRTOS+FAT/portable/STM32F4xx/stm32f4xx_hal_sd.o
 .text.SD_FindSCR
                0x000000000800a91c      0x13c src/FreeRTOS+FAT/portable/STM32F4xx/stm32f4xx_hal_sd.o
 .text.HAL_SD_MspInit
                0x000000000800aa58        0x2 src/FreeRTOS+FAT/portable/STM32F4xx/stm32f4xx_hal_sd.o
                0x000000000800aa58                HAL_SD_MspInit
 *fill*         0x000000000800aa5a        0x2 
 .text.HAL_SD_ReadBlocks_DMA
                0x000000000800aa5c       0xfc src/FreeRTOS+FAT/portable/STM32F4xx/stm32f4xx_hal_sd.o
                0x000000000800aa5c                HAL_SD_ReadBlocks_DMA
 .text.HAL_SD_WriteBlocks_DMA
                0x000000000800ab58       0xf0 src/FreeRTOS+FAT/portable/STM32F4xx/stm32f4xx_hal_sd.o
                0x000000000800ab58                HAL_SD_WriteBlocks_DMA
 .text.HAL_SD_XferCpltCallback
                0x000000000800ac48        0x2 src/FreeRTOS+FAT/portable/STM32F4xx/stm32f4xx_hal_sd.o
                0x000000000800ac48                HAL_SD_XferCpltCallback
 .text.HAL_SD_XferErrorCallback
                0x000000000800ac4a        0x2 src/FreeRTOS+FAT/portable/STM32F4xx/stm32f4xx_hal_sd.o
                0x000000000800ac4a                HAL_SD_XferErrorCallback
 .text.HAL_SD_IRQHandler
                0x000000000800ac4c       0x9e src/FreeRTOS+FAT/portable/STM32F4xx/stm32f4xx_hal_sd.o
                0x000000000800ac4c                HAL_SD_IRQHandler
 .text.HAL_SD_DMA_RxCpltCallback
                0x000000000800acea        0x2 src/FreeRTOS+FAT/portable/STM32F4xx/stm32f4xx_hal_sd.o
                0x000000000800acea                HAL_SD_DMA_RxCpltCallback
 .text.SD_DMA_RxCplt
                0x000000000800acec       0x10 src/FreeRTOS+FAT/portable/STM32F4xx/stm32f4xx_hal_sd.o
 .text.HAL_SD_DMA_RxErrorCallback
                0x000000000800acfc        0x2 src/FreeRTOS+FAT/portable/STM32F4xx/stm32f4xx_hal_sd.o
                0x000000000800acfc                HAL_SD_DMA_RxErrorCallback
 .text.SD_DMA_RxError
                0x000000000800acfe        0xc src/FreeRTOS+FAT/portable/STM32F4xx/stm32f4xx_hal_sd.o
 .text.HAL_SD_DMA_TxCpltCallback
                0x000000000800ad0a        0x2 src/FreeRTOS+FAT/portable/STM32F4xx/stm32f4xx_hal_sd.o
                0x000000000800ad0a                HAL_SD_DMA_TxCpltCallback
 .text.SD_DMA_TxCplt
                0x000000000800ad0c       0x10 src/FreeRTOS+FAT/portable/STM32F4xx/stm32f4xx_hal_sd.o
 .text.HAL_SD_DMA_TxErrorCallback
                0x000000000800ad1c        0x2 src/FreeRTOS+FAT/portable/STM32F4xx/stm32f4xx_hal_sd.o
                0x000000000800ad1c                HAL_SD_DMA_TxErrorCallback
 .text.SD_DMA_TxError
                0x000000000800ad1e        0xc src/FreeRTOS+FAT/portable/STM32F4xx/stm32f4xx_hal_sd.o
 .text.HAL_SD_Get_CardInfo
                0x000000000800ad2a      0x29a src/FreeRTOS+FAT/portable/STM32F4xx/stm32f4xx_hal_sd.o
                0x000000000800ad2a                HAL_SD_Get_CardInfo
 .text.HAL_SD_Init
                0x000000000800afc4      0x458 src/FreeRTOS+FAT/portable/STM32F4xx/stm32f4xx_hal_sd.o
                0x000000000800afc4                HAL_SD_Init
 .text.HAL_SD_WideBusOperation_Config
                0x000000000800b41c      0x15a src/FreeRTOS+FAT/portable/STM32F4xx/stm32f4xx_hal_sd.o
                0x000000000800b41c                HAL_SD_WideBusOperation_Config
 .text.HAL_SD_StopTransfer
                0x000000000800b576       0x2e src/FreeRTOS+FAT/portable/STM32F4xx/stm32f4xx_hal_sd.o
                0x000000000800b576                HAL_SD_StopTransfer
 .text.HAL_SD_CheckReadOperation
                0x000000000800b5a4       0x9c src/FreeRTOS+FAT/portable/STM32F4xx/stm32f4xx_hal_sd.o
                0x000000000800b5a4                HAL_SD_CheckReadOperation
 .text.HAL_SD_GetStatus
                0x000000000800b640       0x46 src/FreeRTOS+FAT/portable/STM32F4xx/stm32f4xx_hal_sd.o
                0x000000000800b640                HAL_SD_GetStatus
 *fill*         0x000000000800b686        0x2 
 .text.HAL_SD_CheckWriteOperation
                0x000000000800b688       0xa4 src/FreeRTOS+FAT/portable/STM32F4xx/stm32f4xx_hal_sd.o
                0x000000000800b688                HAL_SD_CheckWriteOperation
 .text.vARPRefreshCacheEntry
                0x000000000800b72c      0x130 src/FreeRTOS+TCP/FreeRTOS_ARP.o
                0x000000000800b72c                vARPRefreshCacheEntry
 .text.eARPProcessPacket
                0x000000000800b85c       0xa4 src/FreeRTOS+TCP/FreeRTOS_ARP.o
                0x000000000800b85c                eARPProcessPacket
 .text.eARPGetCacheEntry
                0x000000000800b900       0xb8 src/FreeRTOS+TCP/FreeRTOS_ARP.o
                0x000000000800b900                eARPGetCacheEntry
 .text.vARPGenerateRequestPacket
                0x000000000800b9b8       0x58 src/FreeRTOS+TCP/FreeRTOS_ARP.o
                0x000000000800b9b8                vARPGenerateRequestPacket
 .text.FreeRTOS_OutputARPRequest
                0x000000000800ba10       0x20 src/FreeRTOS+TCP/FreeRTOS_ARP.o
                0x000000000800ba10                FreeRTOS_OutputARPRequest
 .text.vARPAgeCache
                0x000000000800ba30       0x80 src/FreeRTOS+TCP/FreeRTOS_ARP.o
                0x000000000800ba30                vARPAgeCache
 .text.prvSkipNameField
                0x000000000800bab0       0x1e src/FreeRTOS+TCP/FreeRTOS_DNS.o
 *fill*         0x000000000800bace        0x2 
 .text.prvParseDNSReply
                0x000000000800bad0      0x358 src/FreeRTOS+TCP/FreeRTOS_DNS.o
 .text.FreeRTOS_dnslookup
                0x000000000800be28       0x4c src/FreeRTOS+TCP/FreeRTOS_DNS.o
                0x000000000800be28                FreeRTOS_dnslookup
 .text.vDNSInitialise
                0x000000000800be74       0x10 src/FreeRTOS+TCP/FreeRTOS_DNS.o
                0x000000000800be74                vDNSInitialise
 .text.vDNSCheckCallBack
                0x000000000800be84       0x80 src/FreeRTOS+TCP/FreeRTOS_DNS.o
                0x000000000800be84                vDNSCheckCallBack
 .text.FreeRTOS_gethostbyname_a
                0x000000000800bf04      0x274 src/FreeRTOS+TCP/FreeRTOS_DNS.o
                0x000000000800bf04                FreeRTOS_gethostbyname_a
 .text.FreeRTOS_gethostbyname
                0x000000000800c178        0xe src/FreeRTOS+TCP/FreeRTOS_DNS.o
                0x000000000800c178                FreeRTOS_gethostbyname
 .text.ulDNSHandlePacket
                0x000000000800c186       0x10 src/FreeRTOS+TCP/FreeRTOS_DNS.o
                0x000000000800c186                ulDNSHandlePacket
 .text.prvIPTimerCheck
                0x000000000800c196       0x50 src/FreeRTOS+TCP/FreeRTOS_IP.o
 *fill*         0x000000000800c1e6        0x2 
 .text.xIsCallingFromIPTask
                0x000000000800c1e8       0x18 src/FreeRTOS+TCP/FreeRTOS_IP.o
                0x000000000800c1e8                xIsCallingFromIPTask
 .text.FreeRTOS_GetUDPPayloadBuffer
                0x000000000800c200       0x1e src/FreeRTOS+TCP/FreeRTOS_IP.o
                0x000000000800c200                FreeRTOS_GetUDPPayloadBuffer
 .text.pxDuplicateNetworkBufferWithDescriptor
                0x000000000800c21e       0x2a src/FreeRTOS+TCP/FreeRTOS_IP.o
                0x000000000800c21e                pxDuplicateNetworkBufferWithDescriptor
 .text.pxUDPPayloadBuffer_to_NetworkBuffer
                0x000000000800c248       0x16 src/FreeRTOS+TCP/FreeRTOS_IP.o
                0x000000000800c248                pxUDPPayloadBuffer_to_NetworkBuffer
 .text.FreeRTOS_ReleaseUDPPayloadBuffer
                0x000000000800c25e        0xc src/FreeRTOS+TCP/FreeRTOS_IP.o
                0x000000000800c25e                FreeRTOS_ReleaseUDPPayloadBuffer
 *fill*         0x000000000800c26a        0x2 
 .text.FreeRTOS_IPInit
                0x000000000800c26c      0x16c src/FreeRTOS+TCP/FreeRTOS_IP.o
                0x000000000800c26c                FreeRTOS_IPInit
 .text.FreeRTOS_GetAddressConfiguration
                0x000000000800c3d8       0x50 src/FreeRTOS+TCP/FreeRTOS_IP.o
                0x000000000800c3d8                FreeRTOS_GetAddressConfiguration
 .text.xSendEventStructToIPTask
                0x000000000800c428       0x70 src/FreeRTOS+TCP/FreeRTOS_IP.o
                0x000000000800c428                xSendEventStructToIPTask
 .text.FreeRTOS_NetworkDown
                0x000000000800c498       0x20 src/FreeRTOS+TCP/FreeRTOS_IP.o
                0x000000000800c498                FreeRTOS_NetworkDown
 .text.FreeRTOS_SendPingRequest
                0x000000000800c4b8       0x9c src/FreeRTOS+TCP/FreeRTOS_IP.o
                0x000000000800c4b8                FreeRTOS_SendPingRequest
 .text.xSendEventToIPTask
                0x000000000800c554       0x18 src/FreeRTOS+TCP/FreeRTOS_IP.o
                0x000000000800c554                xSendEventToIPTask
 .text.vIPNetworkUpCalls
                0x000000000800c56c       0x38 src/FreeRTOS+TCP/FreeRTOS_IP.o
                0x000000000800c56c                vIPNetworkUpCalls
 .text.vReturnEthernetFrame
                0x000000000800c5a4       0x2c src/FreeRTOS+TCP/FreeRTOS_IP.o
                0x000000000800c5a4                vReturnEthernetFrame
 .text.prvIPTask
                0x000000000800c5d0      0x488 src/FreeRTOS+TCP/FreeRTOS_IP.o
 .text.FreeRTOS_GetIPAddress
                0x000000000800ca58        0xc src/FreeRTOS+TCP/FreeRTOS_IP.o
                0x000000000800ca58                FreeRTOS_GetIPAddress
 .text.vIPSetDnsTimerEnableState
                0x000000000800ca64       0x20 src/FreeRTOS+TCP/FreeRTOS_IP.o
                0x000000000800ca64                vIPSetDnsTimerEnableState
 .text.vIPReloadDNSTimer
                0x000000000800ca84       0x38 src/FreeRTOS+TCP/FreeRTOS_IP.o
                0x000000000800ca84                vIPReloadDNSTimer
 .text.xIPIsNetworkTaskReady
                0x000000000800cabc        0xc src/FreeRTOS+TCP/FreeRTOS_IP.o
                0x000000000800cabc                xIPIsNetworkTaskReady
 .text.prvValidSocket
                0x000000000800cac8       0x26 src/FreeRTOS+TCP/FreeRTOS_Sockets.o
 .text.pxListFindListItemWithValue
                0x000000000800caee       0x3e src/FreeRTOS+TCP/FreeRTOS_Sockets.o
 .text.prvFindSelectedSocket
                0x000000000800cb2c       0x3e src/FreeRTOS+TCP/FreeRTOS_Sockets.o
 *fill*         0x000000000800cb6a        0x2 
 .text.vNetworkSocketsInit
                0x000000000800cb6c       0x60 src/FreeRTOS+TCP/FreeRTOS_Sockets.o
                0x000000000800cb6c                vNetworkSocketsInit
 .text.FreeRTOS_socket
                0x000000000800cbcc      0x130 src/FreeRTOS+TCP/FreeRTOS_Sockets.o
                0x000000000800cbcc                FreeRTOS_socket
 .text.FreeRTOS_CreateSocketSet
                0x000000000800ccfc       0x2a src/FreeRTOS+TCP/FreeRTOS_Sockets.o
                0x000000000800ccfc                FreeRTOS_CreateSocketSet
 .text.FreeRTOS_DeleteSocketSet
                0x000000000800cd26       0x12 src/FreeRTOS+TCP/FreeRTOS_Sockets.o
                0x000000000800cd26                FreeRTOS_DeleteSocketSet
 .text.FreeRTOS_FD_SET
                0x000000000800cd38       0x48 src/FreeRTOS+TCP/FreeRTOS_Sockets.o
                0x000000000800cd38                FreeRTOS_FD_SET
 .text.FreeRTOS_FD_CLR
                0x000000000800cd80       0x44 src/FreeRTOS+TCP/FreeRTOS_Sockets.o
                0x000000000800cd80                FreeRTOS_FD_CLR
 .text.FreeRTOS_select
                0x000000000800cdc4       0x74 src/FreeRTOS+TCP/FreeRTOS_Sockets.o
                0x000000000800cdc4                FreeRTOS_select
 .text.FreeRTOS_recvfrom
                0x000000000800ce38      0x11e src/FreeRTOS+TCP/FreeRTOS_Sockets.o
                0x000000000800ce38                FreeRTOS_recvfrom
 .text.FreeRTOS_bind
                0x000000000800cf56       0x6e src/FreeRTOS+TCP/FreeRTOS_Sockets.o
                0x000000000800cf56                FreeRTOS_bind
 .text.FreeRTOS_sendto
                0x000000000800cfc4      0x100 src/FreeRTOS+TCP/FreeRTOS_Sockets.o
                0x000000000800cfc4                FreeRTOS_sendto
 .text.vSocketBind
                0x000000000800d0c4      0x108 src/FreeRTOS+TCP/FreeRTOS_Sockets.o
                0x000000000800d0c4                vSocketBind
 .text.FreeRTOS_closesocket
                0x000000000800d1cc       0x30 src/FreeRTOS+TCP/FreeRTOS_Sockets.o
                0x000000000800d1cc                FreeRTOS_closesocket
 .text.vSocketClose
                0x000000000800d1fc       0xb0 src/FreeRTOS+TCP/FreeRTOS_Sockets.o
                0x000000000800d1fc                vSocketClose
 .text.pxUDPSocketLookup
                0x000000000800d2ac       0x2c src/FreeRTOS+TCP/FreeRTOS_Sockets.o
                0x000000000800d2ac                pxUDPSocketLookup
 .text.FreeRTOS_inet_addr
                0x000000000800d2d8       0xa0 src/FreeRTOS+TCP/FreeRTOS_Sockets.o
                0x000000000800d2d8                FreeRTOS_inet_addr
 .text.FreeRTOS_GetLocalAddress
                0x000000000800d378       0x18 src/FreeRTOS+TCP/FreeRTOS_Sockets.o
                0x000000000800d378                FreeRTOS_GetLocalAddress
 .text.vSocketWakeUpUser
                0x000000000800d390       0x38 src/FreeRTOS+TCP/FreeRTOS_Sockets.o
                0x000000000800d390                vSocketWakeUpUser
 .text.FreeRTOS_accept
                0x000000000800d3c8      0x12c src/FreeRTOS+TCP/FreeRTOS_Sockets.o
                0x000000000800d3c8                FreeRTOS_accept
 .text.FreeRTOS_recv
                0x000000000800d4f4      0x194 src/FreeRTOS+TCP/FreeRTOS_Sockets.o
                0x000000000800d4f4                FreeRTOS_recv
 .text.FreeRTOS_send
                0x000000000800d688      0x1b6 src/FreeRTOS+TCP/FreeRTOS_Sockets.o
                0x000000000800d688                FreeRTOS_send
 .text.FreeRTOS_listen
                0x000000000800d83e       0x90 src/FreeRTOS+TCP/FreeRTOS_Sockets.o
                0x000000000800d83e                FreeRTOS_listen
 .text.FreeRTOS_shutdown
                0x000000000800d8ce       0x3e src/FreeRTOS+TCP/FreeRTOS_Sockets.o
                0x000000000800d8ce                FreeRTOS_shutdown
 .text.xTCPTimerCheck
                0x000000000800d90c       0x90 src/FreeRTOS+TCP/FreeRTOS_Sockets.o
                0x000000000800d90c                xTCPTimerCheck
 .text.pxTCPSocketLookup
                0x000000000800d99c       0x50 src/FreeRTOS+TCP/FreeRTOS_Sockets.o
                0x000000000800d99c                pxTCPSocketLookup
 .text.lTCPAddRxdata
                0x000000000800d9ec       0xec src/FreeRTOS+TCP/FreeRTOS_Sockets.o
                0x000000000800d9ec                lTCPAddRxdata
 .text.FreeRTOS_GetRemoteAddress
                0x000000000800dad8       0x3c src/FreeRTOS+TCP/FreeRTOS_Sockets.o
                0x000000000800dad8                FreeRTOS_GetRemoteAddress
 .text.FreeRTOS_tx_space
                0x000000000800db14       0x2a src/FreeRTOS+TCP/FreeRTOS_Sockets.o
                0x000000000800db14                FreeRTOS_tx_space
 .text.FreeRTOS_tx_size
                0x000000000800db3e       0x28 src/FreeRTOS+TCP/FreeRTOS_Sockets.o
                0x000000000800db3e                FreeRTOS_tx_size
 *fill*         0x000000000800db66        0x2 
 .text.FreeRTOS_setsockopt
                0x000000000800db68      0x27c src/FreeRTOS+TCP/FreeRTOS_Sockets.o
                0x000000000800db68                FreeRTOS_setsockopt
 .text.FreeRTOS_issocketconnected
                0x000000000800dde4       0x20 src/FreeRTOS+TCP/FreeRTOS_Sockets.o
                0x000000000800dde4                FreeRTOS_issocketconnected
 .text.FreeRTOS_connect
                0x000000000800de04      0x104 src/FreeRTOS+TCP/FreeRTOS_Sockets.o
                0x000000000800de04                FreeRTOS_connect
 .text.FreeRTOS_connstatus
                0x000000000800df08       0x12 src/FreeRTOS+TCP/FreeRTOS_Sockets.o
                0x000000000800df08                FreeRTOS_connstatus
 .text.FreeRTOS_rx_size
                0x000000000800df1a       0x28 src/FreeRTOS+TCP/FreeRTOS_Sockets.o
                0x000000000800df1a                FreeRTOS_rx_size
 .text.FreeRTOS_netstat
                0x000000000800df42       0x1e src/FreeRTOS+TCP/FreeRTOS_Sockets.o
                0x000000000800df42                FreeRTOS_netstat
 .text.vTCPNetStat
                0x000000000800df60      0x130 src/FreeRTOS+TCP/FreeRTOS_Sockets.o
                0x000000000800df60                vTCPNetStat
 .text.vSocketSelect
                0x000000000800e090      0x168 src/FreeRTOS+TCP/FreeRTOS_Sockets.o
                0x000000000800e090                vSocketSelect
 .text.FreeRTOS_SignalSocket
                0x000000000800e1f8       0x32 src/FreeRTOS+TCP/FreeRTOS_Sockets.o
                0x000000000800e1f8                FreeRTOS_SignalSocket
 *fill*         0x000000000800e22a        0x2 
 .text.FreeRTOS_SignalSocketFromISR
                0x000000000800e22c       0x5c src/FreeRTOS+TCP/FreeRTOS_Sockets.o
                0x000000000800e22c                FreeRTOS_SignalSocketFromISR
 .text.uxStreamBufferAdd
                0x000000000800e288       0xc8 src/FreeRTOS+TCP/FreeRTOS_Stream_Buffer.o
                0x000000000800e288                uxStreamBufferAdd
 .text.uxStreamBufferGet
                0x000000000800e350       0x80 src/FreeRTOS+TCP/FreeRTOS_Stream_Buffer.o
                0x000000000800e350                uxStreamBufferGet
 .text.prvSocketSetMSS
                0x000000000800e3d0       0x44 src/FreeRTOS+TCP/FreeRTOS_TCP_IP.o
 .text.prvTCPAddTxData
                0x000000000800e414       0x52 src/FreeRTOS+TCP/FreeRTOS_TCP_IP.o
 *fill*         0x000000000800e466        0x2 
 .text.prvTCPReturnPacket
                0x000000000800e468      0x200 src/FreeRTOS+TCP/FreeRTOS_TCP_IP.o
 .text.prvTCPSendReset
                0x000000000800e668       0x20 src/FreeRTOS+TCP/FreeRTOS_TCP_IP.o
 .text.prvTCPCreateWindow
                0x000000000800e688       0x32 src/FreeRTOS+TCP/FreeRTOS_TCP_IP.o
 *fill*         0x000000000800e6ba        0x2 
 .text.prvTCPNextTimeout
                0x000000000800e6bc       0xb4 src/FreeRTOS+TCP/FreeRTOS_TCP_IP.o
 .text.vTCPStateChange
                0x000000000800e770      0x1c0 src/FreeRTOS+TCP/FreeRTOS_TCP_IP.o
                0x000000000800e770                vTCPStateChange
 .text.prvTCPPrepareSend
                0x000000000800e930      0x2f0 src/FreeRTOS+TCP/FreeRTOS_TCP_IP.o
 .text.prvTCPSendRepeated
                0x000000000800ec20       0x36 src/FreeRTOS+TCP/FreeRTOS_TCP_IP.o
 *fill*         0x000000000800ec56        0x2 
 .text.xTCPSocketCheck
                0x000000000800ec58      0x2d8 src/FreeRTOS+TCP/FreeRTOS_TCP_IP.o
                0x000000000800ec58                xTCPSocketCheck
 .text.prvTCPHandleFin
                0x000000000800ef30       0xde src/FreeRTOS+TCP/FreeRTOS_TCP_IP.o
 *fill*         0x000000000800f00e        0x2 
 .text.xProcessReceivedTCPPacket
                0x000000000800f010      0xaa8 src/FreeRTOS+TCP/FreeRTOS_TCP_IP.o
                0x000000000800f010                xProcessReceivedTCPPacket
 .text.FreeRTOS_GetTCPStateName
                0x000000000800fab8       0x14 src/FreeRTOS+TCP/FreeRTOS_TCP_IP.o
                0x000000000800fab8                FreeRTOS_GetTCPStateName
 .text.xTCPCheckNewClient
                0x000000000800facc       0x50 src/FreeRTOS+TCP/FreeRTOS_TCP_IP.o
                0x000000000800facc                xTCPCheckNewClient
 .text.xTCPWindowRxFind
                0x000000000800fb1c       0x32 src/FreeRTOS+TCP/FreeRTOS_TCP_WIN.o
 .text.xTCPWindowPeekHead
                0x000000000800fb4e        0xe src/FreeRTOS+TCP/FreeRTOS_TCP_WIN.o
 .text.prvTCPWindowTxHasSpace
                0x000000000800fb5c       0x48 src/FreeRTOS+TCP/FreeRTOS_TCP_WIN.o
 .text.xTCPWindowGetHead
                0x000000000800fba4       0x16 src/FreeRTOS+TCP/FreeRTOS_TCP_WIN.o
 .text.vListInsertGeneric
                0x000000000800fbba       0x16 src/FreeRTOS+TCP/FreeRTOS_TCP_WIN.o
                0x000000000800fbba                vListInsertGeneric
 .text.vTCPWindowFree
                0x000000000800fbd0       0x38 src/FreeRTOS+TCP/FreeRTOS_TCP_WIN.o
 .text.prvTCPWindowTxCheckAck
                0x000000000800fc08      0x100 src/FreeRTOS+TCP/FreeRTOS_TCP_WIN.o
 .text.xTCPWindowNew
                0x000000000800fd08       0x8c src/FreeRTOS+TCP/FreeRTOS_TCP_WIN.o
 .text.xTCPWindowRxEmpty
                0x000000000800fd94       0x16 src/FreeRTOS+TCP/FreeRTOS_TCP_WIN.o
                0x000000000800fd94                xTCPWindowRxEmpty
 .text.vTCPWindowDestroy
                0x000000000800fdaa       0x50 src/FreeRTOS+TCP/FreeRTOS_TCP_WIN.o
                0x000000000800fdaa                vTCPWindowDestroy
 .text.vTCPWindowInit
                0x000000000800fdfa       0x4e src/FreeRTOS+TCP/FreeRTOS_TCP_WIN.o
                0x000000000800fdfa                vTCPWindowInit
 .text.vTCPWindowCreate
                0x000000000800fe48       0xa0 src/FreeRTOS+TCP/FreeRTOS_TCP_WIN.o
                0x000000000800fe48                vTCPWindowCreate
 .text.lTCPWindowRxCheck
                0x000000000800fee8      0x170 src/FreeRTOS+TCP/FreeRTOS_TCP_WIN.o
                0x000000000800fee8                lTCPWindowRxCheck
 .text.lTCPWindowTxAdd
                0x0000000008010058       0xd4 src/FreeRTOS+TCP/FreeRTOS_TCP_WIN.o
                0x0000000008010058                lTCPWindowTxAdd
 .text.xTCPWindowTxDone
                0x000000000801012c        0xc src/FreeRTOS+TCP/FreeRTOS_TCP_WIN.o
                0x000000000801012c                xTCPWindowTxDone
 .text.xTCPWindowTxHasData
                0x0000000008010138       0x74 src/FreeRTOS+TCP/FreeRTOS_TCP_WIN.o
                0x0000000008010138                xTCPWindowTxHasData
 .text.ulTCPWindowTxGet
                0x00000000080101ac       0xfc src/FreeRTOS+TCP/FreeRTOS_TCP_WIN.o
                0x00000000080101ac                ulTCPWindowTxGet
 .text.ulTCPWindowTxAck
                0x00000000080102a8       0x18 src/FreeRTOS+TCP/FreeRTOS_TCP_WIN.o
                0x00000000080102a8                ulTCPWindowTxAck
 .text.ulTCPWindowTxSack
                0x00000000080102c0       0x6a src/FreeRTOS+TCP/FreeRTOS_TCP_WIN.o
                0x00000000080102c0                ulTCPWindowTxSack
 *fill*         0x000000000801032a        0x2 
 .text.vProcessGeneratedUDPPacket
                0x000000000801032c       0xd0 src/FreeRTOS+TCP/FreeRTOS_UDP_IP.o
                0x000000000801032c                vProcessGeneratedUDPPacket
 .text.xProcessReceivedUDPPacket
                0x00000000080103fc       0xa2 src/FreeRTOS+TCP/FreeRTOS_UDP_IP.o
                0x00000000080103fc                xProcessReceivedUDPPacket
 *fill*         0x000000000801049e        0x2 
 .text.xNetworkBuffersInitialise
                0x00000000080104a0       0x84 src/FreeRTOS+TCP/portable/BufferManagement/BufferAllocation_2.o
                0x00000000080104a0                xNetworkBuffersInitialise
 .text.vReleaseNetworkBuffer
                0x0000000008010524        0xe src/FreeRTOS+TCP/portable/BufferManagement/BufferAllocation_2.o
                0x0000000008010524                vReleaseNetworkBuffer
 *fill*         0x0000000008010532        0x2 
 .text.vReleaseNetworkBufferAndDescriptor
                0x0000000008010534       0x4c src/FreeRTOS+TCP/portable/BufferManagement/BufferAllocation_2.o
                0x0000000008010534                vReleaseNetworkBufferAndDescriptor
 .text.pxGetNetworkBufferWithDescriptor
                0x0000000008010580       0xb8 src/FreeRTOS+TCP/portable/BufferManagement/BufferAllocation_2.o
                0x0000000008010580                pxGetNetworkBufferWithDescriptor
 .text.uxGetNumberOfFreeNetworkBuffers
                0x0000000008010638        0xc src/FreeRTOS+TCP/portable/BufferManagement/BufferAllocation_2.o
                0x0000000008010638                uxGetNumberOfFreeNetworkBuffers
 .text.uxGetMinimumFreeNetworkBuffers
                0x0000000008010644        0xc src/FreeRTOS+TCP/portable/BufferManagement/BufferAllocation_2.o
                0x0000000008010644                uxGetMinimumFreeNetworkBuffers
 .text.prvNetworkInterfaceInput
                0x0000000008010650       0xd0 src/FreeRTOS+TCP/portable/NetworkInterface/STM32Fxx/NetworkInterface.o
 .text.prvEthernetUpdateConfig
                0x0000000008010720      0x170 src/FreeRTOS+TCP/portable/NetworkInterface/STM32Fxx/NetworkInterface.o
 .text.prvEMACHandlerTask
                0x0000000008010890      0x10c src/FreeRTOS+TCP/portable/NetworkInterface/STM32Fxx/NetworkInterface.o
 .text.HAL_ETH_RxCpltCallback
                0x000000000801099c       0x44 src/FreeRTOS+TCP/portable/NetworkInterface/STM32Fxx/NetworkInterface.o
                0x000000000801099c                HAL_ETH_RxCpltCallback
 .text.HAL_ETH_TxCpltCallback
                0x00000000080109e0        0x2 src/FreeRTOS+TCP/portable/NetworkInterface/STM32Fxx/NetworkInterface.o
                0x00000000080109e0                HAL_ETH_TxCpltCallback
 *fill*         0x00000000080109e2        0x2 
 .text.xNetworkInterfaceInitialise
                0x00000000080109e4       0xd4 src/FreeRTOS+TCP/portable/NetworkInterface/STM32Fxx/NetworkInterface.o
                0x00000000080109e4                xNetworkInterfaceInitialise
 .text.xNetworkInterfaceOutput
                0x0000000008010ab8       0x74 src/FreeRTOS+TCP/portable/NetworkInterface/STM32Fxx/NetworkInterface.o
                0x0000000008010ab8                xNetworkInterfaceOutput
 .text.vMACBProbePhy
                0x0000000008010b2c      0x11c src/FreeRTOS+TCP/portable/NetworkInterface/STM32Fxx/NetworkInterface.o
                0x0000000008010b2c                vMACBProbePhy
 .text.xGetPhyLinkStatus
                0x0000000008010c48       0x10 src/FreeRTOS+TCP/portable/NetworkInterface/STM32Fxx/NetworkInterface.o
                0x0000000008010c48                xGetPhyLinkStatus
 .text.ETH_IRQHandler
                0x0000000008010c58       0x10 src/FreeRTOS+TCP/portable/NetworkInterface/STM32Fxx/NetworkInterface.o
                0x0000000008010c58                ETH_IRQHandler
 .text.FreeRTOS_CreateTCPServer
                0x0000000008010c68      0x174 src/FreeRTOS+TCP/protocols/Common/FreeRTOS_TCP_server.o
                0x0000000008010c68                FreeRTOS_CreateTCPServer
 .text.FreeRTOS_TCPServerWork
                0x0000000008010ddc      0x134 src/FreeRTOS+TCP/protocols/Common/FreeRTOS_TCP_server.o
                0x0000000008010ddc                FreeRTOS_TCPServerWork
 .text.FreeRTOS_TCPServerSignalFromISR
                0x0000000008010f10       0x3c src/FreeRTOS+TCP/protocols/Common/FreeRTOS_TCP_server.o
                0x0000000008010f10                FreeRTOS_TCPServerSignalFromISR
 .text.prvSendReply
                0x0000000008010f4c       0x84 src/FreeRTOS+TCP/protocols/FTP/FreeRTOS_FTP_server.o
 .text.prvTransferStart
                0x0000000008010fd0       0x4e src/FreeRTOS+TCP/protocols/FTP/FreeRTOS_FTP_server.o
 .text.prvTransferCloseFile
                0x000000000801101e       0x2c src/FreeRTOS+TCP/protocols/FTP/FreeRTOS_FTP_server.o
 .text.prvStoreFileWork
                0x000000000801104a       0x5e src/FreeRTOS+TCP/protocols/FTP/FreeRTOS_FTP_server.o
 .text.prvTransferCloseSocket
                0x00000000080110a8      0x220 src/FreeRTOS+TCP/protocols/FTP/FreeRTOS_FTP_server.o
 .text.prvTransferConnect
                0x00000000080112c8       0xfc src/FreeRTOS+TCP/protocols/FTP/FreeRTOS_FTP_server.o
 .text.prvTransferCheck
                0x00000000080113c4      0x150 src/FreeRTOS+TCP/protocols/FTP/FreeRTOS_FTP_server.o
 .text.vFTPClientDelete
                0x0000000008011514       0x28 src/FreeRTOS+TCP/protocols/FTP/FreeRTOS_FTP_server.o
                0x0000000008011514                vFTPClientDelete
 .text.xMakeAbsolute
                0x000000000801153c       0xc4 src/FreeRTOS+TCP/protocols/FTP/FreeRTOS_FTP_server.o
                0x000000000801153c                xMakeAbsolute
 .text.prvSizeDateFile
                0x0000000008011600       0xe4 src/FreeRTOS+TCP/protocols/FTP/FreeRTOS_FTP_server.o
 .text.prvChangeDir
                0x00000000080116e4      0x154 src/FreeRTOS+TCP/protocols/FTP/FreeRTOS_FTP_server.o
 .text.xMakeRelative
                0x0000000008011838       0x44 src/FreeRTOS+TCP/protocols/FTP/FreeRTOS_FTP_server.o
                0x0000000008011838                xMakeRelative
 .text.xFTPClientWork
                0x000000000801187c     0x11f8 src/FreeRTOS+TCP/protocols/FTP/FreeRTOS_FTP_server.o
                0x000000000801187c                xFTPClientWork
 .text.webCodename
                0x0000000008012a74       0x80 src/FreeRTOS+TCP/protocols/HTTP/FreeRTOS_HTTP_commands.o
                0x0000000008012a74                webCodename
 .text.prvFileClose
                0x0000000008012af4       0x2c src/FreeRTOS+TCP/protocols/HTTP/FreeRTOS_HTTP_server.o
 .text.prvSendReply
                0x0000000008012b20       0x70 src/FreeRTOS+TCP/protocols/HTTP/FreeRTOS_HTTP_server.o
 .text.prvSendFile
                0x0000000008012b90      0x138 src/FreeRTOS+TCP/protocols/HTTP/FreeRTOS_HTTP_server.o
 .text.vHTTPClientDelete
                0x0000000008012cc8       0x24 src/FreeRTOS+TCP/protocols/HTTP/FreeRTOS_HTTP_server.o
                0x0000000008012cc8                vHTTPClientDelete
 .text.xHTTPClientWork
                0x0000000008012cec      0x1a8 src/FreeRTOS+TCP/protocols/HTTP/FreeRTOS_HTTP_server.o
                0x0000000008012cec                xHTTPClientWork
 .text.xEventGroupCreate
                0x0000000008012e94       0x1a src/FreeRTOS_Source/event_groups.o
                0x0000000008012e94                xEventGroupCreate
 *fill*         0x0000000008012eae        0x2 
 .text.xEventGroupWaitBits
                0x0000000008012eb0      0x108 src/FreeRTOS_Source/event_groups.o
                0x0000000008012eb0                xEventGroupWaitBits
 .text.xEventGroupClearBits
                0x0000000008012fb8       0x40 src/FreeRTOS_Source/event_groups.o
                0x0000000008012fb8                xEventGroupClearBits
 .text.xEventGroupSetBits
                0x0000000008012ff8       0x98 src/FreeRTOS_Source/event_groups.o
                0x0000000008012ff8                xEventGroupSetBits
 .text.vEventGroupDelete
                0x0000000008013090       0x48 src/FreeRTOS_Source/event_groups.o
                0x0000000008013090                vEventGroupDelete
 .text.vListInitialise
                0x00000000080130d8       0x16 src/FreeRTOS_Source/list.o
                0x00000000080130d8                vListInitialise
 .text.vListInitialiseItem
                0x00000000080130ee        0x6 src/FreeRTOS_Source/list.o
                0x00000000080130ee                vListInitialiseItem
 .text.vListInsertEnd
                0x00000000080130f4       0x18 src/FreeRTOS_Source/list.o
                0x00000000080130f4                vListInsertEnd
 .text.vListInsert
                0x000000000801310c       0x34 src/FreeRTOS_Source/list.o
                0x000000000801310c                vListInsert
 .text.uxListRemove
                0x0000000008013140       0x24 src/FreeRTOS_Source/list.o
                0x0000000008013140                uxListRemove
 .text.prvPortStartFirstTask
                0x0000000008013164       0x28 src/FreeRTOS_Source/portable/GCC/ARM_CM4F/port.o
 .text.vPortEnableVFP
                0x000000000801318c       0x14 src/FreeRTOS_Source/portable/GCC/ARM_CM4F/port.o
 .text.pxPortInitialiseStack
                0x00000000080131a0       0x26 src/FreeRTOS_Source/portable/GCC/ARM_CM4F/port.o
                0x00000000080131a0                pxPortInitialiseStack
 *fill*         0x00000000080131c6        0xa 
 .text.SVC_Handler
                0x00000000080131d0       0x24 src/FreeRTOS_Source/portable/GCC/ARM_CM4F/port.o
                0x00000000080131d0                SVC_Handler
 .text.vPortEnterCritical
                0x00000000080131f4       0x44 src/FreeRTOS_Source/portable/GCC/ARM_CM4F/port.o
                0x00000000080131f4                vPortEnterCritical
 .text.vPortExitCritical
                0x0000000008013238       0x2c src/FreeRTOS_Source/portable/GCC/ARM_CM4F/port.o
                0x0000000008013238                vPortExitCritical
 *fill*         0x0000000008013264        0xc 
 .text.PendSV_Handler
                0x0000000008013270       0x64 src/FreeRTOS_Source/portable/GCC/ARM_CM4F/port.o
                0x0000000008013270                PendSV_Handler
 .text.SysTick_Handler
                0x00000000080132d4       0x2c src/FreeRTOS_Source/portable/GCC/ARM_CM4F/port.o
                0x00000000080132d4                SysTick_Handler
 .text.vPortSetupTimerInterrupt
                0x0000000008013300       0x38 src/FreeRTOS_Source/portable/GCC/ARM_CM4F/port.o
                0x0000000008013300                vPortSetupTimerInterrupt
 .text.xPortStartScheduler
                0x0000000008013338      0x120 src/FreeRTOS_Source/portable/GCC/ARM_CM4F/port.o
                0x0000000008013338                xPortStartScheduler
 .text.vPortValidateInterruptPriority
                0x0000000008013458       0x58 src/FreeRTOS_Source/portable/GCC/ARM_CM4F/port.o
                0x0000000008013458                vPortValidateInterruptPriority
 .text.prvInsertBlockIntoFreeList
                0x00000000080134b0       0x58 src/FreeRTOS_Source/portable/MemMang/heap_5.o
 .text.pvPortMalloc
                0x0000000008013508       0xcc src/FreeRTOS_Source/portable/MemMang/heap_5.o
                0x0000000008013508                pvPortMalloc
 .text.vPortFree
                0x00000000080135d4       0x94 src/FreeRTOS_Source/portable/MemMang/heap_5.o
                0x00000000080135d4                vPortFree
 .text.xPortGetFreeHeapSize
                0x0000000008013668        0xc src/FreeRTOS_Source/portable/MemMang/heap_5.o
                0x0000000008013668                xPortGetFreeHeapSize
 .text.xPortGetMinimumEverFreeHeapSize
                0x0000000008013674        0xc src/FreeRTOS_Source/portable/MemMang/heap_5.o
                0x0000000008013674                xPortGetMinimumEverFreeHeapSize
 .text.vPortDefineHeapRegions
                0x0000000008013680       0xfc src/FreeRTOS_Source/portable/MemMang/heap_5.o
                0x0000000008013680                vPortDefineHeapRegions
 .text.prvCopyDataToQueue
                0x000000000801377c       0x76 src/FreeRTOS_Source/queue.o
 .text.prvCopyDataFromQueue
                0x00000000080137f2       0x24 src/FreeRTOS_Source/queue.o
 .text.prvUnlockQueue
                0x0000000008013816       0x82 src/FreeRTOS_Source/queue.o
 .text.xQueueGenericReset
                0x0000000008013898       0x84 src/FreeRTOS_Source/queue.o
                0x0000000008013898                xQueueGenericReset
 .text.xQueueGenericCreate
                0x000000000801391c       0x48 src/FreeRTOS_Source/queue.o
                0x000000000801391c                xQueueGenericCreate
 .text.xQueueCreateCountingSemaphore
                0x0000000008013964       0x3c src/FreeRTOS_Source/queue.o
                0x0000000008013964                xQueueCreateCountingSemaphore
 .text.xQueueGenericSend
                0x00000000080139a0      0x178 src/FreeRTOS_Source/queue.o
                0x00000000080139a0                xQueueGenericSend
 .text.xQueueCreateMutex
                0x0000000008013b18       0x24 src/FreeRTOS_Source/queue.o
                0x0000000008013b18                xQueueCreateMutex
 .text.xQueueGiveMutexRecursive
                0x0000000008013b3c       0x40 src/FreeRTOS_Source/queue.o
                0x0000000008013b3c                xQueueGiveMutexRecursive
 .text.xQueueGenericSendFromISR
                0x0000000008013b7c       0xc0 src/FreeRTOS_Source/queue.o
                0x0000000008013b7c                xQueueGenericSendFromISR
 .text.xQueueGiveFromISR
                0x0000000008013c3c       0xa4 src/FreeRTOS_Source/queue.o
                0x0000000008013c3c                xQueueGiveFromISR
 .text.xQueueGenericReceive
                0x0000000008013ce0      0x1a8 src/FreeRTOS_Source/queue.o
                0x0000000008013ce0                xQueueGenericReceive
 .text.xQueueTakeMutexRecursive
                0x0000000008013e88       0x48 src/FreeRTOS_Source/queue.o
                0x0000000008013e88                xQueueTakeMutexRecursive
 .text.uxQueueMessagesWaiting
                0x0000000008013ed0       0x24 src/FreeRTOS_Source/queue.o
                0x0000000008013ed0                uxQueueMessagesWaiting
 .text.vQueueAddToRegistry
                0x0000000008013ef4       0x34 src/FreeRTOS_Source/queue.o
                0x0000000008013ef4                vQueueAddToRegistry
 .text.vQueueUnregisterQueue
                0x0000000008013f28       0x34 src/FreeRTOS_Source/queue.o
                0x0000000008013f28                vQueueUnregisterQueue
 .text.vQueueDelete
                0x0000000008013f5c       0x24 src/FreeRTOS_Source/queue.o
                0x0000000008013f5c                vQueueDelete
 .text.prvResetNextTaskUnblockTime
                0x0000000008013f80       0x2c src/FreeRTOS_Source/tasks.o
 .text.prvAddCurrentTaskToDelayedList
                0x0000000008013fac       0x98 src/FreeRTOS_Source/tasks.o
 .text.prvWriteNameToBuffer
                0x0000000008014044       0x2c src/FreeRTOS_Source/tasks.o
 .text.xTaskCreate
                0x0000000008014070      0x1d0 src/FreeRTOS_Source/tasks.o
                0x0000000008014070                xTaskCreate
 .text.vTaskDelete
                0x0000000008014240       0xe4 src/FreeRTOS_Source/tasks.o
                0x0000000008014240                vTaskDelete
 .text.eTaskGetState
                0x0000000008014324       0x80 src/FreeRTOS_Source/tasks.o
                0x0000000008014324                eTaskGetState
 .text.vTaskPrioritySet
                0x00000000080143a4       0xe4 src/FreeRTOS_Source/tasks.o
                0x00000000080143a4                vTaskPrioritySet
 .text.vTaskStartScheduler
                0x0000000008014488       0x78 src/FreeRTOS_Source/tasks.o
                0x0000000008014488                vTaskStartScheduler
 .text.vTaskSuspendAll
                0x0000000008014500       0x10 src/FreeRTOS_Source/tasks.o
                0x0000000008014500                vTaskSuspendAll
 .text.xTaskGetTickCount
                0x0000000008014510        0xc src/FreeRTOS_Source/tasks.o
                0x0000000008014510                xTaskGetTickCount
 .text.pcTaskGetName
                0x000000000801451c       0x28 src/FreeRTOS_Source/tasks.o
                0x000000000801451c                pcTaskGetName
 .text.xTaskIncrementTick
                0x0000000008014544      0x170 src/FreeRTOS_Source/tasks.o
                0x0000000008014544                xTaskIncrementTick
 .text.xTaskResumeAll
                0x00000000080146b4      0x100 src/FreeRTOS_Source/tasks.o
                0x00000000080146b4                xTaskResumeAll
 .text.vTaskDelay
                0x00000000080147b4       0x48 src/FreeRTOS_Source/tasks.o
                0x00000000080147b4                vTaskDelay
 .text.prvIdleTask
                0x00000000080147fc       0x80 src/FreeRTOS_Source/tasks.o
 .text.vTaskSwitchContext
                0x000000000801487c       0xe4 src/FreeRTOS_Source/tasks.o
                0x000000000801487c                vTaskSwitchContext
 .text.vTaskPlaceOnEventList
                0x0000000008014960       0x34 src/FreeRTOS_Source/tasks.o
                0x0000000008014960                vTaskPlaceOnEventList
 .text.vTaskPlaceOnUnorderedEventList
                0x0000000008014994       0x54 src/FreeRTOS_Source/tasks.o
                0x0000000008014994                vTaskPlaceOnUnorderedEventList
 .text.xTaskRemoveFromEventList
                0x00000000080149e8       0x88 src/FreeRTOS_Source/tasks.o
                0x00000000080149e8                xTaskRemoveFromEventList
 .text.vTaskRemoveFromUnorderedEventList
                0x0000000008014a70       0x88 src/FreeRTOS_Source/tasks.o
                0x0000000008014a70                vTaskRemoveFromUnorderedEventList
 .text.vTaskSetTimeOutState
                0x0000000008014af8       0x2c src/FreeRTOS_Source/tasks.o
                0x0000000008014af8                vTaskSetTimeOutState
 .text.xTaskCheckForTimeOut
                0x0000000008014b24       0x78 src/FreeRTOS_Source/tasks.o
                0x0000000008014b24                xTaskCheckForTimeOut
 .text.vTaskMissedYield
                0x0000000008014b9c        0xc src/FreeRTOS_Source/tasks.o
                0x0000000008014b9c                vTaskMissedYield
 .text.vTaskSetThreadLocalStoragePointer
                0x0000000008014ba8       0x18 src/FreeRTOS_Source/tasks.o
                0x0000000008014ba8                vTaskSetThreadLocalStoragePointer
 .text.pvTaskGetThreadLocalStoragePointer
                0x0000000008014bc0       0x1c src/FreeRTOS_Source/tasks.o
                0x0000000008014bc0                pvTaskGetThreadLocalStoragePointer
 .text.vTaskGetInfo
                0x0000000008014bdc       0x88 src/FreeRTOS_Source/tasks.o
                0x0000000008014bdc                vTaskGetInfo
 .text.prvListTasksWithinSingleList
                0x0000000008014c64       0x58 src/FreeRTOS_Source/tasks.o
 .text.uxTaskGetSystemState
                0x0000000008014cbc       0xb8 src/FreeRTOS_Source/tasks.o
                0x0000000008014cbc                uxTaskGetSystemState
 .text.xTaskGetCurrentTaskHandle
                0x0000000008014d74        0xc src/FreeRTOS_Source/tasks.o
                0x0000000008014d74                xTaskGetCurrentTaskHandle
 .text.xTaskGetSchedulerState
                0x0000000008014d80       0x20 src/FreeRTOS_Source/tasks.o
                0x0000000008014d80                xTaskGetSchedulerState
 .text.vTaskPriorityInherit
                0x0000000008014da0       0x9c src/FreeRTOS_Source/tasks.o
                0x0000000008014da0                vTaskPriorityInherit
 .text.xTaskPriorityDisinherit
                0x0000000008014e3c       0xac src/FreeRTOS_Source/tasks.o
                0x0000000008014e3c                xTaskPriorityDisinherit
 .text.vTaskList
                0x0000000008014ee8       0xf0 src/FreeRTOS_Source/tasks.o
                0x0000000008014ee8                vTaskList
 .text.vTaskGetRunTimeStats
                0x0000000008014fd8       0xd8 src/FreeRTOS_Source/tasks.o
                0x0000000008014fd8                vTaskGetRunTimeStats
 .text.uxTaskResetEventItemValue
                0x00000000080150b0       0x18 src/FreeRTOS_Source/tasks.o
                0x00000000080150b0                uxTaskResetEventItemValue
 .text.pvTaskIncrementMutexHeldCount
                0x00000000080150c8       0x1c src/FreeRTOS_Source/tasks.o
                0x00000000080150c8                pvTaskIncrementMutexHeldCount
 .text.ulTaskNotifyTake
                0x00000000080150e4       0x78 src/FreeRTOS_Source/tasks.o
                0x00000000080150e4                ulTaskNotifyTake
 .text.xTaskGenericNotify
                0x000000000801515c       0xd4 src/FreeRTOS_Source/tasks.o
                0x000000000801515c                xTaskGenericNotify
 .text.vTaskNotifyGiveFromISR
                0x0000000008015230       0xc8 src/FreeRTOS_Source/tasks.o
                0x0000000008015230                vTaskNotifyGiveFromISR
 .text.prvPWDCommand
                0x00000000080152f8        0xa src/Standard_Demos_and_Utils/FreeRTOS_Plus_CLI_Demos/File-related-CLI-commands.o
 *fill*         0x0000000008015302        0x2 
 .text.prvCOPYCommand
                0x0000000008015304      0x1b8 src/Standard_Demos_and_Utils/FreeRTOS_Plus_CLI_Demos/File-related-CLI-commands.o
 .text.prvRMDIRCommand
                0x00000000080154bc       0x68 src/Standard_Demos_and_Utils/FreeRTOS_Plus_CLI_Demos/File-related-CLI-commands.o
 .text.prvCreateFileInfoString
                0x0000000008015524       0x48 src/Standard_Demos_and_Utils/FreeRTOS_Plus_CLI_Demos/File-related-CLI-commands.o
 .text.prvDELCommand
                0x000000000801556c       0x68 src/Standard_Demos_and_Utils/FreeRTOS_Plus_CLI_Demos/File-related-CLI-commands.o
 .text.prvTYPECommand
                0x00000000080155d4       0xc4 src/Standard_Demos_and_Utils/FreeRTOS_Plus_CLI_Demos/File-related-CLI-commands.o
 .text.prvCDCommand
                0x0000000008015698       0x78 src/Standard_Demos_and_Utils/FreeRTOS_Plus_CLI_Demos/File-related-CLI-commands.o
 .text.prvDIRCommand
                0x0000000008015710       0xc4 src/Standard_Demos_and_Utils/FreeRTOS_Plus_CLI_Demos/File-related-CLI-commands.o
 .text.vRegisterFileSystemCLICommands