Archive member included to satisfy reference by file (symbol)

/usr/local/Atollic_TrueSTUDIO/ARMTools/bin/../lib/gcc/arm-atollic-eabi/6.3.1/../../../../arm-atollic-eabi/lib/armv7e-m/fpu/libc_nano.a(lib_a-atol.o)
                              src/Standard_Demos_and_Utils/FreeRTOS_Plus_CLI_Demos/TCP-related-CLI-commands.o (atol)
/usr/local/Atollic_TrueSTUDIO/ARMTools/bin/../lib/gcc/arm-atollic-eabi/6.3.1/../../../../arm-atollic-eabi/lib/armv7e-m/fpu/libc_nano.a(lib_a-init.o)
                              src/Drivers/CMSIS/Device/ST/STM32F4xx/Source/Templates/gcc/startup_stm32f407xx.o (__libc_init_array)
/usr/local/Atollic_TrueSTUDIO/ARMTools/bin/../lib/gcc/arm-atollic-eabi/6.3.1/../../../../arm-atollic-eabi/lib/armv7e-m/fpu/libc_nano.a(lib_a-memcmp.o)
                              src/FreeRTOS+FAT/ff_dir.o (memcmp)
/usr/local/Atollic_TrueSTUDIO/ARMTools/bin/../lib/gcc/arm-atollic-eabi/6.3.1/../../../../arm-atollic-eabi/lib/armv7e-m/fpu/libc_nano.a(lib_a-memcpy-stub.o)
                              src/FreeRTOS+FAT/ff_dir.o (memcpy)
/usr/local/Atollic_TrueSTUDIO/ARMTools/bin/../lib/gcc/arm-atollic-eabi/6.3.1/../../../../arm-atollic-eabi/lib/armv7e-m/fpu/libc_nano.a(lib_a-memmove.o)
                              src/FreeRTOS+TCP/FreeRTOS_IP.o (memmove)
/usr/local/Atollic_TrueSTUDIO/ARMTools/bin/../lib/gcc/arm-atollic-eabi/6.3.1/../../../../arm-atollic-eabi/lib/armv7e-m/fpu/libc_nano.a(lib_a-memset.o)
                              src/FreeRTOS+FAT/ff_dir.o (memset)
/usr/local/Atollic_TrueSTUDIO/ARMTools/bin/../lib/gcc/arm-atollic-eabi/6.3.1/../../../../arm-atollic-eabi/lib/armv7e-m/fpu/libc_nano.a(lib_a-rand.o)
                              src/FreeRTOS+FAT/ff_format.o (rand)
/usr/local/Atollic_TrueSTUDIO/ARMTools/bin/../lib/gcc/arm-atollic-eabi/6.3.1/../../../../arm-atollic-eabi/lib/armv7e-m/fpu/libc_nano.a(lib_a-sscanf.o)
                              src/FreeRTOS+TCP/protocols/FTP/FreeRTOS_FTP_server.o (sscanf)
/usr/local/Atollic_TrueSTUDIO/ARMTools/bin/../lib/gcc/arm-atollic-eabi/6.3.1/../../../../arm-atollic-eabi/lib/armv7e-m/fpu/libc_nano.a(lib_a-stdio.o)
                              /usr/local/Atollic_TrueSTUDIO/ARMTools/bin/../lib/gcc/arm-atollic-eabi/6.3.1/../../../../arm-atollic-eabi/lib/armv7e-m/fpu/libc_nano.a(lib_a-sscanf.o) (__seofread)
/usr/local/Atollic_TrueSTUDIO/ARMTools/bin/../lib/gcc/arm-atollic-eabi/6.3.1/../../../../arm-atollic-eabi/lib/armv7e-m/fpu/libc_nano.a(lib_a-strchr.o)
                              src/FreeRTOS+FAT/ff_dir.o (strchr)
/usr/local/Atollic_TrueSTUDIO/ARMTools/bin/../lib/gcc/arm-atollic-eabi/6.3.1/../../../../arm-atollic-eabi/lib/armv7e-m/fpu/libc_nano.a(lib_a-strcmp.o)
                              src/FreeRTOS+FAT/ff_dir.o (strcmp)
/usr/local/Atollic_TrueSTUDIO/ARMTools/bin/../lib/gcc/arm-atollic-eabi/6.3.1/../../../../arm-atollic-eabi/lib/armv7e-m/fpu/libc_nano.a(lib_a-strcpy.o)
                              src/FreeRTOS+FAT/ff_dir.o (strcpy)
/usr/local/Atollic_TrueSTUDIO/ARMTools/bin/../lib/gcc/arm-atollic-eabi/6.3.1/../../../../arm-atollic-eabi/lib/armv7e-m/fpu/libc_nano.a(lib_a-strerror.o)
                              src/FreeRTOS+FAT/ff_stdio.o (strerror)
/usr/local/Atollic_TrueSTUDIO/ARMTools/bin/../lib/gcc/arm-atollic-eabi/6.3.1/../../../../arm-atollic-eabi/lib/armv7e-m/fpu/libc_nano.a(lib_a-strlen.o)
                              src/FreeRTOS+CLI/FreeRTOS_CLI.o (strlen)
/usr/local/Atollic_TrueSTUDIO/ARMTools/bin/../lib/gcc/arm-atollic-eabi/6.3.1/../../../../arm-atollic-eabi/lib/armv7e-m/fpu/libc_nano.a(lib_a-strncasecmp.o)
                              src/FreeRTOS+TCP/protocols/FTP/FreeRTOS_FTP_server.o (strncasecmp)
/usr/local/Atollic_TrueSTUDIO/ARMTools/bin/../lib/gcc/arm-atollic-eabi/6.3.1/../../../../arm-atollic-eabi/lib/armv7e-m/fpu/libc_nano.a(lib_a-strncat.o)
                              src/Standard_Demos_and_Utils/FreeRTOS_Plus_CLI_Demos/Sample-CLI-commands.o (strncat)
/usr/local/Atollic_TrueSTUDIO/ARMTools/bin/../lib/gcc/arm-atollic-eabi/6.3.1/../../../../arm-atollic-eabi/lib/armv7e-m/fpu/libc_nano.a(lib_a-strncmp.o)
                              src/FreeRTOS+CLI/FreeRTOS_CLI.o (strncmp)
/usr/local/Atollic_TrueSTUDIO/ARMTools/bin/../lib/gcc/arm-atollic-eabi/6.3.1/../../../../arm-atollic-eabi/lib/armv7e-m/fpu/libc_nano.a(lib_a-strncpy.o)
                              src/FreeRTOS+CLI/FreeRTOS_CLI.o (strncpy)
/usr/local/Atollic_TrueSTUDIO/ARMTools/bin/../lib/gcc/arm-atollic-eabi/6.3.1/../../../../arm-atollic-eabi/lib/armv7e-m/fpu/libc_nano.a(lib_a-strrchr.o)
                              src/FreeRTOS+TCP/protocols/FTP/FreeRTOS_FTP_server.o (strrchr)
/usr/local/Atollic_TrueSTUDIO/ARMTools/bin/../lib/gcc/arm-atollic-eabi/6.3.1/../../../../arm-atollic-eabi/lib/armv7e-m/fpu/libc_nano.a(lib_a-strtol.o)
                              /usr/local/Atollic_TrueSTUDIO/ARMTools/bin/../lib/gcc/arm-atollic-eabi/6.3.1/../../../../arm-atollic-eabi/lib/armv7e-m/fpu/libc_nano.a(lib_a-atol.o) (_strtol_r)
[...]
Memory Configuration

Name             Origin             Length             Attributes
FLASH            0x0000000008000000 0x0000000000100000 xr
RAM              0x0000000020000000 0x0000000000020000 xrw
MEMORY_B1        0x0000000060000000 0x0000000000000000 xr
CCMRAM           0x0000000010000000 0x0000000000010000 rw
*default*        0x0000000000000000 0xffffffffffffffff

Linker script and memory map

LOAD /usr/local/Atollic_TrueSTUDIO/ARMTools/bin/../lib/gcc/arm-atollic-eabi/6.3.1/armv7e-m/fpu/crti.o
LOAD /usr/local/Atollic_TrueSTUDIO/ARMTools/bin/../lib/gcc/arm-atollic-eabi/6.3.1/armv7e-m/fpu/crtbegin.o
LOAD src/Drivers/CMSIS/Device/ST/STM32F4xx/Source/Templates/gcc/startup_stm32f407xx.o
LOAD src/Drivers/CMSIS/Device/ST/STM32F4xx/Source/Templates/system_stm32f4xx.o
LOAD src/Drivers/STM32F4xx_HAL_Driver/Src/stm32f4xx_hal.o
LOAD src/Drivers/STM32F4xx_HAL_Driver/Src/stm32f4xx_hal_cortex.o
LOAD src/Drivers/STM32F4xx_HAL_Driver/Src/stm32f4xx_hal_dma.o
LOAD src/Drivers/STM32F4xx_HAL_Driver/Src/stm32f4xx_hal_dma_ex.o
LOAD src/Drivers/STM32F4xx_HAL_Driver/Src/stm32f4xx_hal_eth.o
LOAD src/Drivers/STM32F4xx_HAL_Driver/Src/stm32f4xx_hal_flash.o
LOAD src/Drivers/STM32F4xx_HAL_Driver/Src/stm32f4xx_hal_flash_ex.o
LOAD src/Drivers/STM32F4xx_HAL_Driver/Src/stm32f4xx_hal_flash_ramfunc.o
LOAD src/Drivers/STM32F4xx_HAL_Driver/Src/stm32f4xx_hal_gpio.o
LOAD src/Drivers/STM32F4xx_HAL_Driver/Src/stm32f4xx_hal_nor.o
LOAD src/Drivers/STM32F4xx_HAL_Driver/Src/stm32f4xx_hal_pwr.o
LOAD src/Drivers/STM32F4xx_HAL_Driver/Src/stm32f4xx_hal_pwr_ex.o
LOAD src/Drivers/STM32F4xx_HAL_Driver/Src/stm32f4xx_hal_rcc.o
LOAD src/Drivers/STM32F4xx_HAL_Driver/Src/stm32f4xx_hal_rcc_ex.o
LOAD src/Drivers/STM32F4xx_HAL_Driver/Src/stm32f4xx_hal_rng.o
LOAD src/Drivers/STM32F4xx_HAL_Driver/Src/stm32f4xx_hal_rtc.o
LOAD src/Drivers/STM32F4xx_HAL_Driver/Src/stm32f4xx_hal_rtc_ex.o
LOAD src/Drivers/STM32F4xx_HAL_Driver/Src/stm32f4xx_hal_sram.o
LOAD src/Drivers/STM32F4xx_HAL_Driver/Src/stm32f4xx_hal_tim.o
LOAD src/Drivers/STM32F4xx_HAL_Driver/Src/stm32f4xx_hal_tim_ex.o
LOAD src/Drivers/STM32F4xx_HAL_Driver/Src/stm32f4xx_hal_uart.o
LOAD src/Drivers/STM32F4xx_HAL_Driver/Src/stm32f4xx_ll_sdmmc.o
LOAD src/FreeRTOS+CLI/FreeRTOS_CLI.o
LOAD src/FreeRTOS+FAT/ff_crc.o
LOAD src/FreeRTOS+FAT/ff_dir.o
LOAD src/FreeRTOS+FAT/ff_error.o
LOAD src/FreeRTOS+FAT/ff_fat.o
LOAD src/FreeRTOS+FAT/ff_file.o
LOAD src/FreeRTOS+FAT/ff_format.o
LOAD src/FreeRTOS+FAT/ff_ioman.o
LOAD src/FreeRTOS+FAT/ff_locking.o
LOAD src/FreeRTOS+FAT/ff_memory.o
LOAD src/FreeRTOS+FAT/ff_stdio.o
LOAD src/FreeRTOS+FAT/ff_string.o
LOAD src/FreeRTOS+FAT/ff_sys.o
LOAD src/FreeRTOS+FAT/ff_time.o
LOAD src/FreeRTOS+FAT/portable/STM32F4xx/ff_sddisk.o
LOAD src/FreeRTOS+FAT/portable/STM32F4xx/stm32f4xx_hal_sd.o
LOAD src/FreeRTOS+TCP/FreeRTOS_ARP.o
LOAD src/FreeRTOS+TCP/FreeRTOS_DHCP.o
LOAD src/FreeRTOS+TCP/FreeRTOS_DNS.o
LOAD src/FreeRTOS+TCP/FreeRTOS_IP.o
LOAD src/FreeRTOS+TCP/FreeRTOS_Sockets.o
LOAD src/FreeRTOS+TCP/FreeRTOS_Stream_Buffer.o
LOAD src/FreeRTOS+TCP/FreeRTOS_TCP_IP.o
LOAD src/FreeRTOS+TCP/FreeRTOS_TCP_WIN.o
LOAD src/FreeRTOS+TCP/FreeRTOS_UDP_IP.o
LOAD src/FreeRTOS+TCP/portable/BufferManagement/BufferAllocation_2.o
LOAD src/FreeRTOS+TCP/portable/NetworkInterface/STM32Fxx/NetworkInterface.o
LOAD src/FreeRTOS+TCP/protocols/Common/FreeRTOS_TCP_server.o
LOAD src/FreeRTOS+TCP/protocols/FTP/FreeRTOS_FTP_commands.o
LOAD src/FreeRTOS+TCP/protocols/FTP/FreeRTOS_FTP_server.o
LOAD src/FreeRTOS+TCP/protocols/HTTP/FreeRTOS_HTTP_commands.o
LOAD src/FreeRTOS+TCP/protocols/HTTP/FreeRTOS_HTTP_server.o
LOAD src/FreeRTOS_Source/event_groups.o
LOAD src/FreeRTOS_Source/list.o
LOAD src/FreeRTOS_Source/portable/GCC/ARM_CM4F/port.o
LOAD src/FreeRTOS_Source/portable/MemMang/heap_5.o
LOAD src/FreeRTOS_Source/queue.o
LOAD src/FreeRTOS_Source/tasks.o
LOAD src/FreeRTOS_Source/timers.o
LOAD src/Standard_Demos_and_Utils/FreeRTOS_Plus_CLI_Demos/File-related-CLI-commands.o
LOAD src/Standard_Demos_and_Utils/FreeRTOS_Plus_CLI_Demos/Sample-CLI-commands.o
LOAD src/Standard_Demos_and_Utils/FreeRTOS_Plus_CLI_Demos/TCP-related-CLI-commands.o
LOAD src/Standard_Demos_and_Utils/FreeRTOS_Plus_CLI_Demos/UDPCommandConsole.o
LOAD src/Standard_Demos_and_Utils/FreeRTOS_Plus_FAT_Demos/CreateAndVerifyExampleFiles.o
LOAD src/Standard_Demos_and_Utils/FreeRTOS_Plus_FAT_Demos/test/ff_stdio_tests_with_cwd.o
LOAD src/Standard_Demos_and_Utils/FreeRTOS_Plus_TCP_Demos/SimpleTCPEchoServer.o
LOAD src/Standard_Demos_and_Utils/FreeRTOS_Plus_TCP_Demos/TCPEchoClient_SingleTasks.o
LOAD src/Standard_Demos_and_Utils/FreeRTOS_Plus_TCP_Demos/TFTPServer.o
LOAD src/Standard_Demos_and_Utils/FreeRTOS_Plus_TCP_Demos/TraceMacros/Example1/DemoIPTrace.o
LOAD src/Standard_Demos_and_Utils/Utilities/UDPLoggingPrintf.o
LOAD src/Standard_Demos_and_Utils/Utilities/date_and_time.o
LOAD src/Standard_Demos_and_Utils/Utilities/printf-stdarg.o
LOAD src/hr_gettime.o
LOAD src/main.o
                0x0000000000000080                malloc_getpagesize_P = 0x80
START GROUP
LOAD /usr/local/Atollic_TrueSTUDIO/ARMTools/bin/../lib/gcc/arm-atollic-eabi/6.3.1/../../../../arm-atollic-eabi/lib/armv7e-m/fpu/libc_nano.a
LOAD /usr/local/Atollic_TrueSTUDIO/ARMTools/bin/../lib/gcc/arm-atollic-eabi/6.3.1/../../../../arm-atollic-eabi/lib/armv7e-m/fpu/libm.a
END GROUP
START GROUP
LOAD /usr/local/Atollic_TrueSTUDIO/ARMTools/bin/../lib/gcc/arm-atollic-eabi/6.3.1/armv7e-m/fpu/libgcc.a
LOAD /usr/local/Atollic_TrueSTUDIO/ARMTools/bin/../lib/gcc/arm-atollic-eabi/6.3.1/../../../../arm-atollic-eabi/lib/armv7e-m/fpu/libc_nano.a
END GROUP
START GROUP
LOAD /usr/local/Atollic_TrueSTUDIO/ARMTools/bin/../lib/gcc/arm-atollic-eabi/6.3.1/armv7e-m/fpu/libgcc.a
LOAD /usr/local/Atollic_TrueSTUDIO/ARMTools/bin/../lib/gcc/arm-atollic-eabi/6.3.1/../../../../arm-atollic-eabi/lib/armv7e-m/fpu/libc_nano.a
LOAD /usr/local/Atollic_TrueSTUDIO/ARMTools/bin/../lib/gcc/arm-atollic-eabi/6.3.1/../../../../arm-atollic-eabi/lib/armv7e-m/fpu/libnosys.a
END GROUP
START GROUP
LOAD /usr/local/Atollic_TrueSTUDIO/ARMTools/bin/../lib/gcc/arm-atollic-eabi/6.3.1/armv7e-m/fpu/libgcc.a
LOAD /usr/local/Atollic_TrueSTUDIO/ARMTools/bin/../lib/gcc/arm-atollic-eabi/6.3.1/../../../../arm-atollic-eabi/lib/armv7e-m/fpu/libc_nano.a
LOAD /usr/local/Atollic_TrueSTUDIO/ARMTools/bin/../lib/gcc/arm-atollic-eabi/6.3.1/../../../../arm-atollic-eabi/lib/armv7e-m/fpu/libnosys.a
END GROUP
LOAD /usr/local/Atollic_TrueSTUDIO/ARMTools/bin/../lib/gcc/arm-atollic-eabi/6.3.1/armv7e-m/fpu/crtend.o
LOAD /usr/local/Atollic_TrueSTUDIO/ARMTools/bin/../lib/gcc/arm-atollic-eabi/6.3.1/armv7e-m/fpu/crtn.o
                0x0000000020020000                _estack = 0x20020000
                0x0000000000000000                _Min_Heap_Size = 0x0
                0x0000000000000400                _Min_Stack_Size = 0x400

.isr_vector     0x0000000008000000      0x188
                0x0000000008000000                . = ALIGN (0x4)
 *(.isr_vector)
 .isr_vector    0x0000000008000000      0x188 src/Drivers/CMSIS/Device/ST/STM32F4xx/Source/Templates/gcc/startup_stm32f407xx.o
                0x0000000008000000                g_pfnVectors
                0x0000000008000188                . = ALIGN (0x4)

.text           0x0000000008000190     0xc7b0
                0x0000000008000190                . = ALIGN (0x4)
 *(.text)
 .text          0x0000000008000190       0x40 /usr/local/Atollic_TrueSTUDIO/ARMTools/bin/../lib/gcc/arm-atollic-eabi/6.3.1/armv7e-m/fpu/crtbegin.o
 .text          0x00000000080001d0       0x10 /usr/local/Atollic_TrueSTUDIO/ARMTools/bin/../lib/gcc/arm-atollic-eabi/6.3.1/../../../../arm-atollic-eabi/lib/armv7e-m/fpu/libc_nano.a(lib_a-strlen.o)
                0x00000000080001d0                strlen
 .text          0x00000000080001e0       0x30 /usr/local/Atollic_TrueSTUDIO/ARMTools/bin/../lib/gcc/arm-atollic-eabi/6.3.1/armv7e-m/fpu/libgcc.a(_aeabi_uldivmod.o)
                0x00000000080001e0                __aeabi_uldivmod
 .text          0x0000000008000210      0x2dc /usr/local/Atollic_TrueSTUDIO/ARMTools/bin/../lib/gcc/arm-atollic-eabi/6.3.1/armv7e-m/fpu/libgcc.a(_udivmoddi4.o)
                0x0000000008000210                __udivmoddi4
 .text          0x00000000080004ec        0x4 /usr/local/Atollic_TrueSTUDIO/ARMTools/bin/../lib/gcc/arm-atollic-eabi/6.3.1/armv7e-m/fpu/libgcc.a(_dvmd_tls.o)
                0x00000000080004ec                __aeabi_ldiv0
                0x00000000080004ec                __aeabi_idiv0
 *(.text*)
 .text.Reset_Handler
                0x00000000080004f0       0x50 src/Drivers/CMSIS/Device/ST/STM32F4xx/Source/Templates/gcc/startup_stm32f407xx.o
                0x00000000080004f0                Reset_Handler
 .text.Default_Handler
                0x0000000008000540       0x14 src/Drivers/CMSIS/Device/ST/STM32F4xx/Source/Templates/gcc/startup_stm32f407xx.o
                0x0000000008000540                RTC_Alarm_IRQHandler
                0x0000000008000540                HASH_RNG_IRQHandler
                0x0000000008000540                EXTI2_IRQHandler
                0x0000000008000540                TIM8_CC_IRQHandler
                0x0000000008000540                DebugMon_Handler
                0x0000000008000540                TIM1_CC_IRQHandler
                0x0000000008000540                DMA2_Stream5_IRQHandler
                0x0000000008000540                DMA1_Stream5_IRQHandler
                0x0000000008000540                PVD_IRQHandler
                0x0000000008000540                TAMP_STAMP_IRQHandler
                0x0000000008000540                NMI_Handler
                0x0000000008000540                CAN2_RX1_IRQHandler
                0x0000000008000540                EXTI3_IRQHandler
                0x0000000008000540                TIM8_TRG_COM_TIM14_IRQHandler
                0x0000000008000540                TIM1_UP_TIM10_IRQHandler
                0x0000000008000540                TIM8_UP_TIM13_IRQHandler
                0x0000000008000540                I2C3_ER_IRQHandler
                0x0000000008000540                EXTI0_IRQHandler
                0x0000000008000540                I2C2_EV_IRQHandler
                0x0000000008000540                DMA1_Stream2_IRQHandler
                0x0000000008000540                CAN1_RX0_IRQHandler
                0x0000000008000540                FPU_IRQHandler
                0x0000000008000540                OTG_HS_WKUP_IRQHandler
                0x0000000008000540                UsageFault_Handler
                0x0000000008000540                CAN2_SCE_IRQHandler
                0x0000000008000540                DMA2_Stream2_IRQHandler
                0x0000000008000540                SPI1_IRQHandler
                0x0000000008000540                TIM6_DAC_IRQHandler
                0x0000000008000540                TIM1_BRK_TIM9_IRQHandler
                0x0000000008000540                DCMI_IRQHandler
                0x0000000008000540                CAN2_RX0_IRQHandler
                0x0000000008000540                USART6_IRQHandler
                0x0000000008000540                USART3_IRQHandler
                0x0000000008000540                CAN1_RX1_IRQHandler
                0x0000000008000540                UART5_IRQHandler
                0x0000000008000540                DMA2_Stream0_IRQHandler
                0x0000000008000540                TIM4_IRQHandler
                0x0000000008000540                I2C1_EV_IRQHandler
                0x0000000008000540                DMA1_Stream6_IRQHandler
                0x0000000008000540                DMA1_Stream1_IRQHandler
                0x0000000008000540                UART4_IRQHandler
                0x0000000008000540                TIM3_IRQHandler
                0x0000000008000540                RCC_IRQHandler
                0x0000000008000540                TIM8_BRK_TIM12_IRQHandler
                0x0000000008000540                Default_Handler
                0x0000000008000540                ADC_IRQHandler
                0x0000000008000540                DMA1_Stream7_IRQHandler
                0x0000000008000540                TIM7_IRQHandler
                0x0000000008000540                CAN2_TX_IRQHandler
                0x0000000008000540                TIM5_IRQHandler
                0x0000000008000540                DMA2_Stream7_IRQHandler
                0x0000000008000540                I2C3_EV_IRQHandler
                0x0000000008000540                EXTI9_5_IRQHandler
                0x0000000008000540                RTC_WKUP_IRQHandler
                0x0000000008000540                ETH_WKUP_IRQHandler
                0x0000000008000540                SPI2_IRQHandler
                0x0000000008000540                OTG_HS_EP1_IN_IRQHandler
                0x0000000008000540                MemManage_Handler
                0x0000000008000540                DMA1_Stream0_IRQHandler
                0x0000000008000540                CAN1_TX_IRQHandler
                0x0000000008000540                EXTI4_IRQHandler
                0x0000000008000540                FSMC_IRQHandler
                0x0000000008000540                OTG_HS_EP1_OUT_IRQHandler
                0x0000000008000540                WWDG_IRQHandler
                0x0000000008000540                OTG_FS_WKUP_IRQHandler
                0x0000000008000540                TIM1_TRG_COM_TIM11_IRQHandler
                0x0000000008000540                OTG_HS_IRQHandler
                0x0000000008000540                EXTI1_IRQHandler
                0x0000000008000540                USART2_IRQHandler
                0x0000000008000540                I2C2_ER_IRQHandler
                0x0000000008000540                DMA2_Stream1_IRQHandler
                0x0000000008000540                CAN1_SCE_IRQHandler
                0x0000000008000540                FLASH_IRQHandler
                0x0000000008000540                DMA2_Stream4_IRQHandler
                0x0000000008000540                BusFault_Handler
                0x0000000008000540                USART1_IRQHandler
                0x0000000008000540                OTG_FS_IRQHandler
                0x0000000008000540                SPI3_IRQHandler
                0x0000000008000540                DMA1_Stream4_IRQHandler
                0x0000000008000540                I2C1_ER_IRQHandler
                0x0000000008000540                DMA1_Stream3_IRQHandler
 *fill*         0x0000000008000554        0xc 
 .text.HardFault_Handler
                0x0000000008000560        0x4 src/Drivers/CMSIS/Device/ST/STM32F4xx/Source/Templates/gcc/startup_stm32f407xx.o
 .text.SystemInit
                0x0000000008000564       0x4c src/Drivers/CMSIS/Device/ST/STM32F4xx/Source/Templates/system_stm32f4xx.o
                0x0000000008000564                SystemInit
 .text.HAL_MspInit
                0x00000000080005b0        0x2 src/Drivers/STM32F4xx_HAL_Driver/Src/stm32f4xx_hal.o
                0x00000000080005b0                HAL_MspInit
 *fill*         0x00000000080005b2        0x2 
 .text.HAL_InitTick
                0x00000000080005b4       0x28 src/Drivers/STM32F4xx_HAL_Driver/Src/stm32f4xx_hal.o
                0x00000000080005b4                HAL_InitTick
 .text.HAL_Init
                0x00000000080005dc       0x34 src/Drivers/STM32F4xx_HAL_Driver/Src/stm32f4xx_hal.o
                0x00000000080005dc                HAL_Init
 .text.HAL_IncTick
                0x0000000008000610       0x10 src/Drivers/STM32F4xx_HAL_Driver/Src/stm32f4xx_hal.o
                0x0000000008000610                HAL_IncTick
 .text.HAL_GetTick
                0x0000000008000620        0xc src/Drivers/STM32F4xx_HAL_Driver/Src/stm32f4xx_hal.o
                0x0000000008000620                HAL_GetTick
 .text.HAL_Delay
                0x000000000800062c       0x1c src/Drivers/STM32F4xx_HAL_Driver/Src/stm32f4xx_hal.o
                0x000000000800062c                HAL_Delay
 .text.HAL_NVIC_SetPriorityGrouping
                0x0000000008000648       0x24 src/Drivers/STM32F4xx_HAL_Driver/Src/stm32f4xx_hal_cortex.o
                0x0000000008000648                HAL_NVIC_SetPriorityGrouping
 .text.HAL_NVIC_SetPriority
                0x000000000800066c       0x60 src/Drivers/STM32F4xx_HAL_Driver/Src/stm32f4xx_hal_cortex.o
                0x000000000800066c                HAL_NVIC_SetPriority
 .text.HAL_NVIC_EnableIRQ
                0x00000000080006cc       0x18 src/Drivers/STM32F4xx_HAL_Driver/Src/stm32f4xx_hal_cortex.o
                0x00000000080006cc                HAL_NVIC_EnableIRQ
 .text.HAL_SYSTICK_Config
                0x00000000080006e4       0x2c src/Drivers/STM32F4xx_HAL_Driver/Src/stm32f4xx_hal_cortex.o
                0x00000000080006e4                HAL_SYSTICK_Config
 .text.HAL_DMA_IRQHandler
                0x0000000008000710     0x1390 src/Drivers/STM32F4xx_HAL_Driver/Src/stm32f4xx_hal_dma.o
                0x0000000008000710                HAL_DMA_IRQHandler
 .text.prvWriteMACCR
                0x0000000008001aa0       0x1a src/Drivers/STM32F4xx_HAL_Driver/Src/stm32f4xx_hal_eth.o
 .text.prvWriteDMAOMR
                0x0000000008001aba       0x1e src/Drivers/STM32F4xx_HAL_Driver/Src/stm32f4xx_hal_eth.o
 .text.ETH_FlushTransmitFIFO
                0x0000000008001ad8       0x1e src/Drivers/STM32F4xx_HAL_Driver/Src/stm32f4xx_hal_eth.o
 .text.HAL_ETH_DMATxDescListInit
                0x0000000008001af6       0x86 src/Drivers/STM32F4xx_HAL_Driver/Src/stm32f4xx_hal_eth.o
                0x0000000008001af6                HAL_ETH_DMATxDescListInit
 .text.HAL_ETH_DMARxDescListInit
                0x0000000008001b7c       0x74 src/Drivers/STM32F4xx_HAL_Driver/Src/stm32f4xx_hal_eth.o
                0x0000000008001b7c                HAL_ETH_DMARxDescListInit
 .text.HAL_ETH_Init
                0x0000000008001bf0      0x1e0 src/Drivers/STM32F4xx_HAL_Driver/Src/stm32f4xx_hal_eth.o
                0x0000000008001bf0                HAL_ETH_Init
 .text.HAL_ETH_TransmitFrame
                0x0000000008001dd0      0x110 src/Drivers/STM32F4xx_HAL_Driver/Src/stm32f4xx_hal_eth.o
                0x0000000008001dd0                HAL_ETH_TransmitFrame
 .text.HAL_ETH_GetReceivedFrame
                0x0000000008001ee0       0x8e src/Drivers/STM32F4xx_HAL_Driver/Src/stm32f4xx_hal_eth.o
                0x0000000008001ee0                HAL_ETH_GetReceivedFrame
 .text.HAL_ETH_ErrorCallback
                0x0000000008001f6e        0x2 src/Drivers/STM32F4xx_HAL_Driver/Src/stm32f4xx_hal_eth.o
                0x0000000008001f6e                HAL_ETH_ErrorCallback
 .text.HAL_ETH_IRQHandler
                0x0000000008001f70       0x40 src/Drivers/STM32F4xx_HAL_Driver/Src/stm32f4xx_hal_eth.o
                0x0000000008001f70                HAL_ETH_IRQHandler
 .text.HAL_ETH_ReadPHYRegister
                0x0000000008001fb0       0x9c src/Drivers/STM32F4xx_HAL_Driver/Src/stm32f4xx_hal_eth.o
                0x0000000008001fb0                HAL_ETH_ReadPHYRegister
 .text.HAL_ETH_WritePHYRegister
                0x000000000800204c       0x9c src/Drivers/STM32F4xx_HAL_Driver/Src/stm32f4xx_hal_eth.o
                0x000000000800204c                HAL_ETH_WritePHYRegister
 .text.HAL_ETH_Start
                0x00000000080020e8       0x78 src/Drivers/STM32F4xx_HAL_Driver/Src/stm32f4xx_hal_eth.o
                0x00000000080020e8                HAL_ETH_Start
 .text.HAL_ETH_Stop
                0x0000000008002160       0x78 src/Drivers/STM32F4xx_HAL_Driver/Src/stm32f4xx_hal_eth.o
                0x0000000008002160                HAL_ETH_Stop
 .text.HAL_ETH_ConfigMAC
                0x00000000080021d8      0x118 src/Drivers/STM32F4xx_HAL_Driver/Src/stm32f4xx_hal_eth.o
                0x00000000080021d8                HAL_ETH_ConfigMAC
 .text.HAL_GPIO_Init
                0x00000000080022f0      0x1c4 src/Drivers/STM32F4xx_HAL_Driver/Src/stm32f4xx_hal_gpio.o
                0x00000000080022f0                HAL_GPIO_Init
 .text.HAL_GPIO_TogglePin
                0x00000000080024b4        0x8 src/Drivers/STM32F4xx_HAL_Driver/Src/stm32f4xx_hal_gpio.o
                0x00000000080024b4                HAL_GPIO_TogglePin
 .text.HAL_GPIO_EXTI_IRQHandler
                0x00000000080024bc       0x1c src/Drivers/STM32F4xx_HAL_Driver/Src/stm32f4xx_hal_gpio.o
                0x00000000080024bc                HAL_GPIO_EXTI_IRQHandler
 .text.HAL_RCC_OscConfig
                0x00000000080024d8      0x398 src/Drivers/STM32F4xx_HAL_Driver/Src/stm32f4xx_hal_rcc.o
                0x00000000080024d8                HAL_RCC_OscConfig
 .text.HAL_RCC_ClockConfig
                0x0000000008002870      0x230 src/Drivers/STM32F4xx_HAL_Driver/Src/stm32f4xx_hal_rcc.o
                0x0000000008002870                HAL_RCC_ClockConfig
 .text.HAL_RCC_MCOConfig
                0x0000000008002aa0       0x84 src/Drivers/STM32F4xx_HAL_Driver/Src/stm32f4xx_hal_rcc.o
                0x0000000008002aa0                HAL_RCC_MCOConfig
 .text.HAL_RCC_GetSysClockFreq
                0x0000000008002b24       0x7c src/Drivers/STM32F4xx_HAL_Driver/Src/stm32f4xx_hal_rcc.o
                0x0000000008002b24                HAL_RCC_GetSysClockFreq
 .text.HAL_RCC_GetHCLKFreq
                0x0000000008002ba0       0x38 src/Drivers/STM32F4xx_HAL_Driver/Src/stm32f4xx_hal_rcc.o
                0x0000000008002ba0                HAL_RCC_GetHCLKFreq
 .text.HAL_RCCEx_PeriphCLKConfig
                0x0000000008002bd8      0x160 src/Drivers/STM32F4xx_HAL_Driver/Src/stm32f4xx_hal_rcc_ex.o
                0x0000000008002bd8                HAL_RCCEx_PeriphCLKConfig
 .text.HAL_RNG_MspInit
                0x0000000008002d38        0x2 src/Drivers/STM32F4xx_HAL_Driver/Src/stm32f4xx_hal_rng.o
                0x0000000008002d38                HAL_RNG_MspInit
 .text.HAL_RNG_Init
                0x0000000008002d3a       0x3a src/Drivers/STM32F4xx_HAL_Driver/Src/stm32f4xx_hal_rng.o
                0x0000000008002d3a                HAL_RNG_Init
 .text.HAL_RNG_GenerateRandomNumber
                0x0000000008002d74       0x5c src/Drivers/STM32F4xx_HAL_Driver/Src/stm32f4xx_hal_rng.o
                0x0000000008002d74                HAL_RNG_GenerateRandomNumber
 .text.HAL_TIM_Base_MspInit
                0x0000000008002dd0        0x2 src/Drivers/STM32F4xx_HAL_Driver/Src/stm32f4xx_hal_tim.o
                0x0000000008002dd0                HAL_TIM_Base_MspInit
 .text.HAL_TIM_Base_Start_IT
                0x0000000008002dd2       0x18 src/Drivers/STM32F4xx_HAL_Driver/Src/stm32f4xx_hal_tim.o
                0x0000000008002dd2                HAL_TIM_Base_Start_IT
 *fill*         0x0000000008002dea        0x2 
 .text.TIM_Base_SetConfig
                0x0000000008002dec       0xd4 src/Drivers/STM32F4xx_HAL_Driver/Src/stm32f4xx_hal_tim.o
                0x0000000008002dec                TIM_Base_SetConfig
 .text.HAL_TIM_Base_Init
                0x0000000008002ec0       0x2e src/Drivers/STM32F4xx_HAL_Driver/Src/stm32f4xx_hal_tim.o
                0x0000000008002ec0                HAL_TIM_Base_Init
 *fill*         0x0000000008002eee        0x2 
 .text.prvHelpCommand
                0x0000000008002ef0       0x34 src/FreeRTOS+CLI/FreeRTOS_CLI.o
 .text.FreeRTOS_CLIRegisterCommand
                0x0000000008002f24       0x48 src/FreeRTOS+CLI/FreeRTOS_CLI.o
                0x0000000008002f24                FreeRTOS_CLIRegisterCommand
 .text.FreeRTOS_CLIProcessCommand
                0x0000000008002f6c       0xe0 src/FreeRTOS+CLI/FreeRTOS_CLI.o
                0x0000000008002f6c                FreeRTOS_CLIProcessCommand
 .text.FreeRTOS_CLIGetParameter
                0x000000000800304c       0x68 src/FreeRTOS+CLI/FreeRTOS_CLI.o
                0x000000000800304c                FreeRTOS_CLIGetParameter
 .text.strcasecmp
                0x00000000080030b4       0x38 src/FreeRTOS+FAT/ff_dir.o
                0x00000000080030b4                strcasecmp
 .text.SDIO_IRQHandler
                0x00000000080030ec       0x40 src/FreeRTOS+FAT/portable/STM32F4xx/ff_sddisk.o
                0x00000000080030ec                SDIO_IRQHandler
 .text.DMA2_Stream6_IRQHandler
                0x000000000800312c       0x44 src/FreeRTOS+FAT/portable/STM32F4xx/ff_sddisk.o
                0x000000000800312c                DMA2_Stream6_IRQHandler
 .text.DMA2_Stream3_IRQHandler
                0x0000000008003170       0x44 src/FreeRTOS+FAT/portable/STM32F4xx/ff_sddisk.o
                0x0000000008003170                DMA2_Stream3_IRQHandler
 .text.HAL_GPIO_EXTI_Callback
                0x00000000080031b4       0x38 src/FreeRTOS+FAT/portable/STM32F4xx/ff_sddisk.o
                0x00000000080031b4                HAL_GPIO_EXTI_Callback
 .text.EXTI15_10_IRQHandler
                0x00000000080031ec        0xc src/FreeRTOS+FAT/portable/STM32F4xx/ff_sddisk.o
                0x00000000080031ec                EXTI15_10_IRQHandler
 .text.HAL_SD_XferCpltCallback
                0x00000000080031f8        0x2 src/FreeRTOS+FAT/portable/STM32F4xx/stm32f4xx_hal_sd.o
                0x00000000080031f8                HAL_SD_XferCpltCallback
 .text.HAL_SD_XferErrorCallback
                0x00000000080031fa        0x2 src/FreeRTOS+FAT/portable/STM32F4xx/stm32f4xx_hal_sd.o
                0x00000000080031fa                HAL_SD_XferErrorCallback
 .text.HAL_SD_IRQHandler
                0x00000000080031fc       0x9e src/FreeRTOS+FAT/portable/STM32F4xx/stm32f4xx_hal_sd.o
                0x00000000080031fc                HAL_SD_IRQHandler
 *fill*         0x000000000800329a        0x2 
 .text.vARPRefreshCacheEntry
                0x000000000800329c      0x130 src/FreeRTOS+TCP/FreeRTOS_ARP.o
                0x000000000800329c                vARPRefreshCacheEntry
 .text.eARPProcessPacket
                0x00000000080033cc       0xa4 src/FreeRTOS+TCP/FreeRTOS_ARP.o
                0x00000000080033cc                eARPProcessPacket
 .text.eARPGetCacheEntry
                0x0000000008003470       0xb8 src/FreeRTOS+TCP/FreeRTOS_ARP.o
                0x0000000008003470                eARPGetCacheEntry
 .text.vARPSendGratuitous
                0x0000000008003528       0x14 src/FreeRTOS+TCP/FreeRTOS_ARP.o
                0x0000000008003528                vARPSendGratuitous
 .text.vARPGenerateRequestPacket
                0x000000000800353c       0x58 src/FreeRTOS+TCP/FreeRTOS_ARP.o
                0x000000000800353c                vARPGenerateRequestPacket
 .text.FreeRTOS_OutputARPRequest
                0x0000000008003594       0x20 src/FreeRTOS+TCP/FreeRTOS_ARP.o
                0x0000000008003594                FreeRTOS_OutputARPRequest
 .text.vARPAgeCache
                0x00000000080035b4       0x80 src/FreeRTOS+TCP/FreeRTOS_ARP.o
                0x00000000080035b4                vARPAgeCache
 .text.prvCreatePartDHCPMessage
                0x0000000008003634       0xf8 src/FreeRTOS+TCP/FreeRTOS_DHCP.o
 .text.prvSendDHCPDiscover
                0x000000000800372c       0x48 src/FreeRTOS+TCP/FreeRTOS_DHCP.o
 .text.prvSendDHCPRequest
                0x0000000008003774       0x54 src/FreeRTOS+TCP/FreeRTOS_DHCP.o
 .text.prvProcessDHCPReplies
                0x00000000080037c8      0x264 src/FreeRTOS+TCP/FreeRTOS_DHCP.o
 .text.prvCreateDHCPSocket
                0x0000000008003a2c       0x74 src/FreeRTOS+TCP/FreeRTOS_DHCP.o
 .text.xIsDHCPSocket
                0x0000000008003aa0       0x14 src/FreeRTOS+TCP/FreeRTOS_DHCP.o
                0x0000000008003aa0                xIsDHCPSocket
 .text.vDHCPProcess
                0x0000000008003ab4      0x1dc src/FreeRTOS+TCP/FreeRTOS_DHCP.o
                0x0000000008003ab4                vDHCPProcess
 .text.prvSkipNameField
                0x0000000008003c90       0x1e src/FreeRTOS+TCP/FreeRTOS_DNS.o
 *fill*         0x0000000008003cae        0x2 
 .text.prvParseDNSReply
                0x0000000008003cb0      0x358 src/FreeRTOS+TCP/FreeRTOS_DNS.o
 .text.FreeRTOS_dnslookup
                0x0000000008004008       0x4c src/FreeRTOS+TCP/FreeRTOS_DNS.o
                0x0000000008004008                FreeRTOS_dnslookup
 .text.vDNSInitialise
                0x0000000008004054       0x10 src/FreeRTOS+TCP/FreeRTOS_DNS.o
                0x0000000008004054                vDNSInitialise
 .text.vDNSCheckCallBack
                0x0000000008004064       0x80 src/FreeRTOS+TCP/FreeRTOS_DNS.o
                0x0000000008004064                vDNSCheckCallBack
 .text.FreeRTOS_gethostbyname_a
                0x00000000080040e4      0x274 src/FreeRTOS+TCP/FreeRTOS_DNS.o
                0x00000000080040e4                FreeRTOS_gethostbyname_a
 .text.FreeRTOS_gethostbyname
                0x0000000008004358        0xe src/FreeRTOS+TCP/FreeRTOS_DNS.o
                0x0000000008004358                FreeRTOS_gethostbyname
 .text.ulDNSHandlePacket
                0x0000000008004366       0x10 src/FreeRTOS+TCP/FreeRTOS_DNS.o
                0x0000000008004366                ulDNSHandlePacket
 .text.prvIPTimerStart
                0x0000000008004376       0x2c src/FreeRTOS+TCP/FreeRTOS_IP.o
 .text.prvIPTimerCheck
                0x00000000080043a2       0x32 src/FreeRTOS+TCP/FreeRTOS_IP.o
 .text.xIsCallingFromIPTask
                0x00000000080043d4       0x18 src/FreeRTOS+TCP/FreeRTOS_IP.o
                0x00000000080043d4                xIsCallingFromIPTask
 .text.FreeRTOS_GetUDPPayloadBuffer
                0x00000000080043ec       0x1e src/FreeRTOS+TCP/FreeRTOS_IP.o
                0x00000000080043ec                FreeRTOS_GetUDPPayloadBuffer
 .text.pxDuplicateNetworkBufferWithDescriptor
                0x000000000800440a       0x2a src/FreeRTOS+TCP/FreeRTOS_IP.o
                0x000000000800440a                pxDuplicateNetworkBufferWithDescriptor
 .text.pxUDPPayloadBuffer_to_NetworkBuffer
                0x0000000008004434       0x16 src/FreeRTOS+TCP/FreeRTOS_IP.o
                0x0000000008004434                pxUDPPayloadBuffer_to_NetworkBuffer
 .text.FreeRTOS_ReleaseUDPPayloadBuffer
                0x000000000800444a        0xc src/FreeRTOS+TCP/FreeRTOS_IP.o
                0x000000000800444a                FreeRTOS_ReleaseUDPPayloadBuffer
 *fill*         0x0000000008004456        0x2 
 .text.FreeRTOS_IPInit
                0x0000000008004458      0x140 src/FreeRTOS+TCP/FreeRTOS_IP.o
                0x0000000008004458                FreeRTOS_IPInit
 .text.FreeRTOS_GetAddressConfiguration
                0x0000000008004598       0x50 src/FreeRTOS+TCP/FreeRTOS_IP.o
                0x0000000008004598                FreeRTOS_GetAddressConfiguration
 .text.xSendEventStructToIPTask
                0x00000000080045e8       0x70 src/FreeRTOS+TCP/FreeRTOS_IP.o
                0x00000000080045e8                xSendEventStructToIPTask
 .text.FreeRTOS_NetworkDown
                0x0000000008004658       0x20 src/FreeRTOS+TCP/FreeRTOS_IP.o
                0x0000000008004658                FreeRTOS_NetworkDown
 .text.FreeRTOS_SendPingRequest
                0x0000000008004678       0x9c src/FreeRTOS+TCP/FreeRTOS_IP.o
                0x0000000008004678                FreeRTOS_SendPingRequest
 .text.xSendEventToIPTask
                0x0000000008004714       0x18 src/FreeRTOS+TCP/FreeRTOS_IP.o
                0x0000000008004714                xSendEventToIPTask
 .text.vIPNetworkUpCalls
                0x000000000800472c       0x28 src/FreeRTOS+TCP/FreeRTOS_IP.o
                0x000000000800472c                vIPNetworkUpCalls
 .text.vReturnEthernetFrame
                0x0000000008004754       0x2c src/FreeRTOS+TCP/FreeRTOS_IP.o
                0x0000000008004754                vReturnEthernetFrame
 .text.prvIPTask
                0x0000000008004780      0x498 src/FreeRTOS+TCP/FreeRTOS_IP.o
 .text.FreeRTOS_GetIPAddress
                0x0000000008004c18        0xc src/FreeRTOS+TCP/FreeRTOS_IP.o
                0x0000000008004c18                FreeRTOS_GetIPAddress
 .text.vIPSetDHCPTimerEnableState
                0x0000000008004c24       0x20 src/FreeRTOS+TCP/FreeRTOS_IP.o
                0x0000000008004c24                vIPSetDHCPTimerEnableState
 .text.vIPReloadDHCPTimer
                0x0000000008004c44       0x14 src/FreeRTOS+TCP/FreeRTOS_IP.o
                0x0000000008004c44                vIPReloadDHCPTimer
 .text.vIPSetDnsTimerEnableState
                0x0000000008004c58       0x20 src/FreeRTOS+TCP/FreeRTOS_IP.o
                0x0000000008004c58                vIPSetDnsTimerEnableState
 .text.vIPReloadDNSTimer
                0x0000000008004c78       0x14 src/FreeRTOS+TCP/FreeRTOS_IP.o
                0x0000000008004c78                vIPReloadDNSTimer
 .text.xIPIsNetworkTaskReady
                0x0000000008004c8c        0xc src/FreeRTOS+TCP/FreeRTOS_IP.o
                0x0000000008004c8c                xIPIsNetworkTaskReady
 .text.prvValidSocket
                0x0000000008004c98       0x26 src/FreeRTOS+TCP/FreeRTOS_Sockets.o
 .text.pxListFindListItemWithValue
                0x0000000008004cbe       0x3e src/FreeRTOS+TCP/FreeRTOS_Sockets.o
 .text.vNetworkSocketsInit
                0x0000000008004cfc       0x60 src/FreeRTOS+TCP/FreeRTOS_Sockets.o
                0x0000000008004cfc                vNetworkSocketsInit
 .text.FreeRTOS_socket
                0x0000000008004d5c      0x130 src/FreeRTOS+TCP/FreeRTOS_Sockets.o
                0x0000000008004d5c                FreeRTOS_socket
 .text.FreeRTOS_recvfrom
                0x0000000008004e8c      0x11e src/FreeRTOS+TCP/FreeRTOS_Sockets.o
                0x0000000008004e8c                FreeRTOS_recvfrom
 .text.FreeRTOS_bind
                0x0000000008004faa       0x6e src/FreeRTOS+TCP/FreeRTOS_Sockets.o
                0x0000000008004faa                FreeRTOS_bind
 .text.FreeRTOS_sendto
                0x0000000008005018      0x100 src/FreeRTOS+TCP/FreeRTOS_Sockets.o
                0x0000000008005018                FreeRTOS_sendto
 .text.vSocketBind
                0x0000000008005118      0x108 src/FreeRTOS+TCP/FreeRTOS_Sockets.o
                0x0000000008005118                vSocketBind
 .text.FreeRTOS_closesocket
                0x0000000008005220       0x30 src/FreeRTOS+TCP/FreeRTOS_Sockets.o
                0x0000000008005220                FreeRTOS_closesocket
 .text.vSocketClose
                0x0000000008005250       0xb0 src/FreeRTOS+TCP/FreeRTOS_Sockets.o
                0x0000000008005250                vSocketClose
 .text.pxUDPSocketLookup
                0x0000000008005300       0x2c src/FreeRTOS+TCP/FreeRTOS_Sockets.o
                0x0000000008005300                pxUDPSocketLookup
 .text.FreeRTOS_inet_addr
                0x000000000800532c       0xa0 src/FreeRTOS+TCP/FreeRTOS_Sockets.o
                0x000000000800532c                FreeRTOS_inet_addr
 .text.vSocketWakeUpUser
                0x00000000080053cc       0x38 src/FreeRTOS+TCP/FreeRTOS_Sockets.o
                0x00000000080053cc                vSocketWakeUpUser
 .text.FreeRTOS_accept
                0x0000000008005404      0x12c src/FreeRTOS+TCP/FreeRTOS_Sockets.o
                0x0000000008005404                FreeRTOS_accept
 .text.FreeRTOS_recv
                0x0000000008005530      0x194 src/FreeRTOS+TCP/FreeRTOS_Sockets.o
                0x0000000008005530                FreeRTOS_recv
 .text.FreeRTOS_send
                0x00000000080056c4      0x1b6 src/FreeRTOS+TCP/FreeRTOS_Sockets.o
                0x00000000080056c4                FreeRTOS_send
 .text.FreeRTOS_listen
                0x000000000800587a       0x90 src/FreeRTOS+TCP/FreeRTOS_Sockets.o
                0x000000000800587a                FreeRTOS_listen
 .text.FreeRTOS_shutdown
                0x000000000800590a       0x3e src/FreeRTOS+TCP/FreeRTOS_Sockets.o
                0x000000000800590a                FreeRTOS_shutdown
 .text.xTCPTimerCheck
                0x0000000008005948       0x90 src/FreeRTOS+TCP/FreeRTOS_Sockets.o
                0x0000000008005948                xTCPTimerCheck
 .text.pxTCPSocketLookup
                0x00000000080059d8       0x50 src/FreeRTOS+TCP/FreeRTOS_Sockets.o
                0x00000000080059d8                pxTCPSocketLookup
 .text.lTCPAddRxdata
                0x0000000008005a28       0xec src/FreeRTOS+TCP/FreeRTOS_Sockets.o
                0x0000000008005a28                lTCPAddRxdata
 .text.FreeRTOS_tx_space
                0x0000000008005b14       0x2a src/FreeRTOS+TCP/FreeRTOS_Sockets.o
                0x0000000008005b14                FreeRTOS_tx_space
 .text.FreeRTOS_tx_size
                0x0000000008005b3e       0x28 src/FreeRTOS+TCP/FreeRTOS_Sockets.o
                0x0000000008005b3e                FreeRTOS_tx_size
 *fill*         0x0000000008005b66        0x2 
 .text.FreeRTOS_setsockopt
                0x0000000008005b68      0x27c src/FreeRTOS+TCP/FreeRTOS_Sockets.o
                0x0000000008005b68                FreeRTOS_setsockopt
 .text.FreeRTOS_issocketconnected
                0x0000000008005de4       0x20 src/FreeRTOS+TCP/FreeRTOS_Sockets.o
                0x0000000008005de4                FreeRTOS_issocketconnected
 .text.FreeRTOS_connect
                0x0000000008005e04      0x104 src/FreeRTOS+TCP/FreeRTOS_Sockets.o
                0x0000000008005e04                FreeRTOS_connect
 .text.FreeRTOS_rx_size
                0x0000000008005f08       0x28 src/FreeRTOS+TCP/FreeRTOS_Sockets.o
                0x0000000008005f08                FreeRTOS_rx_size
 .text.FreeRTOS_netstat
                0x0000000008005f30       0x1e src/FreeRTOS+TCP/FreeRTOS_Sockets.o
                0x0000000008005f30                FreeRTOS_netstat
 *fill*         0x0000000008005f4e        0x2 
 .text.vTCPNetStat
                0x0000000008005f50      0x130 src/FreeRTOS+TCP/FreeRTOS_Sockets.o
                0x0000000008005f50                vTCPNetStat
 .text.vSocketSelect
                0x0000000008006080      0x168 src/FreeRTOS+TCP/FreeRTOS_Sockets.o
                0x0000000008006080                vSocketSelect
 .text.FreeRTOS_SignalSocket
                0x00000000080061e8       0x32 src/FreeRTOS+TCP/FreeRTOS_Sockets.o
                0x00000000080061e8                FreeRTOS_SignalSocket
 .text.uxStreamBufferAdd
                0x000000000800621a       0xc8 src/FreeRTOS+TCP/FreeRTOS_Stream_Buffer.o
                0x000000000800621a                uxStreamBufferAdd
 .text.uxStreamBufferGet
                0x00000000080062e2       0x80 src/FreeRTOS+TCP/FreeRTOS_Stream_Buffer.o
                0x00000000080062e2                uxStreamBufferGet
 *fill*         0x0000000008006362        0x2 
 .text.prvSocketSetMSS
                0x0000000008006364       0x44 src/FreeRTOS+TCP/FreeRTOS_TCP_IP.o
 .text.prvTCPAddTxData
                0x00000000080063a8       0x52 src/FreeRTOS+TCP/FreeRTOS_TCP_IP.o
 *fill*         0x00000000080063fa        0x2 
 .text.prvTCPReturnPacket
                0x00000000080063fc      0x200 src/FreeRTOS+TCP/FreeRTOS_TCP_IP.o
 .text.prvTCPSendReset
                0x00000000080065fc       0x20 src/FreeRTOS+TCP/FreeRTOS_TCP_IP.o
 .text.prvTCPCreateWindow
                0x000000000800661c       0x32 src/FreeRTOS+TCP/FreeRTOS_TCP_IP.o
 *fill*         0x000000000800664e        0x2 
 .text.prvTCPNextTimeout
                0x0000000008006650       0xb4 src/FreeRTOS+TCP/FreeRTOS_TCP_IP.o
 .text.vTCPStateChange
                0x0000000008006704      0x1c0 src/FreeRTOS+TCP/FreeRTOS_TCP_IP.o
                0x0000000008006704                vTCPStateChange
 .text.prvTCPPrepareSend
                0x00000000080068c4      0x2f0 src/FreeRTOS+TCP/FreeRTOS_TCP_IP.o
 .text.prvTCPSendRepeated
                0x0000000008006bb4       0x36 src/FreeRTOS+TCP/FreeRTOS_TCP_IP.o
 *fill*         0x0000000008006bea        0x2 
 .text.xTCPSocketCheck
                0x0000000008006bec      0x2d8 src/FreeRTOS+TCP/FreeRTOS_TCP_IP.o
                0x0000000008006bec                xTCPSocketCheck
 .text.prvTCPHandleFin
                0x0000000008006ec4       0xde src/FreeRTOS+TCP/FreeRTOS_TCP_IP.o
 *fill*         0x0000000008006fa2        0x2 
 .text.xProcessReceivedTCPPacket
                0x0000000008006fa4      0xaa8 src/FreeRTOS+TCP/FreeRTOS_TCP_IP.o
                0x0000000008006fa4                xProcessReceivedTCPPacket
 .text.FreeRTOS_GetTCPStateName
                0x0000000008007a4c       0x14 src/FreeRTOS+TCP/FreeRTOS_TCP_IP.o
                0x0000000008007a4c                FreeRTOS_GetTCPStateName
 .text.xTCPCheckNewClient
                0x0000000008007a60       0x50 src/FreeRTOS+TCP/FreeRTOS_TCP_IP.o
                0x0000000008007a60                xTCPCheckNewClient
 .text.xTCPWindowRxFind
                0x0000000008007ab0       0x32 src/FreeRTOS+TCP/FreeRTOS_TCP_WIN.o
 .text.xTCPWindowPeekHead
                0x0000000008007ae2        0xe src/FreeRTOS+TCP/FreeRTOS_TCP_WIN.o
 .text.prvTCPWindowTxHasSpace
                0x0000000008007af0       0x48 src/FreeRTOS+TCP/FreeRTOS_TCP_WIN.o
 .text.xTCPWindowGetHead
                0x0000000008007b38       0x16 src/FreeRTOS+TCP/FreeRTOS_TCP_WIN.o
 .text.vListInsertGeneric
                0x0000000008007b4e       0x16 src/FreeRTOS+TCP/FreeRTOS_TCP_WIN.o
                0x0000000008007b4e                vListInsertGeneric
 .text.vTCPWindowFree
                0x0000000008007b64       0x38 src/FreeRTOS+TCP/FreeRTOS_TCP_WIN.o
 .text.prvTCPWindowTxCheckAck
                0x0000000008007b9c      0x100 src/FreeRTOS+TCP/FreeRTOS_TCP_WIN.o
 .text.xTCPWindowNew
                0x0000000008007c9c       0x8c src/FreeRTOS+TCP/FreeRTOS_TCP_WIN.o
 .text.xTCPWindowRxEmpty
                0x0000000008007d28       0x16 src/FreeRTOS+TCP/FreeRTOS_TCP_WIN.o
                0x0000000008007d28                xTCPWindowRxEmpty
 .text.vTCPWindowDestroy
                0x0000000008007d3e       0x50 src/FreeRTOS+TCP/FreeRTOS_TCP_WIN.o
                0x0000000008007d3e                vTCPWindowDestroy
 .text.vTCPWindowInit
                0x0000000008007d8e       0x4e src/FreeRTOS+TCP/FreeRTOS_TCP_WIN.o
                0x0000000008007d8e                vTCPWindowInit
 .text.vTCPWindowCreate
                0x0000000008007ddc       0xa0 src/FreeRTOS+TCP/FreeRTOS_TCP_WIN.o
                0x0000000008007ddc                vTCPWindowCreate
 .text.lTCPWindowRxCheck
                0x0000000008007e7c      0x170 src/FreeRTOS+TCP/FreeRTOS_TCP_WIN.o
                0x0000000008007e7c                lTCPWindowRxCheck
 .text.lTCPWindowTxAdd
                0x0000000008007fec       0xd4 src/FreeRTOS+TCP/FreeRTOS_TCP_WIN.o
                0x0000000008007fec                lTCPWindowTxAdd
 .text.xTCPWindowTxDone
                0x00000000080080c0        0xc src/FreeRTOS+TCP/FreeRTOS_TCP_WIN.o
                0x00000000080080c0                xTCPWindowTxDone
 .text.xTCPWindowTxHasData
                0x00000000080080cc       0x74 src/FreeRTOS+TCP/FreeRTOS_TCP_WIN.o
                0x00000000080080cc                xTCPWindowTxHasData
 .text.ulTCPWindowTxGet
                0x0000000008008140       0xfc src/FreeRTOS+TCP/FreeRTOS_TCP_WIN.o
                0x0000000008008140                ulTCPWindowTxGet
 .text.ulTCPWindowTxAck
                0x000000000800823c       0x18 src/FreeRTOS+TCP/FreeRTOS_TCP_WIN.o
                0x000000000800823c                ulTCPWindowTxAck
 .text.ulTCPWindowTxSack
                0x0000000008008254       0x6a src/FreeRTOS+TCP/FreeRTOS_TCP_WIN.o
                0x0000000008008254                ulTCPWindowTxSack
 *fill*         0x00000000080082be        0x2 
 .text.vProcessGeneratedUDPPacket
                0x00000000080082c0       0xd0 src/FreeRTOS+TCP/FreeRTOS_UDP_IP.o
                0x00000000080082c0                vProcessGeneratedUDPPacket
 .text.xProcessReceivedUDPPacket
                0x0000000008008390       0xae src/FreeRTOS+TCP/FreeRTOS_UDP_IP.o
                0x0000000008008390                xProcessReceivedUDPPacket
 *fill*         0x000000000800843e        0x2 
 .text.xNetworkBuffersInitialise
                0x0000000008008440       0x84 src/FreeRTOS+TCP/portable/BufferManagement/BufferAllocation_2.o
                0x0000000008008440                xNetworkBuffersInitialise
 .text.vReleaseNetworkBuffer
                0x00000000080084c4        0xe src/FreeRTOS+TCP/portable/BufferManagement/BufferAllocation_2.o
                0x00000000080084c4                vReleaseNetworkBuffer
 *fill*         0x00000000080084d2        0x2 
 .text.vReleaseNetworkBufferAndDescriptor
                0x00000000080084d4       0x4c src/FreeRTOS+TCP/portable/BufferManagement/BufferAllocation_2.o
                0x00000000080084d4                vReleaseNetworkBufferAndDescriptor
 .text.pxGetNetworkBufferWithDescriptor
                0x0000000008008520       0xb8 src/FreeRTOS+TCP/portable/BufferManagement/BufferAllocation_2.o
                0x0000000008008520                pxGetNetworkBufferWithDescriptor
 .text.uxGetNumberOfFreeNetworkBuffers
                0x00000000080085d8        0xc src/FreeRTOS+TCP/portable/BufferManagement/BufferAllocation_2.o
                0x00000000080085d8                uxGetNumberOfFreeNetworkBuffers
 .text.uxGetMinimumFreeNetworkBuffers
                0x00000000080085e4        0xc src/FreeRTOS+TCP/portable/BufferManagement/BufferAllocation_2.o
                0x00000000080085e4                uxGetMinimumFreeNetworkBuffers
 .text.prvNetworkInterfaceInput
                0x00000000080085f0       0xd0 src/FreeRTOS+TCP/portable/NetworkInterface/STM32Fxx/NetworkInterface.o
 .text.prvEthernetUpdateConfig
                0x00000000080086c0      0x16c src/FreeRTOS+TCP/portable/NetworkInterface/STM32Fxx/NetworkInterface.o
 .text.prvEMACHandlerTask
                0x000000000800882c      0x10c src/FreeRTOS+TCP/portable/NetworkInterface/STM32Fxx/NetworkInterface.o
 .text.HAL_ETH_RxCpltCallback
                0x0000000008008938       0x44 src/FreeRTOS+TCP/portable/NetworkInterface/STM32Fxx/NetworkInterface.o
                0x0000000008008938                HAL_ETH_RxCpltCallback
 .text.HAL_ETH_TxCpltCallback
                0x000000000800897c        0x2 src/FreeRTOS+TCP/portable/NetworkInterface/STM32Fxx/NetworkInterface.o
                0x000000000800897c                HAL_ETH_TxCpltCallback
 *fill*         0x000000000800897e        0x2 
 .text.xNetworkInterfaceInitialise
                0x0000000008008980       0xd8 src/FreeRTOS+TCP/portable/NetworkInterface/STM32Fxx/NetworkInterface.o
                0x0000000008008980                xNetworkInterfaceInitialise
 .text.xNetworkInterfaceOutput
                0x0000000008008a58       0x74 src/FreeRTOS+TCP/portable/NetworkInterface/STM32Fxx/NetworkInterface.o
                0x0000000008008a58                xNetworkInterfaceOutput
 .text.vMACBProbePhy
                0x0000000008008acc      0x11c src/FreeRTOS+TCP/portable/NetworkInterface/STM32Fxx/NetworkInterface.o
                0x0000000008008acc                vMACBProbePhy
 .text.xGetPhyLinkStatus
                0x0000000008008be8       0x10 src/FreeRTOS+TCP/portable/NetworkInterface/STM32Fxx/NetworkInterface.o
                0x0000000008008be8                xGetPhyLinkStatus
 .text.ETH_IRQHandler
                0x0000000008008bf8       0x10 src/FreeRTOS+TCP/portable/NetworkInterface/STM32Fxx/NetworkInterface.o
                0x0000000008008bf8                ETH_IRQHandler
 .text.xEventGroupCreate
                0x0000000008008c08       0x1a src/FreeRTOS_Source/event_groups.o
                0x0000000008008c08                xEventGroupCreate
 *fill*         0x0000000008008c22        0x2 
 .text.xEventGroupWaitBits
                0x0000000008008c24      0x108 src/FreeRTOS_Source/event_groups.o
                0x0000000008008c24                xEventGroupWaitBits
 .text.xEventGroupClearBits
                0x0000000008008d2c       0x40 src/FreeRTOS_Source/event_groups.o
                0x0000000008008d2c                xEventGroupClearBits
 .text.xEventGroupSetBits
                0x0000000008008d6c       0x98 src/FreeRTOS_Source/event_groups.o
                0x0000000008008d6c                xEventGroupSetBits
 .text.vEventGroupDelete
                0x0000000008008e04       0x48 src/FreeRTOS_Source/event_groups.o
                0x0000000008008e04                vEventGroupDelete
 .text.vListInitialise
                0x0000000008008e4c       0x16 src/FreeRTOS_Source/list.o
                0x0000000008008e4c                vListInitialise
 .text.vListInitialiseItem
                0x0000000008008e62        0x6 src/FreeRTOS_Source/list.o
                0x0000000008008e62                vListInitialiseItem
 .text.vListInsertEnd
                0x0000000008008e68       0x18 src/FreeRTOS_Source/list.o
                0x0000000008008e68                vListInsertEnd
 .text.vListInsert
                0x0000000008008e80       0x34 src/FreeRTOS_Source/list.o
                0x0000000008008e80                vListInsert
 .text.uxListRemove
                0x0000000008008eb4       0x24 src/FreeRTOS_Source/list.o
                0x0000000008008eb4                uxListRemove
 .text.prvPortStartFirstTask
                0x0000000008008ed8       0x28 src/FreeRTOS_Source/portable/GCC/ARM_CM4F/port.o
 .text.vPortEnableVFP
                0x0000000008008f00       0x14 src/FreeRTOS_Source/portable/GCC/ARM_CM4F/port.o
 .text.pxPortInitialiseStack
                0x0000000008008f14       0x26 src/FreeRTOS_Source/portable/GCC/ARM_CM4F/port.o
                0x0000000008008f14                pxPortInitialiseStack
 *fill*         0x0000000008008f3a        0x6 
 .text.SVC_Handler
                0x0000000008008f40       0x24 src/FreeRTOS_Source/portable/GCC/ARM_CM4F/port.o
                0x0000000008008f40                SVC_Handler
 .text.vPortEnterCritical
                0x0000000008008f64       0x44 src/FreeRTOS_Source/portable/GCC/ARM_CM4F/port.o
                0x0000000008008f64                vPortEnterCritical
 .text.vPortExitCritical
                0x0000000008008fa8       0x2c src/FreeRTOS_Source/portable/GCC/ARM_CM4F/port.o
                0x0000000008008fa8                vPortExitCritical
 *fill*         0x0000000008008fd4        0xc 
 .text.PendSV_Handler
                0x0000000008008fe0       0x64 src/FreeRTOS_Source/portable/GCC/ARM_CM4F/port.o
                0x0000000008008fe0                PendSV_Handler
 .text.SysTick_Handler
                0x0000000008009044       0x2c src/FreeRTOS_Source/portable/GCC/ARM_CM4F/port.o
                0x0000000008009044                SysTick_Handler
 .text.vPortSetupTimerInterrupt
                0x0000000008009070       0x38 src/FreeRTOS_Source/portable/GCC/ARM_CM4F/port.o
                0x0000000008009070                vPortSetupTimerInterrupt
 .text.xPortStartScheduler
                0x00000000080090a8      0x120 src/FreeRTOS_Source/portable/GCC/ARM_CM4F/port.o
                0x00000000080090a8                xPortStartScheduler
 .text.vPortValidateInterruptPriority
                0x00000000080091c8       0x58 src/FreeRTOS_Source/portable/GCC/ARM_CM4F/port.o
                0x00000000080091c8                vPortValidateInterruptPriority
 .text.prvInsertBlockIntoFreeList
                0x0000000008009220       0x58 src/FreeRTOS_Source/portable/MemMang/heap_5.o
 .text.pvPortMalloc
                0x0000000008009278       0xcc src/FreeRTOS_Source/portable/MemMang/heap_5.o
                0x0000000008009278                pvPortMalloc
 .text.vPortFree
                0x0000000008009344       0x94 src/FreeRTOS_Source/portable/MemMang/heap_5.o
                0x0000000008009344                vPortFree
 .text.xPortGetFreeHeapSize
                0x00000000080093d8        0xc src/FreeRTOS_Source/portable/MemMang/heap_5.o
                0x00000000080093d8                xPortGetFreeHeapSize
 .text.xPortGetMinimumEverFreeHeapSize
                0x00000000080093e4        0xc src/FreeRTOS_Source/portable/MemMang/heap_5.o
                0x00000000080093e4                xPortGetMinimumEverFreeHeapSize
 .text.vPortDefineHeapRegions
                0x00000000080093f0       0xfc src/FreeRTOS_Source/portable/MemMang/heap_5.o
                0x00000000080093f0                vPortDefineHeapRegions
 .text.prvCopyDataToQueue
                0x00000000080094ec       0x76 src/FreeRTOS_Source/queue.o
 .text.prvCopyDataFromQueue
                0x0000000008009562       0x24 src/FreeRTOS_Source/queue.o
 .text.prvUnlockQueue
                0x0000000008009586       0x82 src/FreeRTOS_Source/queue.o
 .text.xQueueGenericReset
                0x0000000008009608       0x84 src/FreeRTOS_Source/queue.o
                0x0000000008009608                xQueueGenericReset
 .text.xQueueGenericCreate
                0x000000000800968c       0x48 src/FreeRTOS_Source/queue.o
                0x000000000800968c                xQueueGenericCreate
 .text.xQueueCreateCountingSemaphore
                0x00000000080096d4       0x3c src/FreeRTOS_Source/queue.o
                0x00000000080096d4                xQueueCreateCountingSemaphore
 .text.xQueueGenericSend
                0x0000000008009710      0x178 src/FreeRTOS_Source/queue.o
                0x0000000008009710                xQueueGenericSend
 .text.xQueueGiveFromISR
                0x0000000008009888       0xa4 src/FreeRTOS_Source/queue.o
                0x0000000008009888                xQueueGiveFromISR
 .text.xQueueGenericReceive
                0x000000000800992c      0x1a8 src/FreeRTOS_Source/queue.o
                0x000000000800992c                xQueueGenericReceive
 .text.uxQueueMessagesWaiting
                0x0000000008009ad4       0x24 src/FreeRTOS_Source/queue.o
                0x0000000008009ad4                uxQueueMessagesWaiting
 .text.vQueueAddToRegistry
                0x0000000008009af8       0x34 src/FreeRTOS_Source/queue.o
                0x0000000008009af8                vQueueAddToRegistry
 .text.vQueueUnregisterQueue
                0x0000000008009b2c       0x34 src/FreeRTOS_Source/queue.o
                0x0000000008009b2c                vQueueUnregisterQueue
 .text.vQueueDelete
                0x0000000008009b60       0x24 src/FreeRTOS_Source/queue.o
                0x0000000008009b60                vQueueDelete
 .text.prvResetNextTaskUnblockTime
                0x0000000008009b84       0x2c src/FreeRTOS_Source/tasks.o
 .text.prvAddCurrentTaskToDelayedList
                0x0000000008009bb0       0x98 src/FreeRTOS_Source/tasks.o
 .text.prvWriteNameToBuffer
                0x0000000008009c48       0x2c src/FreeRTOS_Source/tasks.o
 .text.xTaskCreate
                0x0000000008009c74      0x1d0 src/FreeRTOS_Source/tasks.o
                0x0000000008009c74                xTaskCreate
 .text.vTaskDelete
                0x0000000008009e44       0xe4 src/FreeRTOS_Source/tasks.o
                0x0000000008009e44                vTaskDelete
 .text.eTaskGetState
                0x0000000008009f28       0x80 src/FreeRTOS_Source/tasks.o
                0x0000000008009f28                eTaskGetState
 .text.vTaskStartScheduler
                0x0000000008009fa8       0x78 src/FreeRTOS_Source/tasks.o
                0x0000000008009fa8                vTaskStartScheduler
 .text.vTaskSuspendAll
                0x000000000800a020       0x10 src/FreeRTOS_Source/tasks.o
                0x000000000800a020                vTaskSuspendAll
 .text.xTaskGetTickCount
                0x000000000800a030        0xc src/FreeRTOS_Source/tasks.o
                0x000000000800a030                xTaskGetTickCount
 .text.pcTaskGetName
                0x000000000800a03c       0x28 src/FreeRTOS_Source/tasks.o
                0x000000000800a03c                pcTaskGetName
 .text.xTaskIncrementTick
                0x000000000800a064      0x170 src/FreeRTOS_Source/tasks.o
                0x000000000800a064                xTaskIncrementTick
 .text.xTaskResumeAll
                0x000000000800a1d4      0x100 src/FreeRTOS_Source/tasks.o
                0x000000000800a1d4                xTaskResumeAll
 .text.vTaskDelay
                0x000000000800a2d4       0x48 src/FreeRTOS_Source/tasks.o
                0x000000000800a2d4                vTaskDelay
 .text.prvIdleTask
                0x000000000800a31c       0x80 src/FreeRTOS_Source/tasks.o
 .text.vTaskSwitchContext
                0x000000000800a39c       0xe4 src/FreeRTOS_Source/tasks.o
                0x000000000800a39c                vTaskSwitchContext
 .text.vTaskPlaceOnEventList
                0x000000000800a480       0x34 src/FreeRTOS_Source/tasks.o
                0x000000000800a480                vTaskPlaceOnEventList
 .text.vTaskPlaceOnUnorderedEventList
                0x000000000800a4b4       0x54 src/FreeRTOS_Source/tasks.o
                0x000000000800a4b4                vTaskPlaceOnUnorderedEventList
 .text.xTaskRemoveFromEventList
                0x000000000800a508       0x88 src/FreeRTOS_Source/tasks.o
                0x000000000800a508                xTaskRemoveFromEventList
 .text.vTaskRemoveFromUnorderedEventList
                0x000000000800a590       0x88 src/FreeRTOS_Source/tasks.o
                0x000000000800a590                vTaskRemoveFromUnorderedEventList
 .text.vTaskSetTimeOutState
                0x000000000800a618       0x2c src/FreeRTOS_Source/tasks.o
                0x000000000800a618                vTaskSetTimeOutState
 .text.xTaskCheckForTimeOut
                0x000000000800a644       0x78 src/FreeRTOS_Source/tasks.o
                0x000000000800a644                xTaskCheckForTimeOut
 .text.vTaskMissedYield
                0x000000000800a6bc        0xc src/FreeRTOS_Source/tasks.o
                0x000000000800a6bc                vTaskMissedYield
 .text.pvTaskGetThreadLocalStoragePointer
                0x000000000800a6c8       0x1c src/FreeRTOS_Source/tasks.o
                0x000000000800a6c8                pvTaskGetThreadLocalStoragePointer
 .text.vTaskGetInfo
                0x000000000800a6e4       0x88 src/FreeRTOS_Source/tasks.o
                0x000000000800a6e4                vTaskGetInfo
 .text.prvListTasksWithinSingleList
                0x000000000800a76c       0x58 src/FreeRTOS_Source/tasks.o
 .text.uxTaskGetSystemState
                0x000000000800a7c4       0xb8 src/FreeRTOS_Source/tasks.o
                0x000000000800a7c4                uxTaskGetSystemState
 .text.xTaskGetCurrentTaskHandle
                0x000000000800a87c        0xc src/FreeRTOS_Source/tasks.o
                0x000000000800a87c                xTaskGetCurrentTaskHandle
 .text.xTaskGetSchedulerState
                0x000000000800a888       0x20 src/FreeRTOS_Source/tasks.o
                0x000000000800a888                xTaskGetSchedulerState
 .text.vTaskPriorityInherit
                0x000000000800a8a8       0x9c src/FreeRTOS_Source/tasks.o
                0x000000000800a8a8                vTaskPriorityInherit
 .text.xTaskPriorityDisinherit
                0x000000000800a944       0xac src/FreeRTOS_Source/tasks.o
                0x000000000800a944                xTaskPriorityDisinherit
 .text.vTaskList
                0x000000000800a9f0       0xf0 src/FreeRTOS_Source/tasks.o
                0x000000000800a9f0                vTaskList
 .text.vTaskGetRunTimeStats
                0x000000000800aae0       0xd8 src/FreeRTOS_Source/tasks.o
                0x000000000800aae0                vTaskGetRunTimeStats
 .text.uxTaskResetEventItemValue
                0x000000000800abb8       0x18 src/FreeRTOS_Source/tasks.o
                0x000000000800abb8                uxTaskResetEventItemValue
 .text.pvTaskIncrementMutexHeldCount
                0x000000000800abd0       0x1c src/FreeRTOS_Source/tasks.o
                0x000000000800abd0                pvTaskIncrementMutexHeldCount
 .text.ulTaskNotifyTake
                0x000000000800abec       0x78 src/FreeRTOS_Source/tasks.o
                0x000000000800abec                ulTaskNotifyTake
 .text.xTaskGenericNotify
                0x000000000800ac64       0xd4 src/FreeRTOS_Source/tasks.o
                0x000000000800ac64                xTaskGenericNotify
 .text.vTaskNotifyGiveFromISR
                0x000000000800ad38       0xc8 src/FreeRTOS_Source/tasks.o
                0x000000000800ad38                vTaskNotifyGiveFromISR
 .text.prvQueryHeapCommand
                0x000000000800ae00       0x34 src/Standard_Demos_and_Utils/FreeRTOS_Plus_CLI_Demos/Sample-CLI-commands.o
 .text.prvRunTimeStatsCommand
                0x000000000800ae34       0x30 src/Standard_Demos_and_Utils/FreeRTOS_Plus_CLI_Demos/Sample-CLI-commands.o
 .text.prvTaskStatsCommand
                0x000000000800ae64       0x58 src/Standard_Demos_and_Utils/FreeRTOS_Plus_CLI_Demos/Sample-CLI-commands.o
 .text.prvParameterEchoCommand
                0x000000000800aebc       0xa8 src/Standard_Demos_and_Utils/FreeRTOS_Plus_CLI_Demos/Sample-CLI-commands.o
 .text.prvThreeParameterEchoCommand
                0x000000000800af64       0xb8 src/Standard_Demos_and_Utils/FreeRTOS_Plus_CLI_Demos/Sample-CLI-commands.o
 .text.vRegisterSampleCLICommands
                0x000000000800b01c       0x38 src/Standard_Demos_and_Utils/FreeRTOS_Plus_CLI_Demos/Sample-CLI-commands.o
                0x000000000800b01c                vRegisterSampleCLICommands
 .text.prvNetStatCommand
                0x000000000800b054       0x1c src/Standard_Demos_and_Utils/FreeRTOS_Plus_CLI_Demos/TCP-related-CLI-commands.o
 .text.prvPingCommand
                0x000000000800b070       0xc0 src/Standard_Demos_and_Utils/FreeRTOS_Plus_CLI_Demos/TCP-related-CLI-commands.o
 .text.prvDisplayIPDebugStats
                0x000000000800b130       0x58 src/Standard_Demos_and_Utils/FreeRTOS_Plus_CLI_Demos/TCP-related-CLI-commands.o
 .text.prvDisplayIPConfig
                0x000000000800b188      0x11c src/Standard_Demos_and_Utils/FreeRTOS_Plus_CLI_Demos/TCP-related-CLI-commands.o
 .text.vRegisterTCPCLICommands
                0x000000000800b2a4       0x2c src/Standard_Demos_and_Utils/FreeRTOS_Plus_CLI_Demos/TCP-related-CLI-commands.o
                0x000000000800b2a4                vRegisterTCPCLICommands
 .text.prvUDPCommandInterpreterTask
                0x000000000800b2d0      0x188 src/Standard_Demos_and_Utils/FreeRTOS_Plus_CLI_Demos/UDPCommandConsole.o
 .text.vStartUDPCommandInterpreterTask
                0x000000000800b458       0x24 src/Standard_Demos_and_Utils/FreeRTOS_Plus_CLI_Demos/UDPCommandConsole.o
                0x000000000800b458                vStartUDPCommandInterpreterTask
 .text.prvConnectionListeningTask
                0x000000000800b47c       0xbc src/Standard_Demos_and_Utils/FreeRTOS_Plus_TCP_Demos/SimpleTCPEchoServer.o
 .text.prvServerConnectionInstance
                0x000000000800b538       0xc4 src/Standard_Demos_and_Utils/FreeRTOS_Plus_TCP_Demos/SimpleTCPEchoServer.o
 .text.vStartSimpleTCPServerTasks
                0x000000000800b5fc       0x2c src/Standard_Demos_and_Utils/FreeRTOS_Plus_TCP_Demos/SimpleTCPEchoServer.o
                0x000000000800b5fc                vStartSimpleTCPServerTasks
 .text.prvEchoClientTask
                0x000000000800b628      0x1ec src/Standard_Demos_and_Utils/FreeRTOS_Plus_TCP_Demos/TCPEchoClient_SingleTasks.o
 .text.vStartTCPEchoClientTasks_SingleTasks
                0x000000000800b814       0x24 src/Standard_Demos_and_Utils/FreeRTOS_Plus_TCP_Demos/TCPEchoClient_SingleTasks.o
                0x000000000800b814                vStartTCPEchoClientTasks_SingleTasks
 .text.prvIncrementEventCount
                0x000000000800b838        0x8 src/Standard_Demos_and_Utils/FreeRTOS_Plus_TCP_Demos/TraceMacros/Example1/DemoIPTrace.o
 .text.prvStoreLowest
                0x000000000800b840        0xa src/Standard_Demos_and_Utils/FreeRTOS_Plus_TCP_Demos/TraceMacros/Example1/DemoIPTrace.o
 .text.xExampleDebugStatEntries
                0x000000000800b84a        0x4 src/Standard_Demos_and_Utils/FreeRTOS_Plus_TCP_Demos/TraceMacros/Example1/DemoIPTrace.o
                0x000000000800b84a                xExampleDebugStatEntries
 *fill*         0x000000000800b84e        0x2 
 .text.vExampleDebugStatUpdate
                0x000000000800b850       0x48 src/Standard_Demos_and_Utils/FreeRTOS_Plus_TCP_Demos/TraceMacros/Example1/DemoIPTrace.o
                0x000000000800b850                vExampleDebugStatUpdate
 .text.prvLoggingTask
                0x000000000800b898      0x1b0 src/Standard_Demos_and_Utils/Utilities/UDPLoggingPrintf.o
 .text.lUDPLoggingPrintf
                0x000000000800ba48      0x150 src/Standard_Demos_and_Utils/Utilities/UDPLoggingPrintf.o
                0x000000000800ba48                lUDPLoggingPrintf
 .text.vUDPLoggingTaskCreate
                0x000000000800bb98       0x2c src/Standard_Demos_and_Utils/Utilities/UDPLoggingPrintf.o
                0x000000000800bb98                vUDPLoggingTaskCreate
 .text.strbuf_init
                0x000000000800bbc4       0x16 src/Standard_Demos_and_Utils/Utilities/printf-stdarg.o
 .text.strbuf_printchar
                0x000000000800bbda       0x44 src/Standard_Demos_and_Utils/Utilities/printf-stdarg.o
 *fill*         0x000000000800bc1e        0x2 
 .text.prints   0x000000000800bc20       0xf0 src/Standard_Demos_and_Utils/Utilities/printf-stdarg.o
 .text.printi   0x000000000800bd10       0xfe src/Standard_Demos_and_Utils/Utilities/printf-stdarg.o
 .text.sprintf  0x000000000800be0e       0x30 src/Standard_Demos_and_Utils/Utilities/printf-stdarg.o
                0x000000000800be0e                sprintf
 *fill*         0x000000000800be3e        0x2 
 .text.tiny_print
                0x000000000800be40      0x260 src/Standard_Demos_and_Utils/Utilities/printf-stdarg.o
 .text.vsnprintf
                0x000000000800c0a0       0x22 src/Standard_Demos_and_Utils/Utilities/printf-stdarg.o
                0x000000000800c0a0                vsnprintf
 .text.snprintf
                0x000000000800c0c2       0x2e src/Standard_Demos_and_Utils/Utilities/printf-stdarg.o
                0x000000000800c0c2                snprintf
 .text.TIM2_IRQHandler
                0x000000000800c0f0       0x2c src/hr_gettime.o
                0x000000000800c0f0                TIM2_IRQHandler
 .text.vStartHighResolutionTimer
                0x000000000800c11c       0x5c src/hr_gettime.o
                0x000000000800c11c                vStartHighResolutionTimer
 .text.ullGetHighResolutionTime
                0x000000000800c178       0x58 src/hr_gettime.o
                0x000000000800c178                ullGetHighResolutionTime
 .text.main     0x000000000800c1d0      0x15c src/main.o
                0x000000000800c1d0                main
 .text.vApplicationIdleHook
                0x000000000800c32c       0x34 src/main.o
                0x000000000800c32c                vApplicationIdleHook
 .text.vAssertCalled
                0x000000000800c360       0x5c src/main.o
                0x000000000800c360                vAssertCalled
 .text.vApplicationCardDetectChangeHookFromISR
                0x000000000800c3bc        0x2 src/main.o
                0x000000000800c3bc                vApplicationCardDetectChangeHookFromISR
 *fill*         0x000000000800c3be        0x2 
 .text.vApplicationIPNetworkEventHook
                0x000000000800c3c0      0x108 src/main.o
                0x000000000800c3c0                vApplicationIPNetworkEventHook
 .text.vApplicationMallocFailedHook
                0x000000000800c4c8       0x10 src/main.o
                0x000000000800c4c8                vApplicationMallocFailedHook
 .text.vApplicationStackOverflowHook
                0x000000000800c4d8       0x12 src/main.o
                0x000000000800c4d8                vApplicationStackOverflowHook
 *fill*         0x000000000800c4ea        0x2 
 .text.uxRand   0x000000000800c4ec       0x54 src/main.o
                0x000000000800c4ec                uxRand
 .text.vApplicationPingReplyHook
                0x000000000800c540        0x2 src/main.o
                0x000000000800c540                vApplicationPingReplyHook
 .text.vOutputChar
                0x000000000800c542        0x2 src/main.o
                0x000000000800c542                vOutputChar
 .text.pcApplicationHostnameHook
                0x000000000800c544        0x8 src/main.o
                0x000000000800c544                pcApplicationHostnameHook
 .text.xApplicationDNSQueryHook
                0x000000000800c54c       0x28 src/main.o
                0x000000000800c54c                xApplicationDNSQueryHook
 .text.xGetRunTimeCounterValue
                0x000000000800c574        0x8 src/main.o
                0x000000000800c574                xGetRunTimeCounterValue
 .text.vApplicationTickHook
                0x000000000800c57c        0x8 src/main.o
                0x000000000800c57c                vApplicationTickHook
 .text.HAL_ETH_MspInit
                0x000000000800c584       0xe4 src/main.o
                0x000000000800c584                HAL_ETH_MspInit
 .text.atol     0x000000000800c668        0x8 /usr/local/Atollic_TrueSTUDIO/ARMTools/bin/../lib/gcc/arm-atollic-eabi/6.3.1/../../../../arm-atollic-eabi/lib/armv7e-m/fpu/libc_nano.a(lib_a-atol.o)
                0x000000000800c668                atol
 .text.__libc_init_array
                0x000000000800c670       0x48 /usr/local/Atollic_TrueSTUDIO/ARMTools/bin/../lib/gcc/arm-atollic-eabi/6.3.1/../../../../arm-atollic-eabi/lib/armv7e-m/fpu/libc_nano.a(lib_a-init.o)
                0x000000000800c670                __libc_init_array
 .text.memcmp   0x000000000800c6b8       0x1e /usr/local/Atollic_TrueSTUDIO/ARMTools/bin/../lib/gcc/arm-atollic-eabi/6.3.1/../../../../arm-atollic-eabi/lib/armv7e-m/fpu/libc_nano.a(lib_a-memcmp.o)
                0x000000000800c6b8                memcmp
 .text.memcpy   0x000000000800c6d6       0x16 /usr/local/Atollic_TrueSTUDIO/ARMTools/bin/../lib/gcc/arm-atollic-eabi/6.3.1/../../../../arm-atollic-eabi/lib/armv7e-m/fpu/libc_nano.a(lib_a-memcpy-stub.o)
                0x000000000800c6d6                memcpy
 .text.memmove  0x000000000800c6ec       0x34 /usr/local/Atollic_TrueSTUDIO/ARMTools/bin/../lib/gcc/arm-atollic-eabi/6.3.1/../../../../arm-atollic-eabi/lib/armv7e-m/fpu/libc_nano.a(lib_a-memmove.o)
                0x000000000800c6ec                memmove
 .text.memset   0x000000000800c720       0x10 /usr/local/Atollic_TrueSTUDIO/ARMTools/bin/../lib/gcc/arm-atollic-eabi/6.3.1/../../../../arm-atollic-eabi/lib/armv7e-m/fpu/libc_nano.a(lib_a-memset.o)
                0x000000000800c720                memset
 .text.strcpy   0x000000000800c730       0x10 /usr/local/Atollic_TrueSTUDIO/ARMTools/bin/../lib/gcc/arm-atollic-eabi/6.3.1/../../../../arm-atollic-eabi/lib/armv7e-m/fpu/libc_nano.a(lib_a-strcpy.o)
                0x000000000800c730                strcpy
 .text.strncat  0x000000000800c740       0x28 /usr/local/Atollic_TrueSTUDIO/ARMTools/bin/../lib/gcc/arm-atollic-eabi/6.3.1/../../../../arm-atollic-eabi/lib/armv7e-m/fpu/libc_nano.a(lib_a-strncat.o)
                0x000000000800c740                strncat
 .text.strncmp  0x000000000800c768       0x24 /usr/local/Atollic_TrueSTUDIO/ARMTools/bin/../lib/gcc/arm-atollic-eabi/6.3.1/../../../../arm-atollic-eabi/lib/armv7e-m/fpu/libc_nano.a(lib_a-strncmp.o)
                0x000000000800c768                strncmp
 .text.strncpy  0x000000000800c78c       0x2a /usr/local/Atollic_TrueSTUDIO/ARMTools/bin/../lib/gcc/arm-atollic-eabi/6.3.1/../../../../arm-atollic-eabi/lib/armv7e-m/fpu/libc_nano.a(lib_a-strncpy.o)
                0x000000000800c78c                strncpy
 .text._strtol_l.isra.0
                0x000000000800c7b6      0x100 /usr/local/Atollic_TrueSTUDIO/ARMTools/bin/../lib/gcc/arm-atollic-eabi/6.3.1/../../../../arm-atollic-eabi/lib/armv7e-m/fpu/libc_nano.a(lib_a-strtol.o)
 *fill*         0x000000000800c8b6        0x2 
 .text.strtol   0x000000000800c8b8       0x2c /usr/local/Atollic_TrueSTUDIO/ARMTools/bin/../lib/gcc/arm-atollic-eabi/6.3.1/../../../../arm-atollic-eabi/lib/armv7e-m/fpu/libc_nano.a(lib_a-strtol.o)
                0x000000000800c8b8                strtol
 .text.__locale_ctype_ptr_l
                0x000000000800c8e4        0x6 /usr/local/Atollic_TrueSTUDIO/ARMTools/bin/../lib/gcc/arm-atollic-eabi/6.3.1/../../../../arm-atollic-eabi/lib/armv7e-m/fpu/libc_nano.a(lib_a-locale.o)
                0x000000000800c8e4                __locale_ctype_ptr_l
 .text.__ascii_mbtowc
                0x000000000800c8ea       0x24 /usr/local/Atollic_TrueSTUDIO/ARMTools/bin/../lib/gcc/arm-atollic-eabi/6.3.1/../../../../arm-atollic-eabi/lib/armv7e-m/fpu/libc_nano.a(lib_a-mbtowc_r.o)
                0x000000000800c8ea                __ascii_mbtowc
 .text.__ascii_wctomb
                0x000000000800c90e       0x1a /usr/local/Atollic_TrueSTUDIO/ARMTools/bin/../lib/gcc/arm-atollic-eabi/6.3.1/../../../../arm-atollic-eabi/lib/armv7e-m/fpu/libc_nano.a(lib_a-wctomb_r.o)
                0x000000000800c90e                __ascii_wctomb
 *(.glue_7)
 .glue_7        0x000000000800c928        0x0 linker stubs
 *(.glue_7t)
 .glue_7t       0x000000000800c928        0x0 linker stubs
 *(.eh_frame)
 .eh_frame      0x000000000800c928        0x0 /usr/local/Atollic_TrueSTUDIO/ARMTools/bin/../lib/gcc/arm-atollic-eabi/6.3.1/armv7e-m/fpu/crtbegin.o
 *(.init)
 .init          0x000000000800c928        0x4 /usr/local/Atollic_TrueSTUDIO/ARMTools/bin/../lib/gcc/arm-atollic-eabi/6.3.1/armv7e-m/fpu/crti.o
                0x000000000800c928                _init
 .init          0x000000000800c92c        0x8 /usr/local/Atollic_TrueSTUDIO/ARMTools/bin/../lib/gcc/arm-atollic-eabi/6.3.1/armv7e-m/fpu/crtn.o
 *(.fini)
 .fini          0x000000000800c934        0x4 /usr/local/Atollic_TrueSTUDIO/ARMTools/bin/../lib/gcc/arm-atollic-eabi/6.3.1/armv7e-m/fpu/crti.o
                0x000000000800c934                _fini
 .fini          0x000000000800c938        0x8 /usr/local/Atollic_TrueSTUDIO/ARMTools/bin/../lib/gcc/arm-atollic-eabi/6.3.1/armv7e-m/fpu/crtn.o
                0x000000000800c940                . = ALIGN (0x4)
                0x000000000800c940                _etext = .

.vfp11_veneer   0x000000000800c940        0x0
 .vfp11_veneer  0x000000000800c940        0x0 linker stubs

.v4_bx          0x000000000800c940        0x0
 .v4_bx         0x000000000800c940        0x0 linker stubs

.iplt           0x000000000800c940        0x0
 .iplt          0x000000000800c940        0x0 /usr/local/Atollic_TrueSTUDIO/ARMTools/bin/../lib/gcc/arm-atollic-eabi/6.3.1/armv7e-m/fpu/crtbegin.o

.rodata         0x000000000800c940     0x15b4
                0x000000000800c940                . = ALIGN (0x4)
 *(.rodata)
 *(.rodata*)
 .rodata.HAL_ETH_ReadPHYRegister.str1.4
                0x000000000800c940        0xd src/Drivers/STM32F4xx_HAL_Driver/Src/stm32f4xx_hal_eth.o
 *fill*         0x000000000800c94d        0x3 
 .rodata.HAL_ETH_WritePHYRegister.str1.4
                0x000000000800c950        0xe src/Drivers/STM32F4xx_HAL_Driver/Src/stm32f4xx_hal_eth.o
 *fill*         0x000000000800c95e        0x2 
 .rodata.APBAHBPrescTable
                0x000000000800c960       0x10 src/Drivers/STM32F4xx_HAL_Driver/Src/stm32f4xx_hal_rcc.o
                0x000000000800c960                APBAHBPrescTable
 .rodata.FreeRTOS_CLIProcessCommand.str1.4
                0x000000000800c970       0xa8 src/FreeRTOS+CLI/FreeRTOS_CLI.o
 .rodata.FreeRTOS_CLIRegisterCommand.str1.4
                0x000000000800ca18       0x31 src/FreeRTOS+CLI/FreeRTOS_CLI.o
 *fill*         0x000000000800ca49        0x3 
 .rodata.str1.4
                0x000000000800ca4c       0x38 src/FreeRTOS+CLI/FreeRTOS_CLI.o
 .rodata.xHelpCommand
                0x000000000800ca84       0x10 src/FreeRTOS+CLI/FreeRTOS_CLI.o
 .rodata.xDefaultPartARPPacketHeader
                0x000000000800ca94       0x26 src/FreeRTOS+TCP/FreeRTOS_ARP.o
 *fill*         0x000000000800caba        0x2 
 .rodata.prvProcessDHCPReplies.str1.4
                0x000000000800cabc       0x1b src/FreeRTOS+TCP/FreeRTOS_DHCP.o
 *fill*         0x000000000800cad7        0x1 
 .rodata.ucDHCPDiscoverOptions.7320
                0x000000000800cad8       0x11 src/FreeRTOS+TCP/FreeRTOS_DHCP.o
 *fill*         0x000000000800cae9        0x3 
 .rodata.ucDHCPRequestOptions.7313
                0x000000000800caec       0x18 src/FreeRTOS+TCP/FreeRTOS_DHCP.o
 .rodata.xDefaultPartDNSHeader.7328
                0x000000000800cb04        0xc src/FreeRTOS+TCP/FreeRTOS_DNS.o
 .rodata.xLLMNR_MacAdress
                0x000000000800cb10        0x6 src/FreeRTOS+TCP/FreeRTOS_DNS.o
                0x000000000800cb10                xLLMNR_MacAdress
 *fill*         0x000000000800cb16        0x2 
 .rodata.FreeRTOS_IPInit.str1.4
                0x000000000800cb18       0x40 src/FreeRTOS+TCP/FreeRTOS_IP.o
 .rodata.xBroadcastMACAddress
                0x000000000800cb58        0x6 src/FreeRTOS+TCP/FreeRTOS_IP.o
                0x000000000800cb58                xBroadcastMACAddress
 *fill*         0x000000000800cb5e        0x2 
 .rodata.xNetworkDownEvent.8118
                0x000000000800cb60        0x8 src/FreeRTOS+TCP/FreeRTOS_IP.o
 .rodata.FreeRTOS_socket.str1.4
                0x000000000800cb68       0x35 src/FreeRTOS+TCP/FreeRTOS_Sockets.o
 *fill*         0x000000000800cb9d        0x3 
 .rodata.vTCPNetStat.str1.4
                0x000000000800cba0       0xe7 src/FreeRTOS+TCP/FreeRTOS_Sockets.o
 *fill*         0x000000000800cc87        0x1 
 .rodata.pcStateNames
                0x000000000800cc88       0x34 src/FreeRTOS+TCP/FreeRTOS_TCP_IP.o
 .rodata.str1.4
                0x000000000800ccbc       0xa1 src/FreeRTOS+TCP/FreeRTOS_TCP_IP.o
 *fill*         0x000000000800cd5d        0x3 
 .rodata.vTCPStateChange.str1.4
                0x000000000800cd60       0x34 src/FreeRTOS+TCP/FreeRTOS_TCP_IP.o
 .rodata.xProcessReceivedTCPPacket.str1.4
                0x000000000800cd94       0x32 src/FreeRTOS+TCP/FreeRTOS_TCP_IP.o
                                         0x36 (size before relaxing)
 *fill*         0x000000000800cdc6        0x2 
 .rodata.xTCPWindowNew.str1.4
                0x000000000800cdc8       0x35 src/FreeRTOS+TCP/FreeRTOS_TCP_WIN.o
 *fill*         0x000000000800cdfd        0x3 
 .rodata.xBufferAllocFixedSize
                0x000000000800ce00        0x4 src/FreeRTOS+TCP/portable/BufferManagement/BufferAllocation_2.o
                0x000000000800ce00                xBufferAllocFixedSize
 .rodata.xNetworkBuffersInitialise.str1.4
                0x000000000800ce04       0x5e src/FreeRTOS+TCP/portable/BufferManagement/BufferAllocation_2.o
 *fill*         0x000000000800ce62        0x2 
 .rodata.prvEMACHandlerTask.str1.4
                0x000000000800ce64       0x47 src/FreeRTOS+TCP/portable/NetworkInterface/STM32Fxx/NetworkInterface.o
 *fill*         0x000000000800ceab        0x1 
 .rodata.prvEthernetUpdateConfig.str1.4
                0x000000000800ceac       0x9c src/FreeRTOS+TCP/portable/NetworkInterface/STM32Fxx/NetworkInterface.o
 .rodata.prvNetworkInterfaceInput.str1.4
                0x000000000800cf48       0x6e src/FreeRTOS+TCP/portable/NetworkInterface/STM32Fxx/NetworkInterface.o
 *fill*         0x000000000800cfb6        0x2 
 .rodata.vMACBProbePhy.str1.4
                0x000000000800cfb8       0x59 src/FreeRTOS+TCP/portable/NetworkInterface/STM32Fxx/NetworkInterface.o
 *fill*         0x000000000800d011        0x3 
 .rodata.xNetworkInterfaceInitialise.str1.4
                0x000000000800d014        0x5 src/FreeRTOS+TCP/portable/NetworkInterface/STM32Fxx/NetworkInterface.o
 *fill*         0x000000000800d019        0x3 
 .rodata.xEventGroupWaitBits.str1.4
                0x000000000800d01c       0x2b src/FreeRTOS_Source/event_groups.o
 *fill*         0x000000000800d047        0x1 
 .rodata.vPortEndScheduler.str1.4
                0x000000000800d048       0x39 src/FreeRTOS_Source/portable/GCC/ARM_CM4F/port.o
 *fill*         0x000000000800d081        0x3 
 .rodata.pvPortMalloc.str1.4
                0x000000000800d084       0x36 src/FreeRTOS_Source/portable/MemMang/heap_5.o
 *fill*         0x000000000800d0ba        0x2 
 .rodata.xQueueGenericReset.str1.4
                0x000000000800d0bc       0x24 src/FreeRTOS_Source/queue.o
 .rodata.prvTaskIsTaskSuspended.str1.4
                0x000000000800d0e0       0x24 src/FreeRTOS_Source/tasks.o
 .rodata.vTaskGetRunTimeStats.str1.4
                0x000000000800d104       0x18 src/FreeRTOS_Source/tasks.o
 .rodata.vTaskList.str1.4
                0x000000000800d11c        0xf src/FreeRTOS_Source/tasks.o
 *fill*         0x000000000800d12b        0x1 
 .rodata.vTaskStartScheduler.str1.4
                0x000000000800d12c        0x5 src/FreeRTOS_Source/tasks.o
 *fill*         0x000000000800d131        0x3 
 .rodata.prvParameterEchoCommand.str1.4
                0x000000000800d134       0x1d src/Standard_Demos_and_Utils/FreeRTOS_Plus_CLI_Demos/Sample-CLI-commands.o
                                         0x23 (size before relaxing)
 *fill*         0x000000000800d151        0x3 
 .rodata.prvQueryHeapCommand.str1.4
                0x000000000800d154       0x7a src/Standard_Demos_and_Utils/FreeRTOS_Plus_CLI_Demos/Sample-CLI-commands.o
 *fill*         0x000000000800d1ce        0x2 
 .rodata.prvRunTimeStatsCommand.str1.4
                0x000000000800d1d0       0x51 src/Standard_Demos_and_Utils/FreeRTOS_Plus_CLI_Demos/Sample-CLI-commands.o
 *fill*         0x000000000800d221        0x3 
 .rodata.prvTaskStatsCommand.str1.4
                0x000000000800d224       0x54 src/Standard_Demos_and_Utils/FreeRTOS_Plus_CLI_Demos/Sample-CLI-commands.o
 .rodata.prvThreeParameterEchoCommand.str1.4
                0x000000000800d278       0x1d src/Standard_Demos_and_Utils/FreeRTOS_Plus_CLI_Demos/Sample-CLI-commands.o
 *fill*         0x000000000800d295        0x3 
 .rodata.str1.4
                0x000000000800d298      0x208 src/Standard_Demos_and_Utils/FreeRTOS_Plus_CLI_Demos/Sample-CLI-commands.o
 .rodata.xParameterEcho
                0x000000000800d4a0       0x10 src/Standard_Demos_and_Utils/FreeRTOS_Plus_CLI_Demos/Sample-CLI-commands.o
 .rodata.xQueryHeap
                0x000000000800d4b0       0x10 src/Standard_Demos_and_Utils/FreeRTOS_Plus_CLI_Demos/Sample-CLI-commands.o
 .rodata.xRunTimeStats
                0x000000000800d4c0       0x10 src/Standard_Demos_and_Utils/FreeRTOS_Plus_CLI_Demos/Sample-CLI-commands.o
 .rodata.xTaskStats
                0x000000000800d4d0       0x10 src/Standard_Demos_and_Utils/FreeRTOS_Plus_CLI_Demos/Sample-CLI-commands.o
 .rodata.xThreeParameterEcho
                0x000000000800d4e0       0x10 src/Standard_Demos_and_Utils/FreeRTOS_Plus_CLI_Demos/Sample-CLI-commands.o
 .rodata.prvDisplayIPConfig.str1.4
                0x000000000800d4f0       0x4d src/Standard_Demos_and_Utils/FreeRTOS_Plus_CLI_Demos/TCP-related-CLI-commands.o
 *fill*         0x000000000800d53d        0x3 
 .rodata.prvDisplayIPDebugStats.str1.4
                0x000000000800d540        0x8 src/Standard_Demos_and_Utils/FreeRTOS_Plus_CLI_Demos/TCP-related-CLI-commands.o
 .rodata.prvNetStatCommand.str1.4
                0x000000000800d548       0x3a src/Standard_Demos_and_Utils/FreeRTOS_Plus_CLI_Demos/TCP-related-CLI-commands.o
 *fill*         0x000000000800d582        0x2 
 .rodata.prvPingCommand.str1.4
                0x000000000800d584       0x91 src/Standard_Demos_and_Utils/FreeRTOS_Plus_CLI_Demos/TCP-related-CLI-commands.o
 *fill*         0x000000000800d615        0x3 
 .rodata.str1.4
                0x000000000800d618      0x14f src/Standard_Demos_and_Utils/FreeRTOS_Plus_CLI_Demos/TCP-related-CLI-commands.o
 *fill*         0x000000000800d767        0x1 
 .rodata.xIPConfig
                0x000000000800d768       0x10 src/Standard_Demos_and_Utils/FreeRTOS_Plus_CLI_Demos/TCP-related-CLI-commands.o
 .rodata.xIPDebugStats
                0x000000000800d778       0x10 src/Standard_Demos_and_Utils/FreeRTOS_Plus_CLI_Demos/TCP-related-CLI-commands.o
 .rodata.xNetStats
                0x000000000800d788       0x10 src/Standard_Demos_and_Utils/FreeRTOS_Plus_CLI_Demos/TCP-related-CLI-commands.o
 .rodata.xPing  0x000000000800d798       0x10 src/Standard_Demos_and_Utils/FreeRTOS_Plus_CLI_Demos/TCP-related-CLI-commands.o
 .rodata.prvUDPCommandInterpreterTask.str1.4
                0x000000000800d7a8       0x39 src/Standard_Demos_and_Utils/FreeRTOS_Plus_CLI_Demos/UDPCommandConsole.o
                                         0x3d (size before relaxing)
 *fill*         0x000000000800d7e1        0x3 
 .rodata.vStartUDPCommandInterpreterTask.str1.4
                0x000000000800d7e4        0x8 src/Standard_Demos_and_Utils/FreeRTOS_Plus_CLI_Demos/UDPCommandConsole.o
 .rodata.prvConnectionListeningTask.str1.4
                0x000000000800d7ec       0x47 src/Standard_Demos_and_Utils/FreeRTOS_Plus_TCP_Demos/SimpleTCPEchoServer.o
 *fill*         0x000000000800d833        0x1 
 .rodata.vStartSimpleTCPServerTasks.str1.4
                0x000000000800d834        0xf src/Standard_Demos_and_Utils/FreeRTOS_Plus_TCP_Demos/SimpleTCPEchoServer.o
 *fill*         0x000000000800d843        0x1 
 .rodata.xReceiveTimeOut.7330
                0x000000000800d844        0x4 src/Standard_Demos_and_Utils/FreeRTOS_Plus_TCP_Demos/SimpleTCPEchoServer.o
 .rodata.xReceiveTimeOut.7341
                0x000000000800d848        0x4 src/Standard_Demos_and_Utils/FreeRTOS_Plus_TCP_Demos/SimpleTCPEchoServer.o
 .rodata.xSendTimeOut.7342
                0x000000000800d84c        0x4 src/Standard_Demos_and_Utils/FreeRTOS_Plus_TCP_Demos/SimpleTCPEchoServer.o
 .rodata.prvEchoClientTask.str1.4
                0x000000000800d850       0x5b src/Standard_Demos_and_Utils/FreeRTOS_Plus_TCP_Demos/TCPEchoClient_SingleTasks.o
 *fill*         0x000000000800d8ab        0x1 
 .rodata.vStartTCPEchoClientTasks_SingleTasks.str1.4
                0x000000000800d8ac        0x6 src/Standard_Demos_and_Utils/FreeRTOS_Plus_TCP_Demos/TCPEchoClient_SingleTasks.o
 *fill*         0x000000000800d8b2        0x2 
 .rodata.xReceiveTimeOut
                0x000000000800d8b4        0x4 src/Standard_Demos_and_Utils/FreeRTOS_Plus_TCP_Demos/TCPEchoClient_SingleTasks.o
 .rodata.xSendTimeOut
                0x000000000800d8b8        0x4 src/Standard_Demos_and_Utils/FreeRTOS_Plus_TCP_Demos/TCPEchoClient_SingleTasks.o
 .rodata.str1.4
                0x000000000800d8bc      0x347 src/Standard_Demos_and_Utils/FreeRTOS_Plus_TCP_Demos/TraceMacros/Example1/DemoIPTrace.o
 *fill*         0x000000000800dc03        0x1 
 .rodata.vExampleDebugStatUpdate.str1.4
                0x000000000800dc04       0x48 src/Standard_Demos_and_Utils/FreeRTOS_Plus_TCP_Demos/TraceMacros/Example1/DemoIPTrace.o
 .rodata.lUDPLoggingPrintf.str1.4
                0x000000000800dc4c       0x43 src/Standard_Demos_and_Utils/Utilities/UDPLoggingPrintf.o
 *fill*         0x000000000800dc8f        0x1 
 .rodata.prvLoggingTask.str1.4
                0x000000000800dc90        0xf src/Standard_Demos_and_Utils/Utilities/UDPLoggingPrintf.o
 *fill*         0x000000000800dc9f        0x1 
 .rodata.vUDPLoggingTaskCreate.str1.4
                0x000000000800dca0        0x8 src/Standard_Demos_and_Utils/Utilities/UDPLoggingPrintf.o
 .rodata.tiny_print.str1.4
                0x000000000800dca8        0x7 src/Standard_Demos_and_Utils/Utilities/printf-stdarg.o
                                         0x14 (size before relaxing)
 *fill*         0x000000000800dcaf        0x1 
 .rodata.main.str1.4
                0x000000000800dcb0       0x11 src/main.o
 *fill*         0x000000000800dcc1        0x3 
 .rodata.pcApplicationHostnameHook.str1.4
                0x000000000800dcc4        0x9 src/main.o
 *fill*         0x000000000800dccd        0x3 
 .rodata.ucDNSServerAddress
                0x000000000800dcd0        0x4 src/main.o
 .rodata.ucGatewayAddress
                0x000000000800dcd4        0x4 src/main.o
 .rodata.ucIPAddress
                0x000000000800dcd8        0x4 src/main.o
 .rodata.ucMACAddress
                0x000000000800dcdc        0x6 src/main.o
                0x000000000800dcdc                ucMACAddress
 *fill*         0x000000000800dce2        0x2 
 .rodata.ucNetMask
                0x000000000800dce4        0x4 src/main.o
 .rodata.vApplicationIPNetworkEventHook.str1.4
                0x000000000800dce8       0x80 src/main.o
                                         0x8c (size before relaxing)
 .rodata.vAssertCalled.str1.4
                0x000000000800dd68       0x18 src/main.o
 .rodata.xApplicationDNSQueryHook.str1.4
                0x000000000800dd80        0x8 src/main.o
                                          0x6 (size before relaxing)
 .rodata._setlocale_r.str1.1
                0x000000000800dd88        0x8 /usr/local/Atollic_TrueSTUDIO/ARMTools/bin/../lib/gcc/arm-atollic-eabi/6.3.1/../../../../arm-atollic-eabi/lib/armv7e-m/fpu/libc_nano.a(lib_a-locale.o)
                                          0x9 (size before relaxing)
 .rodata.str1.1
                0x000000000800dd90        0x2 /usr/local/Atollic_TrueSTUDIO/ARMTools/bin/../lib/gcc/arm-atollic-eabi/6.3.1/../../../../arm-atollic-eabi/lib/armv7e-m/fpu/libc_nano.a(lib_a-locale.o)
 .rodata._ctype_
                0x000000000800dd92      0x101 /usr/local/Atollic_TrueSTUDIO/ARMTools/bin/../lib/gcc/arm-atollic-eabi/6.3.1/../../../../arm-atollic-eabi/lib/armv7e-m/fpu/libc_nano.a(lib_a-ctype_.o)
                0x000000000800dd92                _ctype_
 *fill*         0x000000000800de93        0x1 
 .rodata.__sf_fake_stderr
                0x000000000800de94       0x20 /usr/local/Atollic_TrueSTUDIO/ARMTools/bin/../lib/gcc/arm-atollic-eabi/6.3.1/../../../../arm-atollic-eabi/lib/armv7e-m/fpu/libc_nano.a(lib_a-findfp.o)
                0x000000000800de94                __sf_fake_stderr
 .rodata.__sf_fake_stdin
                0x000000000800deb4       0x20 /usr/local/Atollic_TrueSTUDIO/ARMTools/bin/../lib/gcc/arm-atollic-eabi/6.3.1/../../../../arm-atollic-eabi/lib/armv7e-m/fpu/libc_nano.a(lib_a-findfp.o)
                0x000000000800deb4                __sf_fake_stdin
 .rodata.__sf_fake_stdout
                0x000000000800ded4       0x20 /usr/local/Atollic_TrueSTUDIO/ARMTools/bin/../lib/gcc/arm-atollic-eabi/6.3.1/../../../../arm-atollic-eabi/lib/armv7e-m/fpu/libc_nano.a(lib_a-findfp.o)
                0x000000000800ded4                __sf_fake_stdout
                0x000000000800def4                . = ALIGN (0x4)

.ARM.extab
 *(.ARM.extab* .gnu.linkonce.armextab.*)

.ARM            0x000000000800def4        0x8
                0x000000000800def4                __exidx_start = .
 *(.ARM.exidx*)
 .ARM.exidx     0x000000000800def4        0x8 /usr/local/Atollic_TrueSTUDIO/ARMTools/bin/../lib/gcc/arm-atollic-eabi/6.3.1/armv7e-m/fpu/libgcc.a(_udivmoddi4.o)
                0x000000000800defc                __exidx_end = .

.rel.dyn        0x000000000800defc        0x0
 .rel.iplt      0x000000000800defc        0x0 /usr/local/Atollic_TrueSTUDIO/ARMTools/bin/../lib/gcc/arm-atollic-eabi/6.3.1/armv7e-m/fpu/crtbegin.o

.preinit_array  0x000000000800defc        0x0
                0x000000000800defc                PROVIDE (__preinit_array_start, .)
 *(.preinit_array*)
                0x000000000800defc                PROVIDE (__preinit_array_end, .)

.init_array     0x000000000800defc        0x4
                0x000000000800defc                PROVIDE (__init_array_start, .)
 *(SORT(.init_array.*))
 *(.init_array*)
 .init_array    0x000000000800defc        0x4 /usr/local/Atollic_TrueSTUDIO/ARMTools/bin/../lib/gcc/arm-atollic-eabi/6.3.1/armv7e-m/fpu/crtbegin.o
                0x000000000800df00                PROVIDE (__init_array_end, .)

.fini_array     0x000000000800df00        0x4
                [!provide]                        PROVIDE (__fini_array_start, .)
 *(SORT(.fini_array.*))
 *(.fini_array*)
 .fini_array    0x000000000800df00        0x4 /usr/local/Atollic_TrueSTUDIO/ARMTools/bin/../lib/gcc/arm-atollic-eabi/6.3.1/armv7e-m/fpu/crtbegin.o
                [!provide]                        PROVIDE (__fini_array_end, .)
                0x000000000800df04                _sidata = LOADADDR (.data)

.data           0x0000000020000000      0x348 load address 0x000000000800df04
                0x0000000020000000                . = ALIGN (0x4)
                0x0000000020000000                _sdata = .
 *(.data)
 *(.data*)
 .data.SystemCoreClock
                0x0000000020000000        0x4 src/Drivers/CMSIS/Device/ST/STM32F4xx/Source/Templates/system_stm32f4xx.o
                0x0000000020000000                SystemCoreClock
 .data.pxLastCommandInList.6044
                0x0000000020000004        0x4 src/FreeRTOS+CLI/FreeRTOS_CLI.o
 .data.xRegisteredCommands
                0x0000000020000008        0x8 src/FreeRTOS+CLI/FreeRTOS_CLI.o
 .data.xDefaultPartUDPPacketHeader
                0x0000000020000010       0x18 src/FreeRTOS+TCP/FreeRTOS_UDP_IP.o
                0x0000000020000010                xDefaultPartUDPPacketHeader
 .data.uxCriticalNesting
                0x0000000020000028        0x4 src/FreeRTOS_Source/portable/GCC/ARM_CM4F/port.o
 .data.xIndex.7669
                0x000000002000002c        0x4 src/Standard_Demos_and_Utils/FreeRTOS_Plus_CLI_Demos/TCP-related-CLI-commands.o
 .data.xSocket  0x0000000020000030        0x4 src/Standard_Demos_and_Utils/FreeRTOS_Plus_CLI_Demos/UDPCommandConsole.o
 .data.xIPTraceValues
                0x0000000020000034      0x140 src/Standard_Demos_and_Utils/FreeRTOS_Plus_TCP_Demos/TraceMacros/Example1/DemoIPTrace.o
                0x0000000020000034                xIPTraceValues
 .data.xUDPLoggingSocket
                0x0000000020000174        0x4 src/Standard_Demos_and_Utils/Utilities/UDPLoggingPrintf.o
 .data._impure_ptr
                0x0000000020000178        0x4 /usr/local/Atollic_TrueSTUDIO/ARMTools/bin/../lib/gcc/arm-atollic-eabi/6.3.1/../../../../arm-atollic-eabi/lib/armv7e-m/fpu/libc_nano.a(lib_a-impure.o)
                0x0000000020000178                _impure_ptr
 .data.impure_data
                0x000000002000017c       0x60 /usr/local/Atollic_TrueSTUDIO/ARMTools/bin/../lib/gcc/arm-atollic-eabi/6.3.1/../../../../arm-atollic-eabi/lib/armv7e-m/fpu/libc_nano.a(lib_a-impure.o)
 .data.__global_locale
                0x00000000200001dc      0x16c /usr/local/Atollic_TrueSTUDIO/ARMTools/bin/../lib/gcc/arm-atollic-eabi/6.3.1/../../../../arm-atollic-eabi/lib/armv7e-m/fpu/libc_nano.a(lib_a-locale.o)
                0x00000000200001dc                __global_locale
                0x0000000020000348                . = ALIGN (0x4)
                0x0000000020000348                _edata = .
                0x000000000800e24c                _siccmram = LOADADDR (.ccmram)

.igot.plt       0x0000000020000348        0x0 load address 0x000000000800e24c
 .igot.plt      0x0000000020000348        0x0 /usr/local/Atollic_TrueSTUDIO/ARMTools/bin/../lib/gcc/arm-atollic-eabi/6.3.1/armv7e-m/fpu/crtbegin.o

.ccmram         0x0000000010000000        0x0 load address 0x000000000800e24c
                0x0000000010000000                . = ALIGN (0x4)
                0x0000000010000000                _sccmram = .
 *(.ccmram)
 *(.ccmram*)
                0x0000000010000000                . = ALIGN (0x4)
                0x0000000010000000                _eccmram = .
                0x0000000010000000                . = ALIGN (0x4)
