ff_sddisk.c:935:20:prvSDCodePrintable	8	static
ff_sddisk.c:210:16:prvFFRead	56	static
ff_sddisk.c:300:16:prvFFWrite	48	static
ff_sddisk.c:1099:18:prvEventWaitFunction	8	static
ff_sddisk.c:1086:14:prvEventSetupFunction	8	static
ff_sddisk.c:823:19:prvSDMMCInit	72	static
ff_sddisk.c:386:6:FF_SDDiskFlush	8	static
ff_sddisk.c:567:12:FF_SDDiskUnmount	8	static
ff_sddisk.c:592:12:FF_SDDiskReinit	8	static
ff_sddisk.c:604:12:FF_SDDiskMount	8	static
ff_sddisk.c:628:17:sddisk_ioman	0	static
ff_sddisk.c:645:12:FF_SDDiskDelete	8	static
ff_sddisk.c:666:12:FF_SDDiskShowPartition	40	static
ff_sddisk.c:441:12:FF_SDDiskInit	56	static
ff_sddisk.c:529:12:FF_SDDiskFormat	16	static
ff_sddisk.c:762:12:FF_SDDiskDetect	8	static
ff_sddisk.c:1033:7:SDIO_IRQHandler	16	static
ff_sddisk.c:1050:7:DMA2_Stream6_IRQHandler	16	static
ff_sddisk.c:1068:7:DMA2_Stream3_IRQHandler	16	static
ff_sddisk.c:1138:6:HAL_GPIO_EXTI_Callback	16	static
ff_sddisk.c:1150:6:EXTI15_10_IRQHandler	8	static
