stm32f4xx_hal_sd.c:3009:28:SD_CmdResp2Error	0	static
stm32f4xx_hal_sd.c:2826:28:SD_CmdResp1Error	16	static
stm32f4xx_hal_sd.c:3390:28:SD_IsCardProgramming	40	static
stm32f4xx_hal_sd.c:3268:28:SD_FindSCR	80	static
stm32f4xx_hal_sd.c:427:13:HAL_SD_MspInit	0	static
stm32f4xx_hal_sd.c:439:13:HAL_SD_MspDeInit	0	static
stm32f4xx_hal_sd.c:409:19:HAL_SD_DeInit	8	static
stm32f4xx_hal_sd.c:894:21:HAL_SD_ReadBlocks_DMA	80	static
stm32f4xx_hal_sd.c:1012:21:HAL_SD_WriteBlocks_DMA	56	static
stm32f4xx_hal_sd.c:1318:21:HAL_SD_Erase	56	static
stm32f4xx_hal_sd.c:1495:13:HAL_SD_XferCpltCallback	0	static
stm32f4xx_hal_sd.c:1507:13:HAL_SD_XferErrorCallback	0	static
stm32f4xx_hal_sd.c:1422:6:HAL_SD_IRQHandler	8	static
stm32f4xx_hal_sd.c:1520:13:HAL_SD_DMA_RxCpltCallback	0	static
stm32f4xx_hal_sd.c:2312:13:SD_DMA_RxCplt	8	static
stm32f4xx_hal_sd.c:1533:13:HAL_SD_DMA_RxErrorCallback	0	static
stm32f4xx_hal_sd.c:2337:13:SD_DMA_RxError	8	static
stm32f4xx_hal_sd.c:1546:13:HAL_SD_DMA_TxCpltCallback	0	static
stm32f4xx_hal_sd.c:2351:13:SD_DMA_TxCplt	8	static
stm32f4xx_hal_sd.c:1559:13:HAL_SD_DMA_TxErrorCallback	0	static
stm32f4xx_hal_sd.c:2376:13:SD_DMA_TxError	8	static
stm32f4xx_hal_sd.c:1592:21:HAL_SD_Get_CardInfo	20	static
stm32f4xx_hal_sd.c:346:21:HAL_SD_Init	104	static
stm32f4xx_hal_sd.c:1808:21:HAL_SD_WideBusOperation_Config	88	static
stm32f4xx_hal_sd.c:1862:21:HAL_SD_StopTransfer	40	static
stm32f4xx_hal_sd.c:476:21:HAL_SD_ReadBlocks	80	static
stm32f4xx_hal_sd.c:660:21:HAL_SD_WriteBlocks	56	static
stm32f4xx_hal_sd.c:1145:21:HAL_SD_CheckReadOperation	24	static
stm32f4xx_hal_sd.c:1889:21:HAL_SD_HighSpeed	152	static
stm32f4xx_hal_sd.c:2052:21:HAL_SD_SendSDStatus	80	static
stm32f4xx_hal_sd.c:2188:29:HAL_SD_GetStatus	40	static
stm32f4xx_hal_sd.c:1229:21:HAL_SD_CheckWriteOperation	24	static
stm32f4xx_hal_sd.c:2217:21:HAL_SD_GetCardStatus	72	static
